Archive member included to satisfy reference by file (symbol)

/usr/lib/gcc/arm-none-eabi/6.3.1/../../../arm-none-eabi/lib/thumb/v7-m/libc.a(lib_a-atexit.o)
                              /usr/lib/gcc/arm-none-eabi/6.3.1/../../../arm-none-eabi/lib/thumb/v7-m/crt0.o (atexit)
/usr/lib/gcc/arm-none-eabi/6.3.1/../../../arm-none-eabi/lib/thumb/v7-m/libc.a(lib_a-exit.o)
                              /usr/lib/gcc/arm-none-eabi/6.3.1/../../../arm-none-eabi/lib/thumb/v7-m/crt0.o (exit)
/usr/lib/gcc/arm-none-eabi/6.3.1/../../../arm-none-eabi/lib/thumb/v7-m/libc.a(lib_a-fini.o)
                              /usr/lib/gcc/arm-none-eabi/6.3.1/../../../arm-none-eabi/lib/thumb/v7-m/crt0.o (__libc_fini_array)
/usr/lib/gcc/arm-none-eabi/6.3.1/../../../arm-none-eabi/lib/thumb/v7-m/libc.a(lib_a-impure.o)
                              /usr/lib/gcc/arm-none-eabi/6.3.1/../../../arm-none-eabi/lib/thumb/v7-m/libc.a(lib_a-exit.o) (_global_impure_ptr)
/usr/lib/gcc/arm-none-eabi/6.3.1/../../../arm-none-eabi/lib/thumb/v7-m/libc.a(lib_a-init.o)
                              /usr/lib/gcc/arm-none-eabi/6.3.1/../../../arm-none-eabi/lib/thumb/v7-m/crt0.o (__libc_init_array)
/usr/lib/gcc/arm-none-eabi/6.3.1/../../../arm-none-eabi/lib/thumb/v7-m/libc.a(lib_a-memcpy.o)
                              build/cmsis_os2.o (memcpy)
/usr/lib/gcc/arm-none-eabi/6.3.1/../../../arm-none-eabi/lib/thumb/v7-m/libc.a(lib_a-memset.o)
                              /usr/lib/gcc/arm-none-eabi/6.3.1/../../../arm-none-eabi/lib/thumb/v7-m/crt0.o (memset)
/usr/lib/gcc/arm-none-eabi/6.3.1/../../../arm-none-eabi/lib/thumb/v7-m/libc.a(lib_a-printf.o)
                              build/can_setup.o (printf)
/usr/lib/gcc/arm-none-eabi/6.3.1/../../../arm-none-eabi/lib/thumb/v7-m/libc.a(lib_a-puts.o)
                              build/can_setup.o (puts)
/usr/lib/gcc/arm-none-eabi/6.3.1/../../../arm-none-eabi/lib/thumb/v7-m/libc.a(lib_a-strlen-stub.o)
                              /usr/lib/gcc/arm-none-eabi/6.3.1/../../../arm-none-eabi/lib/thumb/v7-m/libc.a(lib_a-puts.o) (strlen)
/usr/lib/gcc/arm-none-eabi/6.3.1/../../../arm-none-eabi/lib/thumb/v7-m/libc.a(lib_a-vfprintf.o)
                              /usr/lib/gcc/arm-none-eabi/6.3.1/../../../arm-none-eabi/lib/thumb/v7-m/libc.a(lib_a-printf.o) (_vfprintf_r)
/usr/lib/gcc/arm-none-eabi/6.3.1/../../../arm-none-eabi/lib/thumb/v7-m/libc.a(lib_a-wsetup.o)
                              /usr/lib/gcc/arm-none-eabi/6.3.1/../../../arm-none-eabi/lib/thumb/v7-m/libc.a(lib_a-vfprintf.o) (__swsetup_r)
/usr/lib/gcc/arm-none-eabi/6.3.1/../../../arm-none-eabi/lib/thumb/v7-m/libc.a(lib_a-__atexit.o)
                              /usr/lib/gcc/arm-none-eabi/6.3.1/../../../arm-none-eabi/lib/thumb/v7-m/libc.a(lib_a-atexit.o) (__register_exitproc)
/usr/lib/gcc/arm-none-eabi/6.3.1/../../../arm-none-eabi/lib/thumb/v7-m/libc.a(lib_a-__call_atexit.o)
                              /usr/lib/gcc/arm-none-eabi/6.3.1/../../../arm-none-eabi/lib/thumb/v7-m/libc.a(lib_a-exit.o) (__call_exitprocs)
/usr/lib/gcc/arm-none-eabi/6.3.1/../../../arm-none-eabi/lib/thumb/v7-m/libc.a(lib_a-dtoa.o)
                              /usr/lib/gcc/arm-none-eabi/6.3.1/../../../arm-none-eabi/lib/thumb/v7-m/libc.a(lib_a-vfprintf.o) (_dtoa_r)
/usr/lib/gcc/arm-none-eabi/6.3.1/../../../arm-none-eabi/lib/thumb/v7-m/libc.a(lib_a-fflush.o)
                              /usr/lib/gcc/arm-none-eabi/6.3.1/../../../arm-none-eabi/lib/thumb/v7-m/libc.a(lib_a-vfprintf.o) (_fflush_r)
/usr/lib/gcc/arm-none-eabi/6.3.1/../../../arm-none-eabi/lib/thumb/v7-m/libc.a(lib_a-findfp.o)
                              /usr/lib/gcc/arm-none-eabi/6.3.1/../../../arm-none-eabi/lib/thumb/v7-m/libc.a(lib_a-puts.o) (__sinit)
/usr/lib/gcc/arm-none-eabi/6.3.1/../../../arm-none-eabi/lib/thumb/v7-m/libc.a(lib_a-freer.o)
                              /usr/lib/gcc/arm-none-eabi/6.3.1/../../../arm-none-eabi/lib/thumb/v7-m/libc.a(lib_a-wsetup.o) (_free_r)
/usr/lib/gcc/arm-none-eabi/6.3.1/../../../arm-none-eabi/lib/thumb/v7-m/libc.a(lib_a-fvwrite.o)
                              /usr/lib/gcc/arm-none-eabi/6.3.1/../../../arm-none-eabi/lib/thumb/v7-m/libc.a(lib_a-puts.o) (__sfvwrite_r)
/usr/lib/gcc/arm-none-eabi/6.3.1/../../../arm-none-eabi/lib/thumb/v7-m/libc.a(lib_a-fwalk.o)
                              /usr/lib/gcc/arm-none-eabi/6.3.1/../../../arm-none-eabi/lib/thumb/v7-m/libc.a(lib_a-findfp.o) (_fwalk)
/usr/lib/gcc/arm-none-eabi/6.3.1/../../../arm-none-eabi/lib/thumb/v7-m/libc.a(lib_a-locale.o)
                              /usr/lib/gcc/arm-none-eabi/6.3.1/../../../arm-none-eabi/lib/thumb/v7-m/libc.a(lib_a-vfprintf.o) (_localeconv_r)
/usr/lib/gcc/arm-none-eabi/6.3.1/../../../arm-none-eabi/lib/thumb/v7-m/libc.a(lib_a-makebuf.o)
                              /usr/lib/gcc/arm-none-eabi/6.3.1/../../../arm-none-eabi/lib/thumb/v7-m/libc.a(lib_a-wsetup.o) (__smakebuf_r)
/usr/lib/gcc/arm-none-eabi/6.3.1/../../../arm-none-eabi/lib/thumb/v7-m/libc.a(lib_a-mallocr.o)
[...]
Memory Configuration

Name             Origin             Length             Attributes
RAM              0x0000000020000000 0x0000000000010000 xrw
FLASH            0x0000000008000000 0x0000000000020000 xr
*default*        0x0000000000000000 0xffffffffffffffff

Linker script and memory map

LOAD /usr/lib/gcc/arm-none-eabi/6.3.1/thumb/v7-m/crti.o
LOAD /usr/lib/gcc/arm-none-eabi/6.3.1/thumb/v7-m/crtbegin.o
LOAD /usr/lib/gcc/arm-none-eabi/6.3.1/../../../arm-none-eabi/lib/thumb/v7-m/crt0.o
LOAD build/can_setup.o
LOAD build/dcdc.o
LOAD build/encoder.o
LOAD build/freertos.o
LOAD build/gauges.o
LOAD build/main.o
LOAD build/stm32f1xx_hal_msp.o
LOAD build/stm32f1xx_hal_timebase_tim.o
LOAD build/stm32f1xx_it.o
LOAD build/system_stm32f1xx.o
LOAD build/test.o
LOAD build/vcu.o
LOAD build/water_pump.o
LOAD build/stm32f1xx_hal.o
LOAD build/stm32f1xx_hal_adc.o
LOAD build/stm32f1xx_hal_adc_ex.o
LOAD build/stm32f1xx_hal_can.o
LOAD build/stm32f1xx_hal_cortex.o
LOAD build/stm32f1xx_hal_dma.o
LOAD build/stm32f1xx_hal_exti.o
LOAD build/stm32f1xx_hal_flash.o
LOAD build/stm32f1xx_hal_flash_ex.o
LOAD build/stm32f1xx_hal_gpio.o
LOAD build/stm32f1xx_hal_gpio_ex.o
LOAD build/stm32f1xx_hal_pwr.o
LOAD build/stm32f1xx_hal_rcc.o
LOAD build/stm32f1xx_hal_rcc_ex.o
LOAD build/stm32f1xx_hal_tim.o
LOAD build/stm32f1xx_hal_tim_ex.o
LOAD build/stm32f1xx_hal_uart.o
LOAD build/cmsis_os2.o
LOAD build/croutine.o
LOAD build/event_groups.o
LOAD build/list.o
LOAD build/port.o
LOAD build/heap_4.o
LOAD build/queue.o
LOAD build/stream_buffer.o
LOAD build/tasks.o
LOAD build/timers.o
LOAD build/startup_stm32f105xc.o
LOAD /usr/lib/gcc/arm-none-eabi/6.3.1/../../../arm-none-eabi/lib/thumb/v7-m/libc.a
LOAD /usr/lib/gcc/arm-none-eabi/6.3.1/../../../arm-none-eabi/lib/thumb/v7-m/libm.a
LOAD /usr/lib/gcc/arm-none-eabi/6.3.1/../../../arm-none-eabi/lib/thumb/v7-m/libnosys.a
START GROUP
LOAD /usr/lib/gcc/arm-none-eabi/6.3.1/thumb/v7-m/libgcc.a
LOAD /usr/lib/gcc/arm-none-eabi/6.3.1/../../../arm-none-eabi/lib/thumb/v7-m/libc.a
END GROUP
START GROUP
LOAD /usr/lib/gcc/arm-none-eabi/6.3.1/thumb/v7-m/libgcc.a
LOAD /usr/lib/gcc/arm-none-eabi/6.3.1/../../../arm-none-eabi/lib/thumb/v7-m/libc.a
LOAD /usr/lib/gcc/arm-none-eabi/6.3.1/../../../arm-none-eabi/lib/thumb/v7-m/libnosys.a
END GROUP
LOAD /usr/lib/gcc/arm-none-eabi/6.3.1/thumb/v7-m/crtend.o
LOAD /usr/lib/gcc/arm-none-eabi/6.3.1/thumb/v7-m/crtn.o
                0x0000000020010000                _estack = 0x20010000
                0x0000000000000200                _Min_Heap_Size = 0x200
                0x0000000000000400                _Min_Stack_Size = 0x400

.isr_vector     0x0000000008000000      0x1e4
                0x0000000008000000                . = ALIGN (0x4)
 *(.isr_vector)
 .isr_vector    0x0000000008000000      0x1e4 build/startup_stm32f105xc.o
                0x0000000008000000                g_pfnVectors
                0x00000000080001e4                . = ALIGN (0x4)

.text           0x00000000080001f0     0x6eb0
                0x00000000080001f0                . = ALIGN (0x4)
 *(.text)
 .text          0x00000000080001f0       0xa4 /usr/lib/gcc/arm-none-eabi/6.3.1/thumb/v7-m/crtbegin.o
 .text          0x0000000008000294        0xc /usr/lib/gcc/arm-none-eabi/6.3.1/../../../arm-none-eabi/lib/thumb/v7-m/libc.a(lib_a-atexit.o)
                0x0000000008000294                atexit
 .text          0x00000000080002a0       0x34 /usr/lib/gcc/arm-none-eabi/6.3.1/../../../arm-none-eabi/lib/thumb/v7-m/libc.a(lib_a-fini.o)
                0x00000000080002a0                __libc_fini_array
 .text          0x00000000080002d4       0xec /usr/lib/gcc/arm-none-eabi/6.3.1/../../../arm-none-eabi/lib/thumb/v7-m/libc.a(lib_a-memcpy.o)
                0x00000000080002d4                memcpy
 .text          0x00000000080003c0       0x9c /usr/lib/gcc/arm-none-eabi/6.3.1/../../../arm-none-eabi/lib/thumb/v7-m/libc.a(lib_a-memset.o)
                0x00000000080003c0                memset
 .text          0x000000000800045c       0xac /usr/lib/gcc/arm-none-eabi/6.3.1/../../../arm-none-eabi/lib/thumb/v7-m/libc.a(lib_a-__atexit.o)
                0x000000000800045c                __register_exitproc
 .text          0x0000000008000508      0x370 /usr/lib/gcc/arm-none-eabi/6.3.1/thumb/v7-m/libgcc.a(_arm_addsubdf3.o)
                0x0000000008000508                __aeabi_drsub
                0x0000000008000510                __aeabi_dsub
                0x0000000008000510                __subdf3
                0x0000000008000514                __adddf3
                0x0000000008000514                __aeabi_dadd
                0x000000000800078c                __aeabi_ui2d
                0x000000000800078c                __floatunsidf
                0x00000000080007ac                __floatsidf
                0x00000000080007ac                __aeabi_i2d
                0x00000000080007d0                __extendsfdf2
                0x00000000080007d0                __aeabi_f2d
                0x000000000800080c                __aeabi_ul2d
                0x000000000800080c                __floatundidf
                0x000000000800081c                __floatdidf
                0x000000000800081c                __aeabi_l2d
 .text          0x0000000008000878      0x424 /usr/lib/gcc/arm-none-eabi/6.3.1/thumb/v7-m/libgcc.a(_arm_muldivdf3.o)
                0x0000000008000878                __aeabi_dmul
                0x0000000008000878                __muldf3
                0x0000000008000acc                __aeabi_ddiv
                0x0000000008000acc                __divdf3
 .text          0x0000000008000c9c       0x40 /usr/lib/gcc/arm-none-eabi/6.3.1/thumb/v7-m/libgcc.a(_arm_fixunsdfsi.o)
                0x0000000008000c9c                __fixunsdfsi
                0x0000000008000c9c                __aeabi_d2uiz
 .text          0x0000000008000cdc       0x30 /usr/lib/gcc/arm-none-eabi/6.3.1/thumb/v7-m/libgcc.a(_aeabi_uldivmod.o)
                0x0000000008000cdc                __aeabi_uldivmod
 .text          0x0000000008000d0c      0x2dc /usr/lib/gcc/arm-none-eabi/6.3.1/thumb/v7-m/libgcc.a(_udivmoddi4.o)
                0x0000000008000d0c                __udivmoddi4
 .text          0x0000000008000fe8        0x4 /usr/lib/gcc/arm-none-eabi/6.3.1/thumb/v7-m/libgcc.a(_dvmd_tls.o)
                0x0000000008000fe8                __aeabi_ldiv0
                0x0000000008000fe8                __aeabi_idiv0
 *(.text*)
 .text.HAL_CAN_RxFifo0MsgPendingCallback
                0x0000000008000fec       0x24 build/can_setup.o
                0x0000000008000fec                HAL_CAN_RxFifo0MsgPendingCallback
 .text.HAL_CAN_RxFifo1MsgPendingCallback
                0x0000000008001010       0x2c build/can_setup.o
                0x0000000008001010                HAL_CAN_RxFifo1MsgPendingCallback
 .text.canSettings
                0x000000000800103c      0x19c build/can_setup.o
                0x000000000800103c                canSettings
 .text.c1tx     0x00000000080011d8       0x38 build/can_setup.o
                0x00000000080011d8                c1tx
 .text.c2txExt  0x0000000008001210       0x38 build/can_setup.o
                0x0000000008001210                c2txExt
 .text.dcdcInit
                0x0000000008001248       0x28 build/dcdc.o
                0x0000000008001248                dcdcInit
 .text.dcdc_OFF
                0x0000000008001270       0x24 build/dcdc.o
                0x0000000008001270                dcdc_OFF
 .text.dcdc_ON  0x0000000008001294       0x28 build/dcdc.o
                0x0000000008001294                dcdc_ON
 .text.dcdcHandler
                0x00000000080012bc       0x70 build/dcdc.o
                0x00000000080012bc                dcdcHandler
 .text.setWidget
                0x000000000800132c       0x3c build/encoder.o
                0x000000000800132c                setWidget
 .text.setBacklight
                0x0000000008001368       0x38 build/encoder.o
                0x0000000008001368                setBacklight
 .text.getEvent
                0x00000000080013a0       0x2c build/encoder.o
                0x00000000080013a0                getEvent
 .text.getData  0x00000000080013cc       0x30 build/encoder.o
                0x00000000080013cc                getData
 .text.encoderHandler
                0x00000000080013fc      0x14c build/encoder.o
                0x00000000080013fc                encoderHandler
 .text.gaugeInit
                0x0000000008001548       0x24 build/gauges.o
                0x0000000008001548                gaugeInit
 .text.updateTach
                0x000000000800156c       0x48 build/gauges.o
                0x000000000800156c                updateTach
 .text.updateSpeed
                0x00000000080015b4       0x3c build/gauges.o
                0x00000000080015b4                updateSpeed
 .text.updateTemp
                0x00000000080015f0       0x58 build/gauges.o
                0x00000000080015f0                updateTemp
 .text.updateSOC
                0x0000000008001648       0x60 build/gauges.o
                0x0000000008001648                updateSOC
 .text.MX_GPIO_Init
                0x00000000080016a8       0xe0 build/main.o
 .text.MX_DMA_Init
                0x0000000008001788       0x74 build/main.o
 .text.StartTaskLoop
                0x00000000080017fc       0x16 build/main.o
                0x00000000080017fc                StartTaskLoop
 *fill*         0x0000000008001812        0x2 
 .text.StartTask10ms
                0x0000000008001814       0x2c build/main.o
                0x0000000008001814                StartTask10ms
 .text.StartTask100ms
                0x0000000008001840       0x2c build/main.o
                0x0000000008001840                StartTask100ms
 .text.StartTask250ms
                0x000000000800186c       0x40 build/main.o
                0x000000000800186c                StartTask250ms
 .text.HAL_TIM_PeriodElapsedCallback
                0x00000000080018ac       0x18 build/main.o
                0x00000000080018ac                HAL_TIM_PeriodElapsedCallback
 .text.Error_Handler
                0x00000000080018c4        0x4 build/main.o
                0x00000000080018c4                Error_Handler
 .text.MX_CAN2_Init
                0x00000000080018c8       0x40 build/main.o
 .text.MX_ADC1_Init
                0x0000000008001908       0x90 build/main.o
 .text.MX_CAN1_Init
                0x0000000008001998       0x40 build/main.o
 .text.MX_UART4_Init
                0x00000000080019d8       0x34 build/main.o
 .text.MX_USART1_UART_Init
                0x0000000008001a0c       0x34 build/main.o
 .text.MX_TIM3_Init
                0x0000000008001a40       0xa8 build/main.o
 .text.MX_TIM1_Init
                0x0000000008001ae8       0xb0 build/main.o
 .text.MX_TIM5_Init
                0x0000000008001b98       0x84 build/main.o
 .text.MX_TIM2_Init
                0x0000000008001c1c       0x70 build/main.o
 .text.SystemClock_Config
                0x0000000008001c8c       0x90 build/main.o
                0x0000000008001c8c                SystemClock_Config
 .text.main     0x0000000008001d1c      0x160 build/main.o
                0x0000000008001d1c                main
 .text.HAL_MspInit
                0x0000000008001e7c       0x54 build/stm32f1xx_hal_msp.o
                0x0000000008001e7c                HAL_MspInit
 .text.HAL_ADC_MspInit
                0x0000000008001ed0       0xc0 build/stm32f1xx_hal_msp.o
                0x0000000008001ed0                HAL_ADC_MspInit
 .text.HAL_CAN_MspInit
                0x0000000008001f90      0x130 build/stm32f1xx_hal_msp.o
                0x0000000008001f90                HAL_CAN_MspInit
 .text.HAL_TIM_PWM_MspInit
                0x00000000080020c0       0x2c build/stm32f1xx_hal_msp.o
                0x00000000080020c0                HAL_TIM_PWM_MspInit
 .text.HAL_TIM_OC_MspInit
                0x00000000080020ec      0x110 build/stm32f1xx_hal_msp.o
                0x00000000080020ec                HAL_TIM_OC_MspInit
 .text.HAL_TIM_Base_MspInit
                0x00000000080021fc       0x2c build/stm32f1xx_hal_msp.o
                0x00000000080021fc                HAL_TIM_Base_MspInit
 .text.HAL_TIM_MspPostInit
                0x0000000008002228       0x9c build/stm32f1xx_hal_msp.o
                0x0000000008002228                HAL_TIM_MspPostInit
 .text.HAL_UART_MspInit
                0x00000000080022c4       0xdc build/stm32f1xx_hal_msp.o
                0x00000000080022c4                HAL_UART_MspInit
 .text.HAL_InitTick
                0x00000000080023a0       0x7c build/stm32f1xx_hal_timebase_tim.o
                0x00000000080023a0                HAL_InitTick
 .text.NMI_Handler
                0x000000000800241c        0x2 build/stm32f1xx_it.o
                0x000000000800241c                NMI_Handler
 .text.HardFault_Handler
                0x000000000800241e        0x2 build/stm32f1xx_it.o
                0x000000000800241e                HardFault_Handler
 .text.MemManage_Handler
                0x0000000008002420        0x2 build/stm32f1xx_it.o
                0x0000000008002420                MemManage_Handler
 .text.BusFault_Handler
                0x0000000008002422        0x2 build/stm32f1xx_it.o
                0x0000000008002422                BusFault_Handler
 .text.UsageFault_Handler
                0x0000000008002424        0x2 build/stm32f1xx_it.o
                0x0000000008002424                UsageFault_Handler
 .text.DebugMon_Handler
                0x0000000008002426        0x2 build/stm32f1xx_it.o
                0x0000000008002426                DebugMon_Handler
 .text.DMA1_Channel1_IRQHandler
                0x0000000008002428       0x10 build/stm32f1xx_it.o
                0x0000000008002428                DMA1_Channel1_IRQHandler
 .text.DMA1_Channel5_IRQHandler
                0x0000000008002438       0x10 build/stm32f1xx_it.o
                0x0000000008002438                DMA1_Channel5_IRQHandler
 .text.CAN1_RX0_IRQHandler
                0x0000000008002448       0x10 build/stm32f1xx_it.o
                0x0000000008002448                CAN1_RX0_IRQHandler
 .text.TIM7_IRQHandler
                0x0000000008002458       0x10 build/stm32f1xx_it.o
                0x0000000008002458                TIM7_IRQHandler
 .text.DMA2_Channel4_IRQHandler
                0x0000000008002468       0x10 build/stm32f1xx_it.o
                0x0000000008002468                DMA2_Channel4_IRQHandler
 .text.DMA2_Channel5_IRQHandler
                0x0000000008002478       0x10 build/stm32f1xx_it.o
                0x0000000008002478                DMA2_Channel5_IRQHandler
 .text.CAN2_RX1_IRQHandler
                0x0000000008002488       0x10 build/stm32f1xx_it.o
                0x0000000008002488                CAN2_RX1_IRQHandler
 .text.SystemInit
                0x0000000008002498        0x2 build/system_stm32f1xx.o
                0x0000000008002498                SystemInit
 *fill*         0x000000000800249a        0x6 
 .text.decodeCAN
                0x00000000080024a0      0x1fc build/vcu.o
                0x00000000080024a0                decodeCAN
 .text.canIOsend
                0x000000000800269c       0x28 build/vcu.o
                0x000000000800269c                canIOsend
 .text.vcuInit  0x00000000080026c4       0x24 build/vcu.o
                0x00000000080026c4                vcuInit
 .text.ioHandler
                0x00000000080026e8       0xa8 build/vcu.o
                0x00000000080026e8                ioHandler
 .text.canSet   0x0000000008002790       0x40 build/vcu.o
                0x0000000008002790                canSet
 .text.vcuState
                0x00000000080027d0      0x148 build/vcu.o
                0x00000000080027d0                vcuState
 .text.regenHandler
                0x0000000008002918       0x68 build/vcu.o
                0x0000000008002918                regenHandler
 .text.throttleHandler
                0x0000000008002980       0x8c build/vcu.o
                0x0000000008002980                throttleHandler
 .text.wpInit   0x0000000008002a0c       0x18 build/water_pump.o
                0x0000000008002a0c                wpInit
 .text.wpDuty   0x0000000008002a24       0x34 build/water_pump.o
                0x0000000008002a24                wpDuty
 .text.wpHandler
                0x0000000008002a58       0x94 build/water_pump.o
                0x0000000008002a58                wpHandler
 .text.HAL_Init
                0x0000000008002aec       0x24 build/stm32f1xx_hal.o
                0x0000000008002aec                HAL_Init
 .text.HAL_IncTick
                0x0000000008002b10       0x18 build/stm32f1xx_hal.o
                0x0000000008002b10                HAL_IncTick
 .text.HAL_GetTick
                0x0000000008002b28        0xc build/stm32f1xx_hal.o
                0x0000000008002b28                HAL_GetTick
 .text.HAL_Delay
                0x0000000008002b34       0x28 build/stm32f1xx_hal.o
                0x0000000008002b34                HAL_Delay
 .text.HAL_ADC_ConvCpltCallback
                0x0000000008002b5c        0x2 build/stm32f1xx_hal_adc.o
                0x0000000008002b5c                HAL_ADC_ConvCpltCallback
 .text.ADC_DMAConvCplt
                0x0000000008002b5e       0x52 build/stm32f1xx_hal_adc.o
                0x0000000008002b5e                ADC_DMAConvCplt
 .text.HAL_ADC_ConvHalfCpltCallback
                0x0000000008002bb0        0x2 build/stm32f1xx_hal_adc.o
                0x0000000008002bb0                HAL_ADC_ConvHalfCpltCallback
 .text.ADC_DMAHalfConvCplt
                0x0000000008002bb2        0xa build/stm32f1xx_hal_adc.o
                0x0000000008002bb2                ADC_DMAHalfConvCplt
 .text.HAL_ADC_ErrorCallback
                0x0000000008002bbc        0x2 build/stm32f1xx_hal_adc.o
                0x0000000008002bbc                HAL_ADC_ErrorCallback
 .text.ADC_DMAError
                0x0000000008002bbe       0x1a build/stm32f1xx_hal_adc.o
                0x0000000008002bbe                ADC_DMAError
 .text.HAL_ADC_ConfigChannel
                0x0000000008002bd8      0x138 build/stm32f1xx_hal_adc.o
                0x0000000008002bd8                HAL_ADC_ConfigChannel
 .text.ADC_Enable
                0x0000000008002d10       0x80 build/stm32f1xx_hal_adc.o
                0x0000000008002d10                ADC_Enable
 .text.HAL_ADC_Start_DMA
                0x0000000008002d90      0x130 build/stm32f1xx_hal_adc.o
                0x0000000008002d90                HAL_ADC_Start_DMA
 .text.ADC_ConversionStop_Disable
                0x0000000008002ec0       0x4c build/stm32f1xx_hal_adc.o
                0x0000000008002ec0                ADC_ConversionStop_Disable
 .text.HAL_ADC_Init
                0x0000000008002f0c      0x110 build/stm32f1xx_hal_adc.o
                0x0000000008002f0c                HAL_ADC_Init
 .text.HAL_CAN_Init
                0x000000000800301c      0x14c build/stm32f1xx_hal_can.o
                0x000000000800301c                HAL_CAN_Init
 .text.HAL_CAN_ConfigFilter
                0x0000000008003168      0x12c build/stm32f1xx_hal_can.o
                0x0000000008003168                HAL_CAN_ConfigFilter
 .text.HAL_CAN_Start
                0x0000000008003294       0x5c build/stm32f1xx_hal_can.o
                0x0000000008003294                HAL_CAN_Start
 .text.HAL_CAN_AddTxMessage
                0x00000000080032f0       0xea build/stm32f1xx_hal_can.o
                0x00000000080032f0                HAL_CAN_AddTxMessage
 .text.HAL_CAN_GetRxMessage
                0x00000000080033da      0x134 build/stm32f1xx_hal_can.o
                0x00000000080033da                HAL_CAN_GetRxMessage
 .text.HAL_CAN_ActivateNotification
                0x000000000800350e       0x24 build/stm32f1xx_hal_can.o
                0x000000000800350e                HAL_CAN_ActivateNotification
 .text.HAL_CAN_TxMailbox0CompleteCallback
                0x0000000008003532        0x2 build/stm32f1xx_hal_can.o
                0x0000000008003532                HAL_CAN_TxMailbox0CompleteCallback
 .text.HAL_CAN_TxMailbox1CompleteCallback
                0x0000000008003534        0x2 build/stm32f1xx_hal_can.o
                0x0000000008003534                HAL_CAN_TxMailbox1CompleteCallback
 .text.HAL_CAN_TxMailbox2CompleteCallback
                0x0000000008003536        0x2 build/stm32f1xx_hal_can.o
                0x0000000008003536                HAL_CAN_TxMailbox2CompleteCallback
 .text.HAL_CAN_TxMailbox0AbortCallback
                0x0000000008003538        0x2 build/stm32f1xx_hal_can.o
                0x0000000008003538                HAL_CAN_TxMailbox0AbortCallback
 .text.HAL_CAN_TxMailbox1AbortCallback
                0x000000000800353a        0x2 build/stm32f1xx_hal_can.o
                0x000000000800353a                HAL_CAN_TxMailbox1AbortCallback
 .text.HAL_CAN_TxMailbox2AbortCallback
                0x000000000800353c        0x2 build/stm32f1xx_hal_can.o
                0x000000000800353c                HAL_CAN_TxMailbox2AbortCallback
 .text.HAL_CAN_RxFifo0FullCallback
                0x000000000800353e        0x2 build/stm32f1xx_hal_can.o
                0x000000000800353e                HAL_CAN_RxFifo0FullCallback
 .text.HAL_CAN_RxFifo1FullCallback
                0x0000000008003540        0x2 build/stm32f1xx_hal_can.o
                0x0000000008003540                HAL_CAN_RxFifo1FullCallback
 .text.HAL_CAN_SleepCallback
                0x0000000008003542        0x2 build/stm32f1xx_hal_can.o
                0x0000000008003542                HAL_CAN_SleepCallback
 .text.HAL_CAN_WakeUpFromRxMsgCallback
                0x0000000008003544        0x2 build/stm32f1xx_hal_can.o
                0x0000000008003544                HAL_CAN_WakeUpFromRxMsgCallback
 .text.HAL_CAN_ErrorCallback
                0x0000000008003546        0x2 build/stm32f1xx_hal_can.o
                0x0000000008003546                HAL_CAN_ErrorCallback
 .text.HAL_CAN_IRQHandler
                0x0000000008003548      0x258 build/stm32f1xx_hal_can.o
                0x0000000008003548                HAL_CAN_IRQHandler
 .text.HAL_NVIC_SetPriorityGrouping
                0x00000000080037a0       0x24 build/stm32f1xx_hal_cortex.o
                0x00000000080037a0                HAL_NVIC_SetPriorityGrouping
 .text.HAL_NVIC_SetPriority
                0x00000000080037c4       0x64 build/stm32f1xx_hal_cortex.o
                0x00000000080037c4                HAL_NVIC_SetPriority
 .text.HAL_NVIC_EnableIRQ
                0x0000000008003828       0x1c build/stm32f1xx_hal_cortex.o
                0x0000000008003828                HAL_NVIC_EnableIRQ
 .text.DMA_SetConfig
                0x0000000008003844       0x2c build/stm32f1xx_hal_dma.o
 .text.HAL_DMA_Init
                0x0000000008003870       0x98 build/stm32f1xx_hal_dma.o
                0x0000000008003870                HAL_DMA_Init
 .text.HAL_DMA_Start
                0x0000000008003908       0x50 build/stm32f1xx_hal_dma.o
                0x0000000008003908                HAL_DMA_Start
 .text.HAL_DMA_Start_IT
                0x0000000008003958       0x74 build/stm32f1xx_hal_dma.o
                0x0000000008003958                HAL_DMA_Start_IT
 .text.HAL_DMA_IRQHandler
                0x00000000080039cc      0x2d0 build/stm32f1xx_hal_dma.o
                0x00000000080039cc                HAL_DMA_IRQHandler
 .text.HAL_GPIO_Init
                0x0000000008003c9c      0x1f0 build/stm32f1xx_hal_gpio.o
                0x0000000008003c9c                HAL_GPIO_Init
 .text.HAL_GPIO_ReadPin
                0x0000000008003e8c        0xe build/stm32f1xx_hal_gpio.o
                0x0000000008003e8c                HAL_GPIO_ReadPin
 .text.HAL_GPIO_WritePin
                0x0000000008003e9a        0xc build/stm32f1xx_hal_gpio.o
                0x0000000008003e9a                HAL_GPIO_WritePin
 .text.HAL_GPIO_TogglePin
                0x0000000008003ea6       0x12 build/stm32f1xx_hal_gpio.o
                0x0000000008003ea6                HAL_GPIO_TogglePin
 .text.RCC_Delay
                0x0000000008003eb8       0x2c build/stm32f1xx_hal_rcc.o
 .text.HAL_RCC_OscConfig
                0x0000000008003ee4      0x4f4 build/stm32f1xx_hal_rcc.o
                0x0000000008003ee4                HAL_RCC_OscConfig
 .text.HAL_RCC_GetSysClockFreq
                0x00000000080043d8       0xe4 build/stm32f1xx_hal_rcc.o
                0x00000000080043d8                HAL_RCC_GetSysClockFreq
 .text.HAL_RCC_ClockConfig
                0x00000000080044bc      0x168 build/stm32f1xx_hal_rcc.o
                0x00000000080044bc                HAL_RCC_ClockConfig
 .text.HAL_RCC_GetHCLKFreq
                0x0000000008004624        0xc build/stm32f1xx_hal_rcc.o
                0x0000000008004624                HAL_RCC_GetHCLKFreq
 .text.HAL_RCC_GetPCLK1Freq
                0x0000000008004630       0x20 build/stm32f1xx_hal_rcc.o
                0x0000000008004630                HAL_RCC_GetPCLK1Freq
 .text.HAL_RCC_GetPCLK2Freq
                0x0000000008004650       0x20 build/stm32f1xx_hal_rcc.o
                0x0000000008004650                HAL_RCC_GetPCLK2Freq
 .text.HAL_RCC_GetClockConfig
                0x0000000008004670       0x3c build/stm32f1xx_hal_rcc.o
                0x0000000008004670                HAL_RCC_GetClockConfig
 .text.HAL_RCCEx_PeriphCLKConfig
                0x00000000080046ac      0x1d8 build/stm32f1xx_hal_rcc_ex.o
                0x00000000080046ac                HAL_RCCEx_PeriphCLKConfig
 .text.TIM_OC1_SetConfig
                0x0000000008004884       0x5c build/stm32f1xx_hal_tim.o
 .text.TIM_OC3_SetConfig
                0x00000000080048e0       0x64 build/stm32f1xx_hal_tim.o
 .text.TIM_OC4_SetConfig
                0x0000000008004944       0x48 build/stm32f1xx_hal_tim.o
 .text.TIM_TI1_ConfigInputStage
                0x000000000800498c       0x24 build/stm32f1xx_hal_tim.o
 .text.TIM_TI2_ConfigInputStage
                0x00000000080049b0       0x26 build/stm32f1xx_hal_tim.o
 .text.TIM_ITRx_SetConfig
                0x00000000080049d6       0x10 build/stm32f1xx_hal_tim.o
 *fill*         0x00000000080049e6        0x2 
 .text.HAL_TIM_Base_Start
                0x00000000080049e8       0x64 build/stm32f1xx_hal_tim.o
                0x00000000080049e8                HAL_TIM_Base_Start
 .text.HAL_TIM_Base_Start_IT
                0x0000000008004a4c       0x70 build/stm32f1xx_hal_tim.o
                0x0000000008004a4c                HAL_TIM_Base_Start_IT
 .text.HAL_TIM_OC_DelayElapsedCallback
                0x0000000008004abc        0x2 build/stm32f1xx_hal_tim.o
                0x0000000008004abc                HAL_TIM_OC_DelayElapsedCallback
 .text.HAL_TIM_IC_CaptureCallback
                0x0000000008004abe        0x2 build/stm32f1xx_hal_tim.o
                0x0000000008004abe                HAL_TIM_IC_CaptureCallback
 .text.HAL_TIM_PWM_PulseFinishedCallback
                0x0000000008004ac0        0x2 build/stm32f1xx_hal_tim.o
                0x0000000008004ac0                HAL_TIM_PWM_PulseFinishedCallback
 .text.HAL_TIM_TriggerCallback
                0x0000000008004ac2        0x2 build/stm32f1xx_hal_tim.o
                0x0000000008004ac2                HAL_TIM_TriggerCallback
 .text.HAL_TIM_IRQHandler
                0x0000000008004ac4      0x17a build/stm32f1xx_hal_tim.o
                0x0000000008004ac4                HAL_TIM_IRQHandler
 *fill*         0x0000000008004c3e        0x2 
 .text.TIM_Base_SetConfig
                0x0000000008004c40       0x84 build/stm32f1xx_hal_tim.o
                0x0000000008004c40                TIM_Base_SetConfig
 .text.HAL_TIM_Base_Init
                0x0000000008004cc4       0x56 build/stm32f1xx_hal_tim.o
                0x0000000008004cc4                HAL_TIM_Base_Init
 .text.HAL_TIM_OC_Init
                0x0000000008004d1a       0x56 build/stm32f1xx_hal_tim.o
                0x0000000008004d1a                HAL_TIM_OC_Init
 .text.HAL_TIM_PWM_Init
                0x0000000008004d70       0x56 build/stm32f1xx_hal_tim.o
                0x0000000008004d70                HAL_TIM_PWM_Init
 *fill*         0x0000000008004dc6        0x2 
 .text.TIM_OC2_SetConfig
                0x0000000008004dc8       0x64 build/stm32f1xx_hal_tim.o
                0x0000000008004dc8                TIM_OC2_SetConfig
 .text.HAL_TIM_OC_ConfigChannel
                0x0000000008004e2c       0x52 build/stm32f1xx_hal_tim.o
                0x0000000008004e2c                HAL_TIM_OC_ConfigChannel
 .text.HAL_TIM_PWM_ConfigChannel
                0x0000000008004e7e       0xd0 build/stm32f1xx_hal_tim.o
                0x0000000008004e7e                HAL_TIM_PWM_ConfigChannel
 .text.TIM_ETR_SetConfig
                0x0000000008004f4e       0x16 build/stm32f1xx_hal_tim.o
                0x0000000008004f4e                TIM_ETR_SetConfig
 .text.HAL_TIM_ConfigClockSource
                0x0000000008004f64       0xda build/stm32f1xx_hal_tim.o
                0x0000000008004f64                HAL_TIM_ConfigClockSource
 .text.TIM_CCxChannelCmd
                0x000000000800503e       0x20 build/stm32f1xx_hal_tim.o
                0x000000000800503e                TIM_CCxChannelCmd
 *fill*         0x000000000800505e        0x2 
 .text.HAL_TIM_PWM_Start
                0x0000000008005060       0xec build/stm32f1xx_hal_tim.o
                0x0000000008005060                HAL_TIM_PWM_Start
 .text.HAL_TIMEx_MasterConfigSynchronization
                0x000000000800514c       0x70 build/stm32f1xx_hal_tim_ex.o
                0x000000000800514c                HAL_TIMEx_MasterConfigSynchronization
 .text.HAL_TIMEx_ConfigBreakDeadTime
                0x00000000080051bc       0x52 build/stm32f1xx_hal_tim_ex.o
                0x00000000080051bc                HAL_TIMEx_ConfigBreakDeadTime
 .text.HAL_TIMEx_CommutCallback
                0x000000000800520e        0x2 build/stm32f1xx_hal_tim_ex.o
                0x000000000800520e                HAL_TIMEx_CommutCallback
 .text.HAL_TIMEx_BreakCallback
                0x0000000008005210        0x2 build/stm32f1xx_hal_tim_ex.o
                0x0000000008005210                HAL_TIMEx_BreakCallback
 *fill*         0x0000000008005212        0x2 
 .text.UART_SetConfig
                0x0000000008005214       0x90 build/stm32f1xx_hal_uart.o
 .text.HAL_UART_Init
                0x00000000080052a4       0x5e build/stm32f1xx_hal_uart.o
                0x00000000080052a4                HAL_UART_Init
 *fill*         0x0000000008005302        0x2 
 .text.osKernelInitialize
                0x0000000008005304       0x44 build/cmsis_os2.o
                0x0000000008005304                osKernelInitialize
 .text.osKernelStart
                0x0000000008005348       0x4c build/cmsis_os2.o
                0x0000000008005348                osKernelStart
 .text.osThreadNew
                0x0000000008005394       0xec build/cmsis_os2.o
                0x0000000008005394                osThreadNew
 .text.osDelay  0x0000000008005480       0x44 build/cmsis_os2.o
                0x0000000008005480                osDelay
 .text.vApplicationGetIdleTaskMemory
                0x00000000080054c4       0x18 build/cmsis_os2.o
                0x00000000080054c4                vApplicationGetIdleTaskMemory
 .text.vApplicationGetTimerTaskMemory
                0x00000000080054dc       0x18 build/cmsis_os2.o
                0x00000000080054dc                vApplicationGetTimerTaskMemory
 .text.vListInitialise
                0x00000000080054f4       0x16 build/list.o
                0x00000000080054f4                vListInitialise
 .text.vListInitialiseItem
                0x000000000800550a        0x6 build/list.o
                0x000000000800550a                vListInitialiseItem
 .text.vListInsertEnd
                0x0000000008005510       0x18 build/list.o
                0x0000000008005510                vListInsertEnd
 .text.vListInsert
                0x0000000008005528       0x34 build/list.o
                0x0000000008005528                vListInsert
 .text.uxListRemove
                0x000000000800555c       0x28 build/list.o
                0x000000000800555c                uxListRemove
 .text.prvTaskExitError
                0x0000000008005584       0x40 build/port.o
 .text.prvPortStartFirstTask
                0x00000000080055c4       0x20 build/port.o
 .text.pxPortInitialiseStack
                0x00000000080055e4       0x24 build/port.o
                0x00000000080055e4                pxPortInitialiseStack
 *fill*         0x0000000008005608        0x8 
 .text.SVC_Handler
                0x0000000008005610       0x24 build/port.o
                0x0000000008005610                SVC_Handler
 .text.vPortEnterCritical
                0x0000000008005634       0x44 build/port.o
                0x0000000008005634                vPortEnterCritical
 .text.vPortExitCritical
                0x0000000008005678       0x2c build/port.o
                0x0000000008005678                vPortExitCritical
 *fill*         0x00000000080056a4        0xc 
 .text.PendSV_Handler
                0x00000000080056b0       0x44 build/port.o
                0x00000000080056b0                PendSV_Handler
 .text.SysTick_Handler
                0x00000000080056f4       0x2c build/port.o
                0x00000000080056f4                SysTick_Handler
 .text.vPortSetupTimerInterrupt
                0x0000000008005720       0x38 build/port.o
                0x0000000008005720                vPortSetupTimerInterrupt
 .text.xPortStartScheduler
                0x0000000008005758       0xb8 build/port.o
                0x0000000008005758                xPortStartScheduler
 .text.vPortValidateInterruptPriority
                0x0000000008005810       0x5c build/port.o
                0x0000000008005810                vPortValidateInterruptPriority
 .text.prvHeapInit
                0x000000000800586c       0x64 build/heap_4.o
 .text.prvInsertBlockIntoFreeList
                0x00000000080058d0       0x54 build/heap_4.o
 .text.pvPortMalloc
                0x0000000008005924      0x108 build/heap_4.o
                0x0000000008005924                pvPortMalloc
 .text.vPortFree
                0x0000000008005a2c       0x70 build/heap_4.o
                0x0000000008005a2c                vPortFree
 .text.prvIsQueueFull
                0x0000000008005a9c       0x1e build/queue.o
 .text.prvIsQueueEmpty
                0x0000000008005aba       0x1a build/queue.o
 .text.prvCopyDataToQueue
                0x0000000008005ad4       0x76 build/queue.o
 .text.prvCopyDataFromQueue
                0x0000000008005b4a       0x24 build/queue.o
 .text.prvUnlockQueue
                0x0000000008005b6e       0x6e build/queue.o
 .text.xQueueGenericReset
                0x0000000008005bdc       0x80 build/queue.o
                0x0000000008005bdc                xQueueGenericReset
 .text.prvInitialiseNewQueue
                0x0000000008005c5c       0x22 build/queue.o
 .text.xQueueGenericCreateStatic
                0x0000000008005c7e       0xa0 build/queue.o
                0x0000000008005c7e                xQueueGenericCreateStatic
 *fill*         0x0000000008005d1e        0x2 
 .text.xQueueGenericSend
                0x0000000008005d20      0x188 build/queue.o
                0x0000000008005d20                xQueueGenericSend
 .text.xQueueGenericSendFromISR
                0x0000000008005ea8       0xde build/queue.o
                0x0000000008005ea8                xQueueGenericSendFromISR
 *fill*         0x0000000008005f86        0x2 
 .text.xQueueReceive
                0x0000000008005f88      0x15c build/queue.o
                0x0000000008005f88                xQueueReceive
 .text.vQueueAddToRegistry
                0x00000000080060e4       0x28 build/queue.o
                0x00000000080060e4                vQueueAddToRegistry
 .text.vQueueWaitForMessageRestricted
                0x000000000800610c       0x52 build/queue.o
                0x000000000800610c                vQueueWaitForMessageRestricted
 *fill*         0x000000000800615e        0x2 
 .text.prvResetNextTaskUnblockTime
                0x0000000008006160       0x34 build/tasks.o
 .text.prvInitialiseNewTask
                0x0000000008006194       0x90 build/tasks.o
 .text.prvInitialiseTaskLists
                0x0000000008006224       0x68 build/tasks.o
 .text.prvAddNewTaskToReadyList
                0x000000000800628c       0xac build/tasks.o
 .text.prvDeleteTCB
                0x0000000008006338       0x3a build/tasks.o
 *fill*         0x0000000008006372        0x2 
 .text.prvCheckTasksWaitingTermination
                0x0000000008006374       0x4c build/tasks.o
 .text.prvIdleTask
                0x00000000080063c0       0x28 build/tasks.o
 .text.prvAddCurrentTaskToDelayedList
                0x00000000080063e8       0x7c build/tasks.o
 .text.xTaskCreateStatic
                0x0000000008006464       0x72 build/tasks.o
                0x0000000008006464                xTaskCreateStatic
 .text.xTaskCreate
                0x00000000080064d6       0x66 build/tasks.o
                0x00000000080064d6                xTaskCreate
 .text.vTaskStartScheduler
                0x000000000800653c       0x9c build/tasks.o
                0x000000000800653c                vTaskStartScheduler
 .text.vTaskSuspendAll
                0x00000000080065d8       0x10 build/tasks.o
                0x00000000080065d8                vTaskSuspendAll
 .text.xTaskGetTickCount
                0x00000000080065e8        0xc build/tasks.o
                0x00000000080065e8                xTaskGetTickCount
 .text.xTaskIncrementTick
                0x00000000080065f4      0x120 build/tasks.o
                0x00000000080065f4                xTaskIncrementTick
 .text.xTaskResumeAll
                0x0000000008006714       0xfc build/tasks.o
                0x0000000008006714                xTaskResumeAll
 .text.vTaskDelayUntil
                0x0000000008006810       0xac build/tasks.o
                0x0000000008006810                vTaskDelayUntil
 .text.vTaskDelay
                0x00000000080068bc       0x50 build/tasks.o
                0x00000000080068bc                vTaskDelay
 .text.vTaskSwitchContext
                0x000000000800690c       0x98 build/tasks.o
                0x000000000800690c                vTaskSwitchContext
 .text.vTaskPlaceOnEventList
                0x00000000080069a4       0x30 build/tasks.o
                0x00000000080069a4                vTaskPlaceOnEventList
 .text.vTaskPlaceOnEventListRestricted
                0x00000000080069d4       0x38 build/tasks.o
                0x00000000080069d4                vTaskPlaceOnEventListRestricted
 .text.xTaskRemoveFromEventList
                0x0000000008006a0c       0x8c build/tasks.o
                0x0000000008006a0c                xTaskRemoveFromEventList
 .text.vTaskInternalSetTimeOutState
                0x0000000008006a98       0x18 build/tasks.o
                0x0000000008006a98                vTaskInternalSetTimeOutState
 .text.xTaskCheckForTimeOut
                0x0000000008006ab0       0x80 build/tasks.o
                0x0000000008006ab0                xTaskCheckForTimeOut
 .text.vTaskMissedYield
                0x0000000008006b30        0xc build/tasks.o
                0x0000000008006b30                vTaskMissedYield
 .text.xTaskGetSchedulerState
                0x0000000008006b3c       0x20 build/tasks.o
                0x0000000008006b3c                xTaskGetSchedulerState
 .text.xTaskPriorityDisinherit
                0x0000000008006b5c       0x90 build/tasks.o
                0x0000000008006b5c                xTaskPriorityDisinherit
 .text.prvGetNextExpireTime
                0x0000000008006bec       0x20 build/timers.o
 .text.prvInsertTimerInActiveList
                0x0000000008006c0c       0x48 build/timers.o
 .text.prvCheckForValidListAndQueue
                0x0000000008006c54       0x70 build/timers.o
 .text.xTimerCreateTimerTask
                0x0000000008006cc4       0x70 build/timers.o
                0x0000000008006cc4                xTimerCreateTimerTask
 .text.xTimerGenericCommand
                0x0000000008006d34       0x6c build/timers.o
                0x0000000008006d34                xTimerGenericCommand
 .text.prvSwitchTimerLists
                0x0000000008006da0       0x78 build/timers.o
 .text.prvSampleTimeNow
                0x0000000008006e18       0x2c build/timers.o
 .text.prvProcessExpiredTimer
                0x0000000008006e44       0x60 build/timers.o
 .text.prvProcessTimerOrBlockTask
                0x0000000008006ea4       0x74 build/timers.o
 .text.prvProcessReceivedCommands
                0x0000000008006f18       0xfc build/timers.o
 .text.prvTimerTask
                0x0000000008007014       0x16 build/timers.o
 *fill*         0x000000000800702a        0x2 
 .text.Reset_Handler
                0x000000000800702c       0x44 build/startup_stm32f105xc.o
                0x000000000800702c                Reset_Handler
 .text.Default_Handler
                0x0000000008007070        0x2 build/startup_stm32f105xc.o
                0x0000000008007070                RTC_Alarm_IRQHandler
                0x0000000008007070                EXTI2_IRQHandler
                0x0000000008007070                TIM1_CC_IRQHandler
                0x0000000008007070                TIM6_IRQHandler
                0x0000000008007070                PVD_IRQHandler
                0x0000000008007070                EXTI3_IRQHandler
                0x0000000008007070                EXTI0_IRQHandler
                0x0000000008007070                I2C2_EV_IRQHandler
                0x0000000008007070                CAN2_SCE_IRQHandler
                0x0000000008007070                ADC1_2_IRQHandler
                0x0000000008007070                SPI1_IRQHandler
                0x0000000008007070                TAMPER_IRQHandler
                0x0000000008007070                CAN2_RX0_IRQHandler
                0x0000000008007070                DMA2_Channel2_IRQHandler
                0x0000000008007070                DMA1_Channel4_IRQHandler
                0x0000000008007070                USART3_IRQHandler
                0x0000000008007070                RTC_IRQHandler
                0x0000000008007070                DMA1_Channel7_IRQHandler
                0x0000000008007070                CAN1_RX1_IRQHandler
                0x0000000008007070                UART5_IRQHandler
                0x0000000008007070                TIM4_IRQHandler
                0x0000000008007070                DMA2_Channel1_IRQHandler
                0x0000000008007070                I2C1_EV_IRQHandler
                0x0000000008007070                DMA1_Channel6_IRQHandler
                0x0000000008007070                UART4_IRQHandler
                0x0000000008007070                TIM3_IRQHandler
                0x0000000008007070                RCC_IRQHandler
                0x0000000008007070                TIM1_TRG_COM_IRQHandler
                0x0000000008007070                Default_Handler
                0x0000000008007070                EXTI15_10_IRQHandler
                0x0000000008007070                CAN2_TX_IRQHandler
                0x0000000008007070                TIM5_IRQHandler
                0x0000000008007070                EXTI9_5_IRQHandler
                0x0000000008007070                SPI2_IRQHandler
                0x0000000008007070                CAN1_TX_IRQHandler
                0x0000000008007070                EXTI4_IRQHandler
                0x0000000008007070                DMA1_Channel3_IRQHandler
                0x0000000008007070                TIM1_UP_IRQHandler
                0x0000000008007070                WWDG_IRQHandler
                0x0000000008007070                TIM2_IRQHandler
                0x0000000008007070                OTG_FS_WKUP_IRQHandler
                0x0000000008007070                TIM1_BRK_IRQHandler
                0x0000000008007070                EXTI1_IRQHandler
                0x0000000008007070                USART2_IRQHandler
                0x0000000008007070                I2C2_ER_IRQHandler
                0x0000000008007070                DMA1_Channel2_IRQHandler
                0x0000000008007070                CAN1_SCE_IRQHandler
                0x0000000008007070                FLASH_IRQHandler
                0x0000000008007070                USART1_IRQHandler
                0x0000000008007070                OTG_FS_IRQHandler
                0x0000000008007070                SPI3_IRQHandler
                0x0000000008007070                I2C1_ER_IRQHandler
                0x0000000008007070                DMA2_Channel3_IRQHandler
 *fill*         0x0000000008007072        0x2 
 .text.startup  0x0000000008007074       0x14 /usr/lib/gcc/arm-none-eabi/6.3.1/../../../arm-none-eabi/lib/thumb/v7-m/libc.a(lib_a-__call_atexit.o)
 *(.glue_7)
 .glue_7        0x0000000008007088        0x0 linker stubs
 *(.glue_7t)
 .glue_7t       0x0000000008007088        0x0 linker stubs
 *(.eh_frame)
 .eh_frame      0x0000000008007088        0x0 /usr/lib/gcc/arm-none-eabi/6.3.1/thumb/v7-m/crtbegin.o
 *(.init)
 .init          0x0000000008007088        0x4 /usr/lib/gcc/arm-none-eabi/6.3.1/thumb/v7-m/crti.o
                0x0000000008007088                _init
 .init          0x000000000800708c        0x8 /usr/lib/gcc/arm-none-eabi/6.3.1/thumb/v7-m/crtn.o
 *(.fini)
 .fini          0x0000000008007094        0x4 /usr/lib/gcc/arm-none-eabi/6.3.1/thumb/v7-m/crti.o
                0x0000000008007094                _fini
 .fini          0x0000000008007098        0x8 /usr/lib/gcc/arm-none-eabi/6.3.1/thumb/v7-m/crtn.o
                0x00000000080070a0                . = ALIGN (0x4)
                0x00000000080070a0                _etext = .

.vfp11_veneer   0x00000000080070a0        0x0
 .vfp11_veneer  0x00000000080070a0        0x0 linker stubs

.v4_bx          0x00000000080070a0        0x0
 .v4_bx         0x00000000080070a0        0x0 linker stubs

.iplt           0x00000000080070a0        0x0
 .iplt          0x00000000080070a0        0x0 /usr/lib/gcc/arm-none-eabi/6.3.1/thumb/v7-m/crtbegin.o

.rodata         0x00000000080070a0      0x118
                0x00000000080070a0                . = ALIGN (0x4)
 *(.rodata)
 .rodata        0x00000000080070a0       0x20 build/stm32f1xx_hal_rcc.o
 .rodata        0x00000000080070c0        0x4 /usr/lib/gcc/arm-none-eabi/6.3.1/../../../arm-none-eabi/lib/thumb/v7-m/libc.a(lib_a-impure.o)
                0x00000000080070c0                _global_impure_ptr
 *(.rodata*)
 .rodata.Task100ms_attributes
                0x00000000080070c4       0x24 build/main.o
                0x00000000080070c4                Task100ms_attributes
 .rodata.Task10ms_attributes
                0x00000000080070e8       0x24 build/main.o
                0x00000000080070e8                Task10ms_attributes
 .rodata.Task250ms_attributes
                0x000000000800710c       0x24 build/main.o
                0x000000000800710c                Task250ms_attributes
 .rodata.TaskLoop_attributes
                0x0000000008007130       0x24 build/main.o
                0x0000000008007130                TaskLoop_attributes
 .rodata.str1.4
                0x0000000008007154       0x2d build/main.o
 *fill*         0x0000000008007181        0x3 
 .rodata.AHBPrescTable
                0x0000000008007184       0x10 build/system_stm32f1xx.o
                0x0000000008007184                AHBPrescTable
 .rodata.APBPrescTable
                0x0000000008007194        0x8 build/system_stm32f1xx.o
                0x0000000008007194                APBPrescTable
 .rodata.vTaskStartScheduler.str1.4
                0x000000000800719c        0x5 build/tasks.o
 *fill*         0x00000000080071a1        0x3 
 .rodata.prvCheckForValidListAndQueue.str1.4
                0x00000000080071a4        0x5 build/timers.o
 *fill*         0x00000000080071a9        0x3 
 .rodata.xTimerCreateTimerTask.str1.4
                0x00000000080071ac        0x8 build/timers.o
 .rodata.str1.4
                0x00000000080071b4        0x4 /usr/lib/gcc/arm-none-eabi/6.3.1/../../../arm-none-eabi/lib/thumb/v7-m/libc.a(lib_a-impure.o)
                                          0x2 (size before relaxing)
                0x00000000080071b8                . = ALIGN (0x4)

.ARM.extab
 *(.ARM.extab* .gnu.linkonce.armextab.*)

.ARM            0x00000000080071b8        0x8
                0x00000000080071b8                __exidx_start = .
 *(.ARM.exidx*)
 .ARM.exidx     0x00000000080071b8        0x8 /usr/lib/gcc/arm-none-eabi/6.3.1/thumb/v7-m/libgcc.a(_udivmoddi4.o)
                0x00000000080071c0                __exidx_end = .

.rel.dyn        0x00000000080071c0        0x0
 .rel.iplt      0x00000000080071c0        0x0 /usr/lib/gcc/arm-none-eabi/6.3.1/thumb/v7-m/crtbegin.o

.preinit_array  0x00000000080071c0        0x0
                0x00000000080071c0                PROVIDE (__preinit_array_start, .)
 *(.preinit_array*)
                0x00000000080071c0                PROVIDE (__preinit_array_end, .)

.init_array     0x00000000080071c0        0x8
                0x00000000080071c0                PROVIDE (__init_array_start, .)
 *(SORT(.init_array.*))
 .init_array.00000
                0x00000000080071c0        0x4 /usr/lib/gcc/arm-none-eabi/6.3.1/../../../arm-none-eabi/lib/thumb/v7-m/libc.a(lib_a-__call_atexit.o)
 *(.init_array*)
 .init_array    0x00000000080071c4        0x4 /usr/lib/gcc/arm-none-eabi/6.3.1/thumb/v7-m/crtbegin.o
                0x00000000080071c8                PROVIDE (__init_array_end, .)

.fini_array     0x00000000080071c8        0x4
                0x00000000080071c8                PROVIDE (__fini_array_start, .)
 *(SORT(.fini_array.*))
 *(.fini_array*)
 .fini_array    0x00000000080071c8        0x4 /usr/lib/gcc/arm-none-eabi/6.3.1/thumb/v7-m/crtbegin.o
                0x00000000080071cc                PROVIDE (__fini_array_end, .)
                0x00000000080071cc                _sidata = LOADADDR (.data)

.data           0x0000000020000000      0x440 load address 0x00000000080071cc
                0x0000000020000000                . = ALIGN (0x4)
                0x0000000020000000                _sdata = .
 *(.data)
 .data          0x0000000020000000      0x430 /usr/lib/gcc/arm-none-eabi/6.3.1/../../../arm-none-eabi/lib/thumb/v7-m/libc.a(lib_a-impure.o)
                0x0000000020000000                _impure_ptr
 *(.data*)
 .data.SystemCoreClock
                0x0000000020000430        0x4 build/system_stm32f1xx.o
                0x0000000020000430                SystemCoreClock
 .data.uwTickFreq
                0x0000000020000434        0x1 build/stm32f1xx_hal.o
                0x0000000020000434                uwTickFreq
 *fill*         0x0000000020000435        0x3 
 .data.uwTickPrio
                0x0000000020000438        0x4 build/stm32f1xx_hal.o
                0x0000000020000438                uwTickPrio
 .data.uxCriticalNesting
                0x000000002000043c        0x4 build/port.o
                0x0000000020000440                . = ALIGN (0x4)
                0x0000000020000440                _edata = .

.jcr            0x0000000020000440        0x0 load address 0x000000000800760c
 .jcr           0x0000000020000440        0x0 /usr/lib/gcc/arm-none-eabi/6.3.1/thumb/v7-m/crtbegin.o

.tm_clone_table
                0x0000000020000440        0x0 load address 0x000000000800760c
 .tm_clone_table
                0x0000000020000440        0x0 /usr/lib/gcc/arm-none-eabi/6.3.1/thumb/v7-m/crtbegin.o
 .tm_clone_table
                0x0000000020000440        0x0 /usr/lib/gcc/arm-none-eabi/6.3.1/thumb/v7-m/crtend.o

.igot.plt       0x0000000020000440        0x0 load address 0x000000000800760c
 .igot.plt      0x0000000020000440        0x0 /usr/lib/gcc/arm-none-eabi/6.3.1/thumb/v7-m/crtbegin.o
                0x0000000020000440                . = ALIGN (0x4)

.bss            0x0000000020000440     0x35b4 load address 0x000000000800760c
                0x0000000020000440                _sbss = .
                0x0000000020000440                __bss_start__ = _sbss
 *(.bss)
 .bss           0x0000000020000440       0x1c /usr/lib/gcc/arm-none-eabi/6.3.1/thumb/v7-m/crtbegin.o
 *(.bss*)
 .bss.HAL_RCC_CAN1_CLK_ENABLED
                0x000000002000045c        0x4 build/stm32f1xx_hal_msp.o
 .bss.Idle_Stack
                0x0000000020000460      0x200 build/cmsis_os2.o
 .bss.Idle_TCB  0x0000000020000660       0x5c build/cmsis_os2.o
 .bss.KernelState
                0x00000000200006bc        0x4 build/cmsis_os2.o
 .bss.Timer_Stack
                0x00000000200006c0      0x400 build/cmsis_os2.o
 .bss.Timer_TCB
                0x0000000020000ac0       0x5c build/cmsis_os2.o
 .bss.ucMaxSysCallPriority
                0x0000000020000b1c        0x1 build/port.o
 *fill*         0x0000000020000b1d        0x3 
 .bss.ulMaxPRIGROUPValue
                0x0000000020000b20        0x4 build/port.o
 .bss.pxEnd     0x0000000020000b24        0x4 build/heap_4.o
 .bss.ucHeap    0x0000000020000b28     0x1000 build/heap_4.o
 .bss.xBlockAllocatedBit
                0x0000000020001b28        0x4 build/heap_4.o
 .bss.xFreeBytesRemaining
                0x0000000020001b2c        0x4 build/heap_4.o
 .bss.xMinimumEverFreeBytesRemaining
                0x0000000020001b30        0x4 build/heap_4.o
 .bss.xStart    0x0000000020001b34        0x8 build/heap_4.o
 .bss.pxCurrentTCB
                0x0000000020001b3c        0x4 build/tasks.o
                0x0000000020001b3c                pxCurrentTCB
 .bss.pxDelayedTaskList
                0x0000000020001b40        0x4 build/tasks.o
 .bss.pxOverflowDelayedTaskList
                0x0000000020001b44        0x4 build/tasks.o
 .bss.pxReadyTasksLists
                0x0000000020001b48      0x460 build/tasks.o
 .bss.uxCurrentNumberOfTasks
                0x0000000020001fa8        0x4 build/tasks.o
 .bss.uxDeletedTasksWaitingCleanUp
                0x0000000020001fac        0x4 build/tasks.o
 .bss.uxPendedTicks
                0x0000000020001fb0        0x4 build/tasks.o
 .bss.uxSchedulerSuspended
                0x0000000020001fb4        0x4 build/tasks.o
 .bss.uxTaskNumber
                0x0000000020001fb8        0x4 build/tasks.o
 .bss.uxTopReadyPriority
                0x0000000020001fbc        0x4 build/tasks.o
 .bss.xDelayedTaskList1
                0x0000000020001fc0       0x14 build/tasks.o
 .bss.xDelayedTaskList2
                0x0000000020001fd4       0x14 build/tasks.o
 .bss.xNextTaskUnblockTime
                0x0000000020001fe8        0x4 build/tasks.o
 .bss.xNumOfOverflows
                0x0000000020001fec        0x4 build/tasks.o
 .bss.xPendingReadyList
                0x0000000020001ff0       0x14 build/tasks.o
 .bss.xSchedulerRunning
                0x0000000020002004        0x4 build/tasks.o
 .bss.xSuspendedTaskList
                0x0000000020002008       0x14 build/tasks.o
 .bss.xTasksWaitingTermination
                0x000000002000201c       0x14 build/tasks.o
 .bss.xTickCount
                0x0000000020002030        0x4 build/tasks.o
 .bss.xYieldPending
                0x0000000020002034        0x4 build/tasks.o
 .bss.pxCurrentTimerList
                0x0000000020002038        0x4 build/timers.o
 .bss.pxOverflowTimerList
                0x000000002000203c        0x4 build/timers.o
 .bss.ucStaticTimerQueueStorage.5503
                0x0000000020002040       0xa0 build/timers.o
 .bss.xActiveTimerList1
                0x00000000200020e0       0x14 build/timers.o
 .bss.xActiveTimerList2
                0x00000000200020f4       0x14 build/timers.o
 .bss.xLastTime.5452
                0x0000000020002108        0x4 build/timers.o
 .bss.xStaticTimerQueue.5502
                0x000000002000210c       0x50 build/timers.o
 .bss.xTimerQueue
                0x000000002000215c        0x4 build/timers.o
 .bss.xTimerTaskHandle
                0x0000000020002160        0x4 build/timers.o
 *(COMMON)
 COMMON         0x0000000020002164      0x254 build/can_setup.o
                0x0000000020002164                vcu
                0x0000000020002174                BMS
                0x0000000020002188                sf4
                0x00000000200021b0                sf
                0x00000000200021d8                iboost
                0x00000000200021dc                canRx2
                0x00000000200021e4                ldu
                0x00000000200021f8                canTx
                0x0000000020002200                txMsgExt2
                0x0000000020002218                rxMsg
                0x0000000020002234                tempdata
                0x0000000020002238                tenderActive
                0x000000002000223c                txMsg2
                0x0000000020002254                DCDC
                0x0000000020002258                charger
                0x000000002000225c                te
                0x0000000020002268                hcan2
                0x0000000020002290                canMailbox2
                0x0000000020002294                txMsg
                0x00000000200022ac                canMailbox
                0x00000000200022b0                txCycle2
                0x00000000200022b4                canTx2
                0x00000000200022bc                ADC_data
                0x00000000200022c8                txMsgExt
                0x00000000200022e0                canDebug
                0x00000000200022e4                setPrevState
                0x00000000200022e8                txCycle
                0x00000000200022ec                period
                0x00000000200022f0                rxMsg2
                0x000000002000230c                hcan1
                0x0000000020002334                time_now
                0x0000000020002338                sf2
                0x0000000020002360                canRx
                0x0000000020002368                sf5
                0x0000000020002390                sf3
 COMMON         0x00000000200023b8     0x1130 build/gauges.o
                0x00000000200023b8                tempPWM
                0x0000000020002548                socPWM
 COMMON         0x00000000200034e8      0x480 build/main.o
                0x00000000200034e8                hdma_tim2_ch1
                0x000000002000352c                htim5
                0x0000000020003574                waterPWM
                0x0000000020003704                htim3
                0x000000002000374c                hadc1
                0x000000002000377c                Task10msHandle
                0x0000000020003780                huart1
                0x00000000200037c0                hdma_tim5_ch1
                0x0000000020003804                Task100msHandle
                0x0000000020003808                hdma_tim5_ch2
                0x000000002000384c                hdma_adc1
                0x0000000020003890                htim1
                0x00000000200038d8                TaskLoopHandle
                0x00000000200038dc                huart4
                0x000000002000391c                htim2
                0x0000000020003964                Task250msHandle
 COMMON         0x0000000020003968       0x48 build/stm32f1xx_hal_timebase_tim.o
                0x0000000020003968                htim7
 COMMON         0x00000000200039b0        0x4 build/stm32f1xx_hal.o
                0x00000000200039b0                uwTick
 COMMON         0x00000000200039b4       0x40 build/queue.o
                0x00000000200039b4                xQueueRegistry
                0x00000000200039f4                . = ALIGN (0x4)
                0x00000000200039f4                _ebss = .
                0x00000000200039f4                __bss_end__ = _ebss

._user_heap_stack
                0x00000000200039f4      0x604 load address 0x000000000800760c
                0x00000000200039f8                . = ALIGN (0x8)
 *fill*         0x00000000200039f4        0x4 
                0x00000000200039f8                PROVIDE (end, .)
                [!provide]                        PROVIDE (_end, .)
                0x0000000020003bf8                . = (. + _Min_Heap_Size)
 *fill*         0x00000000200039f8      0x200 
                0x0000000020003ff8                . = (. + _Min_Stack_Size)
 *fill*         0x0000000020003bf8      0x400 
                0x0000000020003ff8                . = ALIGN (0x8)

/DISCARD/
 libc.a(*)
 libm.a(*)
 libgcc.a(*)

.ARM.attributes
                0x0000000000000000       0x29
 *(.ARM.attributes)
 .ARM.attributes
                0x0000000000000000       0x1d /usr/lib/gcc/arm-none-eabi/6.3.1/thumb/v7-m/crti.o
 .ARM.attributes
                0x000000000000001d       0x2d /usr/lib/gcc/arm-none-eabi/6.3.1/thumb/v7-m/crtbegin.o
 .ARM.attributes
                0x000000000000004a       0x33 build/can_setup.o
 .ARM.attributes
                0x000000000000007d       0x33 build/dcdc.o
 .ARM.attributes
                0x00000000000000b0       0x33 build/encoder.o
 .ARM.attributes
                0x00000000000000e3       0x33 build/gauges.o
 .ARM.attributes
                0x0000000000000116       0x33 build/main.o
 .ARM.attributes
                0x0000000000000149       0x33 build/stm32f1xx_hal_msp.o
 .ARM.attributes
                0x000000000000017c       0x33 build/stm32f1xx_hal_timebase_tim.o
 .ARM.attributes
                0x00000000000001af       0x33 build/stm32f1xx_it.o
 .ARM.attributes
                0x00000000000001e2       0x33 build/system_stm32f1xx.o
 .ARM.attributes
                0x0000000000000215       0x33 build/vcu.o
 .ARM.attributes
                0x0000000000000248       0x33 build/water_pump.o
 .ARM.attributes
                0x000000000000027b       0x33 build/stm32f1xx_hal.o
 .ARM.attributes
                0x00000000000002ae       0x33 build/stm32f1xx_hal_adc.o
 .ARM.attributes
                0x00000000000002e1       0x33 build/stm32f1xx_hal_can.o
 .ARM.attributes
                0x0000000000000314       0x33 build/stm32f1xx_hal_cortex.o
 .ARM.attributes
                0x0000000000000347       0x33 build/stm32f1xx_hal_dma.o
 .ARM.attributes
                0x000000000000037a       0x33 build/stm32f1xx_hal_gpio.o
 .ARM.attributes
                0x00000000000003ad       0x33 build/stm32f1xx_hal_rcc.o
 .ARM.attributes
                0x00000000000003e0       0x33 build/stm32f1xx_hal_rcc_ex.o
 .ARM.attributes
                0x0000000000000413       0x33 build/stm32f1xx_hal_tim.o
 .ARM.attributes
                0x0000000000000446       0x33 build/stm32f1xx_hal_tim_ex.o
 .ARM.attributes
                0x0000000000000479       0x33 build/stm32f1xx_hal_uart.o
 .ARM.attributes
                0x00000000000004ac       0x33 build/cmsis_os2.o
 .ARM.attributes
                0x00000000000004df       0x33 build/list.o
 .ARM.attributes
                0x0000000000000512       0x33 build/port.o
 .ARM.attributes
                0x0000000000000545       0x33 build/heap_4.o
 .ARM.attributes
                0x0000000000000578       0x33 build/queue.o
 .ARM.attributes
                0x00000000000005ab       0x33 build/tasks.o
 .ARM.attributes
                0x00000000000005de       0x33 build/timers.o
 .ARM.attributes
                0x0000000000000611       0x21 build/startup_stm32f105xc.o
 .ARM.attributes
                0x0000000000000632       0x2d /usr/lib/gcc/arm-none-eabi/6.3.1/../../../arm-none-eabi/lib/thumb/v7-m/libc.a(lib_a-atexit.o)
 .ARM.attributes
                0x000000000000065f       0x2d /usr/lib/gcc/arm-none-eabi/6.3.1/../../../arm-none-eabi/lib/thumb/v7-m/libc.a(lib_a-fini.o)
 .ARM.attributes
                0x000000000000068c       0x2d /usr/lib/gcc/arm-none-eabi/6.3.1/../../../arm-none-eabi/lib/thumb/v7-m/libc.a(lib_a-impure.o)
 .ARM.attributes
                0x00000000000006b9       0x1b /usr/lib/gcc/arm-none-eabi/6.3.1/../../../arm-none-eabi/lib/thumb/v7-m/libc.a(lib_a-memcpy.o)
 .ARM.attributes
                0x00000000000006d4       0x2d /usr/lib/gcc/arm-none-eabi/6.3.1/../../../arm-none-eabi/lib/thumb/v7-m/libc.a(lib_a-memset.o)
 .ARM.attributes
                0x0000000000000701       0x2d /usr/lib/gcc/arm-none-eabi/6.3.1/../../../arm-none-eabi/lib/thumb/v7-m/libc.a(lib_a-__atexit.o)
 .ARM.attributes
                0x000000000000072e       0x2d /usr/lib/gcc/arm-none-eabi/6.3.1/../../../arm-none-eabi/lib/thumb/v7-m/libc.a(lib_a-__call_atexit.o)
 .ARM.attributes
                0x000000000000075b       0x1d /usr/lib/gcc/arm-none-eabi/6.3.1/thumb/v7-m/libgcc.a(_arm_addsubdf3.o)
 .ARM.attributes
                0x0000000000000778       0x1d /usr/lib/gcc/arm-none-eabi/6.3.1/thumb/v7-m/libgcc.a(_arm_muldivdf3.o)
 .ARM.attributes
                0x0000000000000795       0x1d /usr/lib/gcc/arm-none-eabi/6.3.1/thumb/v7-m/libgcc.a(_arm_fixunsdfsi.o)
 .ARM.attributes
                0x00000000000007b2       0x1d /usr/lib/gcc/arm-none-eabi/6.3.1/thumb/v7-m/libgcc.a(_aeabi_uldivmod.o)
 .ARM.attributes
                0x00000000000007cf       0x2d /usr/lib/gcc/arm-none-eabi/6.3.1/thumb/v7-m/libgcc.a(_udivmoddi4.o)
 .ARM.attributes
                0x00000000000007fc       0x1d /usr/lib/gcc/arm-none-eabi/6.3.1/thumb/v7-m/libgcc.a(_dvmd_tls.o)
 .ARM.attributes
                0x0000000000000819       0x2d /usr/lib/gcc/arm-none-eabi/6.3.1/thumb/v7-m/crtend.o
 .ARM.attributes
                0x0000000000000846       0x1d /usr/lib/gcc/arm-none-eabi/6.3.1/thumb/v7-m/crtn.o
OUTPUT(build/STM_VCU.elf elf32-littlearm)

.comment        0x0000000000000000       0x31
 .comment       0x0000000000000000       0x31 /usr/lib/gcc/arm-none-eabi/6.3.1/thumb/v7-m/crtbegin.o
                                         0x32 (size before relaxing)
 .comment       0x0000000000000031       0x32 build/can_setup.o
 .comment       0x0000000000000031       0x32 build/dcdc.o
 .comment       0x0000000000000031       0x32 build/encoder.o
 .comment       0x0000000000000031       0x32 build/gauges.o
 .comment       0x0000000000000031       0x32 build/main.o
 .comment       0x0000000000000031       0x32 build/stm32f1xx_hal_msp.o
 .comment       0x0000000000000031       0x32 build/stm32f1xx_hal_timebase_tim.o
 .comment       0x0000000000000031       0x32 build/stm32f1xx_it.o
 .comment       0x0000000000000031       0x32 build/system_stm32f1xx.o
 .comment       0x0000000000000031       0x32 build/vcu.o
 .comment       0x0000000000000031       0x32 build/water_pump.o
 .comment       0x0000000000000031       0x32 build/stm32f1xx_hal.o
 .comment       0x0000000000000031       0x32 build/stm32f1xx_hal_adc.o
 .comment       0x0000000000000031       0x32 build/stm32f1xx_hal_can.o
 .comment       0x0000000000000031       0x32 build/stm32f1xx_hal_cortex.o
 .comment       0x0000000000000031       0x32 build/stm32f1xx_hal_dma.o
 .comment       0x0000000000000031       0x32 build/stm32f1xx_hal_gpio.o
 .comment       0x0000000000000031       0x32 build/stm32f1xx_hal_rcc.o
 .comment       0x0000000000000031       0x32 build/stm32f1xx_hal_rcc_ex.o
 .comment       0x0000000000000031       0x32 build/stm32f1xx_hal_tim.o
 .comment       0x0000000000000031       0x32 build/stm32f1xx_hal_tim_ex.o
 .comment       0x0000000000000031       0x32 build/stm32f1xx_hal_uart.o
 .comment       0x0000000000000031       0x32 build/cmsis_os2.o
 .comment       0x0000000000000031       0x32 build/list.o
 .comment       0x0000000000000031       0x32 build/port.o
 .comment       0x0000000000000031       0x32 build/heap_4.o
 .comment       0x0000000000000031       0x32 build/queue.o
 .comment       0x0000000000000031       0x32 build/tasks.o
 .comment       0x0000000000000031       0x32 build/timers.o
 .comment       0x0000000000000031       0x32 /usr/lib/gcc/arm-none-eabi/6.3.1/../../../arm-none-eabi/lib/thumb/v7-m/libc.a(lib_a-atexit.o)
 .comment       0x0000000000000031       0x32 /usr/lib/gcc/arm-none-eabi/6.3.1/../../../arm-none-eabi/lib/thumb/v7-m/libc.a(lib_a-fini.o)
 .comment       0x0000000000000031       0x32 /usr/lib/gcc/arm-none-eabi/6.3.1/../../../arm-none-eabi/lib/thumb/v7-m/libc.a(lib_a-impure.o)
 .comment       0x0000000000000031       0x32 /usr/lib/gcc/arm-none-eabi/6.3.1/../../../arm-none-eabi/lib/thumb/v7-m/libc.a(lib_a-memset.o)
 .comment       0x0000000000000031       0x32 /usr/lib/gcc/arm-none-eabi/6.3.1/../../../arm-none-eabi/lib/thumb/v7-m/libc.a(lib_a-__atexit.o)
 .comment       0x0000000000000031       0x32 /usr/lib/gcc/arm-none-eabi/6.3.1/../../../arm-none-eabi/lib/thumb/v7-m/libc.a(lib_a-__call_atexit.o)
 .comment       0x0000000000000031       0x32 /usr/lib/gcc/arm-none-eabi/6.3.1/thumb/v7-m/libgcc.a(_udivmoddi4.o)
 .comment       0x0000000000000031       0x32 /usr/lib/gcc/arm-none-eabi/6.3.1/thumb/v7-m/crtend.o

.debug_info     0x0000000000000000    0x2fb73
 .debug_info    0x0000000000000000     0x1f76 build/can_setup.o
 .debug_info    0x0000000000001f76     0x176e build/dcdc.o
 .debug_info    0x00000000000036e4     0x18e3 build/encoder.o
 .debug_info    0x0000000000004fc7      0xd96 build/gauges.o
 .debug_info    0x0000000000005d5d     0x3bcb build/main.o
 .debug_info    0x0000000000009928     0x1bf2 build/stm32f1xx_hal_msp.o
 .debug_info    0x000000000000b51a      0xba4 build/stm32f1xx_hal_timebase_tim.o
 .debug_info    0x000000000000c0be      0xd23 build/stm32f1xx_it.o
 .debug_info    0x000000000000cde1      0x30e build/system_stm32f1xx.o
 .debug_info    0x000000000000d0ef     0x1b19 build/vcu.o
 .debug_info    0x000000000000ec08     0x174b build/water_pump.o
 .debug_info    0x0000000000010353      0x8f1 build/stm32f1xx_hal.o
 .debug_info    0x0000000000010c44      0xf78 build/stm32f1xx_hal_adc.o
 .debug_info    0x0000000000011bbc     0x1286 build/stm32f1xx_hal_can.o
 .debug_info    0x0000000000012e42      0xdc7 build/stm32f1xx_hal_cortex.o
 .debug_info    0x0000000000013c09      0x8c6 build/stm32f1xx_hal_dma.o
 .debug_info    0x00000000000144cf      0x73f build/stm32f1xx_hal_gpio.o
 .debug_info    0x0000000000014c0e      0xbb3 build/stm32f1xx_hal_rcc.o
 .debug_info    0x00000000000157c1      0x764 build/stm32f1xx_hal_rcc_ex.o
 .debug_info    0x0000000000015f25     0x3846 build/stm32f1xx_hal_tim.o
 .debug_info    0x000000000001976b     0x190e build/stm32f1xx_hal_tim_ex.o
 .debug_info    0x000000000001b079     0x17f5 build/stm32f1xx_hal_uart.o
 .debug_info    0x000000000001c86e     0x4e36 build/cmsis_os2.o
 .debug_info    0x00000000000216a4      0xbd0 build/list.o
 .debug_info    0x0000000000022274      0x54c build/port.o
 .debug_info    0x00000000000227c0      0xd6a build/heap_4.o
 .debug_info    0x000000000002352a     0x2e75 build/queue.o
 .debug_info    0x000000000002639f     0x36a9 build/tasks.o
 .debug_info    0x0000000000029a48     0x2166 build/timers.o
 .debug_info    0x000000000002bbae       0x52 build/startup_stm32f105xc.o
 .debug_info    0x000000000002bc00      0x907 /usr/lib/gcc/arm-none-eabi/6.3.1/../../../arm-none-eabi/lib/thumb/v7-m/libc.a(lib_a-atexit.o)
 .debug_info    0x000000000002c507       0xfa /usr/lib/gcc/arm-none-eabi/6.3.1/../../../arm-none-eabi/lib/thumb/v7-m/libc.a(lib_a-fini.o)
 .debug_info    0x000000000002c601      0x8a5 /usr/lib/gcc/arm-none-eabi/6.3.1/../../../arm-none-eabi/lib/thumb/v7-m/libc.a(lib_a-impure.o)
 .debug_info    0x000000000002cea6       0xc8 /usr/lib/gcc/arm-none-eabi/6.3.1/../../../arm-none-eabi/lib/thumb/v7-m/libc.a(lib_a-memcpy.o)
 .debug_info    0x000000000002cf6e      0x91b /usr/lib/gcc/arm-none-eabi/6.3.1/../../../arm-none-eabi/lib/thumb/v7-m/libc.a(lib_a-memset.o)
 .debug_info    0x000000000002d889      0x950 /usr/lib/gcc/arm-none-eabi/6.3.1/../../../arm-none-eabi/lib/thumb/v7-m/libc.a(lib_a-__atexit.o)
 .debug_info    0x000000000002e1d9      0x9bc /usr/lib/gcc/arm-none-eabi/6.3.1/../../../arm-none-eabi/lib/thumb/v7-m/libc.a(lib_a-__call_atexit.o)
 .debug_info    0x000000000002eb95       0xc0 /usr/lib/gcc/arm-none-eabi/6.3.1/thumb/v7-m/libgcc.a(_arm_addsubdf3.o)
 .debug_info    0x000000000002ec55       0xc0 /usr/lib/gcc/arm-none-eabi/6.3.1/thumb/v7-m/libgcc.a(_arm_muldivdf3.o)
 .debug_info    0x000000000002ed15       0xc0 /usr/lib/gcc/arm-none-eabi/6.3.1/thumb/v7-m/libgcc.a(_arm_fixunsdfsi.o)
 .debug_info    0x000000000002edd5       0xbb /usr/lib/gcc/arm-none-eabi/6.3.1/thumb/v7-m/libgcc.a(_aeabi_uldivmod.o)
 .debug_info    0x000000000002ee90      0xc24 /usr/lib/gcc/arm-none-eabi/6.3.1/thumb/v7-m/libgcc.a(_udivmoddi4.o)
 .debug_info    0x000000000002fab4       0xbf /usr/lib/gcc/arm-none-eabi/6.3.1/thumb/v7-m/libgcc.a(_dvmd_tls.o)

.debug_abbrev   0x0000000000000000     0x5802
 .debug_abbrev  0x0000000000000000      0x2a4 build/can_setup.o
 .debug_abbrev  0x00000000000002a4      0x28a build/dcdc.o
 .debug_abbrev  0x000000000000052e      0x269 build/encoder.o
 .debug_abbrev  0x0000000000000797      0x252 build/gauges.o
 .debug_abbrev  0x00000000000009e9      0x382 build/main.o
 .debug_abbrev  0x0000000000000d6b      0x259 build/stm32f1xx_hal_msp.o
 .debug_abbrev  0x0000000000000fc4      0x1ec build/stm32f1xx_hal_timebase_tim.o
 .debug_abbrev  0x00000000000011b0      0x1aa build/stm32f1xx_it.o
 .debug_abbrev  0x000000000000135a      0x128 build/system_stm32f1xx.o
 .debug_abbrev  0x0000000000001482      0x2e6 build/vcu.o
 .debug_abbrev  0x0000000000001768      0x2ac build/water_pump.o
 .debug_abbrev  0x0000000000001a14      0x1eb build/stm32f1xx_hal.o
 .debug_abbrev  0x0000000000001bff      0x231 build/stm32f1xx_hal_adc.o
 .debug_abbrev  0x0000000000001e30      0x277 build/stm32f1xx_hal_can.o
 .debug_abbrev  0x00000000000020a7      0x316 build/stm32f1xx_hal_cortex.o
 .debug_abbrev  0x00000000000023bd      0x263 build/stm32f1xx_hal_dma.o
 .debug_abbrev  0x0000000000002620      0x211 build/stm32f1xx_hal_gpio.o
 .debug_abbrev  0x0000000000002831      0x28c build/stm32f1xx_hal_rcc.o
 .debug_abbrev  0x0000000000002abd      0x1e5 build/stm32f1xx_hal_rcc_ex.o
 .debug_abbrev  0x0000000000002ca2      0x282 build/stm32f1xx_hal_tim.o
 .debug_abbrev  0x0000000000002f24      0x278 build/stm32f1xx_hal_tim_ex.o
 .debug_abbrev  0x000000000000319c      0x2ab build/stm32f1xx_hal_uart.o
 .debug_abbrev  0x0000000000003447      0x43f build/cmsis_os2.o
 .debug_abbrev  0x0000000000003886      0x215 build/list.o
 .debug_abbrev  0x0000000000003a9b      0x257 build/port.o
 .debug_abbrev  0x0000000000003cf2      0x309 build/heap_4.o
 .debug_abbrev  0x0000000000003ffb      0x3f3 build/queue.o
 .debug_abbrev  0x00000000000043ee      0x3e8 build/tasks.o
 .debug_abbrev  0x00000000000047d6      0x37d build/timers.o
 .debug_abbrev  0x0000000000004b53       0x12 build/startup_stm32f105xc.o
 .debug_abbrev  0x0000000000004b65      0x1f6 /usr/lib/gcc/arm-none-eabi/6.3.1/../../../arm-none-eabi/lib/thumb/v7-m/libc.a(lib_a-atexit.o)
 .debug_abbrev  0x0000000000004d5b       0xbd /usr/lib/gcc/arm-none-eabi/6.3.1/../../../arm-none-eabi/lib/thumb/v7-m/libc.a(lib_a-fini.o)
 .debug_abbrev  0x0000000000004e18      0x189 /usr/lib/gcc/arm-none-eabi/6.3.1/../../../arm-none-eabi/lib/thumb/v7-m/libc.a(lib_a-impure.o)
 .debug_abbrev  0x0000000000004fa1       0x14 /usr/lib/gcc/arm-none-eabi/6.3.1/../../../arm-none-eabi/lib/thumb/v7-m/libc.a(lib_a-memcpy.o)
 .debug_abbrev  0x0000000000004fb5      0x1cd /usr/lib/gcc/arm-none-eabi/6.3.1/../../../arm-none-eabi/lib/thumb/v7-m/libc.a(lib_a-memset.o)
 .debug_abbrev  0x0000000000005182      0x220 /usr/lib/gcc/arm-none-eabi/6.3.1/../../../arm-none-eabi/lib/thumb/v7-m/libc.a(lib_a-__atexit.o)
 .debug_abbrev  0x00000000000053a2      0x270 /usr/lib/gcc/arm-none-eabi/6.3.1/../../../arm-none-eabi/lib/thumb/v7-m/libc.a(lib_a-__call_atexit.o)
 .debug_abbrev  0x0000000000005612       0x14 /usr/lib/gcc/arm-none-eabi/6.3.1/thumb/v7-m/libgcc.a(_arm_addsubdf3.o)
 .debug_abbrev  0x0000000000005626       0x14 /usr/lib/gcc/arm-none-eabi/6.3.1/thumb/v7-m/libgcc.a(_arm_muldivdf3.o)
 .debug_abbrev  0x000000000000563a       0x14 /usr/lib/gcc/arm-none-eabi/6.3.1/thumb/v7-m/libgcc.a(_arm_fixunsdfsi.o)
 .debug_abbrev  0x000000000000564e       0x14 /usr/lib/gcc/arm-none-eabi/6.3.1/thumb/v7-m/libgcc.a(_aeabi_uldivmod.o)
 .debug_abbrev  0x0000000000005662      0x18c /usr/lib/gcc/arm-none-eabi/6.3.1/thumb/v7-m/libgcc.a(_udivmoddi4.o)
 .debug_abbrev  0x00000000000057ee       0x14 /usr/lib/gcc/arm-none-eabi/6.3.1/thumb/v7-m/libgcc.a(_dvmd_tls.o)

.debug_loc      0x0000000000000000    0x194fa
 .debug_loc     0x0000000000000000      0x45f build/can_setup.o
 .debug_loc     0x000000000000045f      0x10d build/dcdc.o
 .debug_loc     0x000000000000056c      0x185 build/encoder.o
 .debug_loc     0x00000000000006f1      0x1af build/gauges.o
 .debug_loc     0x00000000000008a0      0x538 build/main.o
 .debug_loc     0x0000000000000dd8      0x52f build/stm32f1xx_hal_msp.o
 .debug_loc     0x0000000000001307       0xbd build/stm32f1xx_hal_timebase_tim.o
 .debug_loc     0x00000000000013c4       0xe0 build/stm32f1xx_it.o
 .debug_loc     0x00000000000014a4      0x1fc build/system_stm32f1xx.o
 .debug_loc     0x00000000000016a0      0x345 build/vcu.o
 .debug_loc     0x00000000000019e5       0xdc build/water_pump.o
 .debug_loc     0x0000000000001ac1      0x1ad build/stm32f1xx_hal.o
 .debug_loc     0x0000000000001c6e      0xc23 build/stm32f1xx_hal_adc.o
 .debug_loc     0x0000000000002891      0xddf build/stm32f1xx_hal_can.o
 .debug_loc     0x0000000000003670      0x685 build/stm32f1xx_hal_cortex.o
 .debug_loc     0x0000000000003cf5      0x850 build/stm32f1xx_hal_dma.o
 .debug_loc     0x0000000000004545      0x471 build/stm32f1xx_hal_gpio.o
 .debug_loc     0x00000000000049b6      0x6e8 build/stm32f1xx_hal_rcc.o
 .debug_loc     0x000000000000509e      0x72f build/stm32f1xx_hal_rcc_ex.o
 .debug_loc     0x00000000000057cd     0x51cc build/stm32f1xx_hal_tim.o
 .debug_loc     0x000000000000a999     0x1fdf build/stm32f1xx_hal_tim_ex.o
 .debug_loc     0x000000000000c978     0x1ada build/stm32f1xx_hal_uart.o
 .debug_loc     0x000000000000e452     0x4a73 build/cmsis_os2.o
 .debug_loc     0x0000000000012ec5       0x9c build/list.o
 .debug_loc     0x0000000000012f61      0x152 build/port.o
 .debug_loc     0x00000000000130b3      0x324 build/heap_4.o
 .debug_loc     0x00000000000133d7     0x1a04 build/queue.o
 .debug_loc     0x0000000000014ddb     0x244a build/tasks.o
 .debug_loc     0x0000000000017225      0xf91 build/timers.o
 .debug_loc     0x00000000000181b6       0x2c /usr/lib/gcc/arm-none-eabi/6.3.1/../../../arm-none-eabi/lib/thumb/v7-m/libc.a(lib_a-atexit.o)
 .debug_loc     0x00000000000181e2       0x5c /usr/lib/gcc/arm-none-eabi/6.3.1/../../../arm-none-eabi/lib/thumb/v7-m/libc.a(lib_a-fini.o)
 .debug_loc     0x000000000001823e      0x1bd /usr/lib/gcc/arm-none-eabi/6.3.1/../../../arm-none-eabi/lib/thumb/v7-m/libc.a(lib_a-memset.o)
 .debug_loc     0x00000000000183fb      0x1ad /usr/lib/gcc/arm-none-eabi/6.3.1/../../../arm-none-eabi/lib/thumb/v7-m/libc.a(lib_a-__atexit.o)
 .debug_loc     0x00000000000185a8      0x199 /usr/lib/gcc/arm-none-eabi/6.3.1/../../../arm-none-eabi/lib/thumb/v7-m/libc.a(lib_a-__call_atexit.o)
 .debug_loc     0x0000000000018741      0xdb9 /usr/lib/gcc/arm-none-eabi/6.3.1/thumb/v7-m/libgcc.a(_udivmoddi4.o)

.debug_aranges  0x0000000000000000     0x1950
 .debug_aranges
                0x0000000000000000       0x60 build/can_setup.o
 .debug_aranges
                0x0000000000000060       0x40 build/dcdc.o
 .debug_aranges
                0x00000000000000a0       0x40 build/encoder.o
 .debug_aranges
                0x00000000000000e0       0x40 build/gauges.o
 .debug_aranges
                0x0000000000000120       0xc0 build/main.o
 .debug_aranges
                0x00000000000001e0       0x88 build/stm32f1xx_hal_msp.o
 .debug_aranges
                0x0000000000000268       0x30 build/stm32f1xx_hal_timebase_tim.o
 .debug_aranges
                0x0000000000000298       0x80 build/stm32f1xx_it.o
 .debug_aranges
                0x0000000000000318       0x28 build/system_stm32f1xx.o
 .debug_aranges
                0x0000000000000340       0x60 build/vcu.o
 .debug_aranges
                0x00000000000003a0       0x30 build/water_pump.o
 .debug_aranges
                0x00000000000003d0       0xe0 build/stm32f1xx_hal.o
 .debug_aranges
                0x00000000000004b0       0xf0 build/stm32f1xx_hal_adc.o
 .debug_aranges
                0x00000000000005a0      0x138 build/stm32f1xx_hal_can.o
 .debug_aranges
                0x00000000000006d8       0x90 build/stm32f1xx_hal_cortex.o
 .debug_aranges
                0x0000000000000768       0x80 build/stm32f1xx_hal_dma.o
 .debug_aranges
                0x00000000000007e8       0x58 build/stm32f1xx_hal_gpio.o
 .debug_aranges
                0x0000000000000840       0x90 build/stm32f1xx_hal_rcc.o
 .debug_aranges
                0x00000000000008d0       0x50 build/stm32f1xx_hal_rcc_ex.o
 .debug_aranges
                0x0000000000000920      0x3d0 build/stm32f1xx_hal_tim.o
 .debug_aranges
                0x0000000000000cf0      0x168 build/stm32f1xx_hal_tim_ex.o
 .debug_aranges
                0x0000000000000e58      0x1d0 build/stm32f1xx_hal_uart.o
 .debug_aranges
                0x0000000000001028      0x228 build/cmsis_os2.o
 .debug_aranges
                0x0000000000001250       0x40 build/list.o
 .debug_aranges
                0x0000000000001290       0x78 build/port.o
 .debug_aranges
                0x0000000000001308       0x50 build/heap_4.o
 .debug_aranges
                0x0000000000001358      0x158 build/queue.o
 .debug_aranges
                0x00000000000014b0      0x1f8 build/tasks.o
 .debug_aranges
                0x00000000000016a8       0xe0 build/timers.o
 .debug_aranges
                0x0000000000001788       0x28 build/startup_stm32f105xc.o
 .debug_aranges
                0x00000000000017b0       0x20 /usr/lib/gcc/arm-none-eabi/6.3.1/../../../arm-none-eabi/lib/thumb/v7-m/libc.a(lib_a-atexit.o)
 .debug_aranges
                0x00000000000017d0       0x20 /usr/lib/gcc/arm-none-eabi/6.3.1/../../../arm-none-eabi/lib/thumb/v7-m/libc.a(lib_a-fini.o)
 .debug_aranges
                0x00000000000017f0       0x18 /usr/lib/gcc/arm-none-eabi/6.3.1/../../../arm-none-eabi/lib/thumb/v7-m/libc.a(lib_a-impure.o)
 .debug_aranges
                0x0000000000001808       0x20 /usr/lib/gcc/arm-none-eabi/6.3.1/../../../arm-none-eabi/lib/thumb/v7-m/libc.a(lib_a-memcpy.o)
 .debug_aranges
                0x0000000000001828       0x20 /usr/lib/gcc/arm-none-eabi/6.3.1/../../../arm-none-eabi/lib/thumb/v7-m/libc.a(lib_a-memset.o)
 .debug_aranges
                0x0000000000001848       0x20 /usr/lib/gcc/arm-none-eabi/6.3.1/../../../arm-none-eabi/lib/thumb/v7-m/libc.a(lib_a-__atexit.o)
 .debug_aranges
                0x0000000000001868       0x28 /usr/lib/gcc/arm-none-eabi/6.3.1/../../../arm-none-eabi/lib/thumb/v7-m/libc.a(lib_a-__call_atexit.o)
 .debug_aranges
                0x0000000000001890       0x20 /usr/lib/gcc/arm-none-eabi/6.3.1/thumb/v7-m/libgcc.a(_arm_addsubdf3.o)
 .debug_aranges
                0x00000000000018b0       0x20 /usr/lib/gcc/arm-none-eabi/6.3.1/thumb/v7-m/libgcc.a(_arm_muldivdf3.o)
 .debug_aranges
                0x00000000000018d0       0x20 /usr/lib/gcc/arm-none-eabi/6.3.1/thumb/v7-m/libgcc.a(_arm_fixunsdfsi.o)
 .debug_aranges
                0x00000000000018f0       0x20 /usr/lib/gcc/arm-none-eabi/6.3.1/thumb/v7-m/libgcc.a(_aeabi_uldivmod.o)
 .debug_aranges
                0x0000000000001910       0x20 /usr/lib/gcc/arm-none-eabi/6.3.1/thumb/v7-m/libgcc.a(_udivmoddi4.o)
 .debug_aranges
                0x0000000000001930       0x20 /usr/lib/gcc/arm-none-eabi/6.3.1/thumb/v7-m/libgcc.a(_dvmd_tls.o)

.debug_ranges   0x0000000000000000     0x19e0
 .debug_ranges  0x0000000000000000       0x80 build/can_setup.o
 .debug_ranges  0x0000000000000080       0x30 build/dcdc.o
 .debug_ranges  0x00000000000000b0       0x30 build/encoder.o
 .debug_ranges  0x00000000000000e0       0x30 build/gauges.o
 .debug_ranges  0x0000000000000110       0xb0 build/main.o
 .debug_ranges  0x00000000000001c0       0x78 build/stm32f1xx_hal_msp.o
 .debug_ranges  0x0000000000000238       0x20 build/stm32f1xx_hal_timebase_tim.o
 .debug_ranges  0x0000000000000258       0x70 build/stm32f1xx_it.o
 .debug_ranges  0x00000000000002c8       0x18 build/system_stm32f1xx.o
 .debug_ranges  0x00000000000002e0       0x50 build/vcu.o
 .debug_ranges  0x0000000000000330       0x20 build/water_pump.o
 .debug_ranges  0x0000000000000350       0xd0 build/stm32f1xx_hal.o
 .debug_ranges  0x0000000000000420       0xe0 build/stm32f1xx_hal_adc.o
 .debug_ranges  0x0000000000000500      0x128 build/stm32f1xx_hal_can.o
 .debug_ranges  0x0000000000000628       0xe0 build/stm32f1xx_hal_cortex.o
 .debug_ranges  0x0000000000000708       0x70 build/stm32f1xx_hal_dma.o
 .debug_ranges  0x0000000000000778       0x48 build/stm32f1xx_hal_gpio.o
 .debug_ranges  0x00000000000007c0       0xa0 build/stm32f1xx_hal_rcc.o
 .debug_ranges  0x0000000000000860       0x58 build/stm32f1xx_hal_rcc_ex.o
 .debug_ranges  0x00000000000008b8      0x3c0 build/stm32f1xx_hal_tim.o
 .debug_ranges  0x0000000000000c78      0x158 build/stm32f1xx_hal_tim_ex.o
 .debug_ranges  0x0000000000000dd0      0x1c0 build/stm32f1xx_hal_uart.o
 .debug_ranges  0x0000000000000f90      0x218 build/cmsis_os2.o
 .debug_ranges  0x00000000000011a8       0x30 build/list.o
 .debug_ranges  0x00000000000011d8       0x68 build/port.o
 .debug_ranges  0x0000000000001240       0x40 build/heap_4.o
 .debug_ranges  0x0000000000001280      0x238 build/queue.o
 .debug_ranges  0x00000000000014b8      0x310 build/tasks.o
 .debug_ranges  0x00000000000017c8       0xd0 build/timers.o
 .debug_ranges  0x0000000000001898       0x20 build/startup_stm32f105xc.o
 .debug_ranges  0x00000000000018b8       0x38 /usr/lib/gcc/arm-none-eabi/6.3.1/../../../arm-none-eabi/lib/thumb/v7-m/libc.a(lib_a-__call_atexit.o)
 .debug_ranges  0x00000000000018f0       0xf0 /usr/lib/gcc/arm-none-eabi/6.3.1/thumb/v7-m/libgcc.a(_udivmoddi4.o)

.debug_line     0x0000000000000000     0xc7d5
 .debug_line    0x0000000000000000      0x38a build/can_setup.o
 .debug_line    0x000000000000038a      0x251 build/dcdc.o
 .debug_line    0x00000000000005db      0x27e build/encoder.o
 .debug_line    0x0000000000000859      0x24f build/gauges.o
 .debug_line    0x0000000000000aa8      0x6e7 build/main.o
 .debug_line    0x000000000000118f      0x401 build/stm32f1xx_hal_msp.o
 .debug_line    0x0000000000001590      0x1fa build/stm32f1xx_hal_timebase_tim.o
 .debug_line    0x000000000000178a      0x279 build/stm32f1xx_it.o
 .debug_line    0x0000000000001a03      0x18a build/system_stm32f1xx.o
 .debug_line    0x0000000000001b8d      0x35b build/vcu.o
 .debug_line    0x0000000000001ee8      0x266 build/water_pump.o
 .debug_line    0x000000000000214e      0x353 build/stm32f1xx_hal.o
 .debug_line    0x00000000000024a1      0x707 build/stm32f1xx_hal_adc.o
 .debug_line    0x0000000000002ba8      0x669 build/stm32f1xx_hal_can.o
 .debug_line    0x0000000000003211      0x328 build/stm32f1xx_hal_cortex.o
 .debug_line    0x0000000000003539      0x75d build/stm32f1xx_hal_dma.o
 .debug_line    0x0000000000003c96      0x31e build/stm32f1xx_hal_gpio.o
 .debug_line    0x0000000000003fb4      0x4d9 build/stm32f1xx_hal_rcc.o
 .debug_line    0x000000000000448d      0x377 build/stm32f1xx_hal_rcc_ex.o
 .debug_line    0x0000000000004804     0x1c93 build/stm32f1xx_hal_tim.o
 .debug_line    0x0000000000006497      0xe7c build/stm32f1xx_hal_tim_ex.o
 .debug_line    0x0000000000007313      0xb03 build/stm32f1xx_hal_uart.o
 .debug_line    0x0000000000007e16     0x14fa build/cmsis_os2.o
 .debug_line    0x0000000000009310      0x242 build/list.o
 .debug_line    0x0000000000009552      0x296 build/port.o
 .debug_line    0x00000000000097e8      0x2ea build/heap_4.o
 .debug_line    0x0000000000009ad2      0xa62 build/queue.o
 .debug_line    0x000000000000a534      0xe03 build/tasks.o
 .debug_line    0x000000000000b337      0x53e build/timers.o
 .debug_line    0x000000000000b875       0x73 build/startup_stm32f105xc.o
 .debug_line    0x000000000000b8e8      0x151 /usr/lib/gcc/arm-none-eabi/6.3.1/../../../arm-none-eabi/lib/thumb/v7-m/libc.a(lib_a-atexit.o)
 .debug_line    0x000000000000ba39       0x9f /usr/lib/gcc/arm-none-eabi/6.3.1/../../../arm-none-eabi/lib/thumb/v7-m/libc.a(lib_a-fini.o)
 .debug_line    0x000000000000bad8       0xe9 /usr/lib/gcc/arm-none-eabi/6.3.1/../../../arm-none-eabi/lib/thumb/v7-m/libc.a(lib_a-impure.o)
 .debug_line    0x000000000000bbc1       0xbe /usr/lib/gcc/arm-none-eabi/6.3.1/../../../arm-none-eabi/lib/thumb/v7-m/libc.a(lib_a-memcpy.o)
 .debug_line    0x000000000000bc7f      0x176 /usr/lib/gcc/arm-none-eabi/6.3.1/../../../arm-none-eabi/lib/thumb/v7-m/libc.a(lib_a-memset.o)
 .debug_line    0x000000000000bdf5      0x18f /usr/lib/gcc/arm-none-eabi/6.3.1/../../../arm-none-eabi/lib/thumb/v7-m/libc.a(lib_a-__atexit.o)
 .debug_line    0x000000000000bf84      0x1b3 /usr/lib/gcc/arm-none-eabi/6.3.1/../../../arm-none-eabi/lib/thumb/v7-m/libc.a(lib_a-__call_atexit.o)
 .debug_line    0x000000000000c137      0x183 /usr/lib/gcc/arm-none-eabi/6.3.1/thumb/v7-m/libgcc.a(_arm_addsubdf3.o)
 .debug_line    0x000000000000c2ba      0x19f /usr/lib/gcc/arm-none-eabi/6.3.1/thumb/v7-m/libgcc.a(_arm_muldivdf3.o)
 .debug_line    0x000000000000c459       0x76 /usr/lib/gcc/arm-none-eabi/6.3.1/thumb/v7-m/libgcc.a(_arm_fixunsdfsi.o)
 .debug_line    0x000000000000c4cf       0x61 /usr/lib/gcc/arm-none-eabi/6.3.1/thumb/v7-m/libgcc.a(_aeabi_uldivmod.o)
 .debug_line    0x000000000000c530      0x244 /usr/lib/gcc/arm-none-eabi/6.3.1/thumb/v7-m/libgcc.a(_udivmoddi4.o)
 .debug_line    0x000000000000c774       0x61 /usr/lib/gcc/arm-none-eabi/6.3.1/thumb/v7-m/libgcc.a(_dvmd_tls.o)

.debug_str      0x0000000000000000     0x8d5a
 .debug_str     0x0000000000000000     0x1033 build/can_setup.o
                                       0x1129 (size before relaxing)
 .debug_str     0x0000000000001033       0x92 build/dcdc.o
                                        0xc55 (size before relaxing)
 .debug_str     0x00000000000010c5       0x43 build/encoder.o
                                        0xc49 (size before relaxing)
 .debug_str     0x0000000000001108       0xb6 build/gauges.o
                                        0x6bc (size before relaxing)
 .debug_str     0x00000000000011be     0x147a build/main.o
                                       0x259f (size before relaxing)
 .debug_str     0x0000000000002638      0x1b7 build/stm32f1xx_hal_msp.o
                                       0x12aa (size before relaxing)
 .debug_str     0x00000000000027ef       0xe9 build/stm32f1xx_hal_timebase_tim.o
                                        0xc59 (size before relaxing)
 .debug_str     0x00000000000028d8      0x152 build/stm32f1xx_it.o
                                        0xac2 (size before relaxing)
 .debug_str     0x0000000000002a2a       0x82 build/system_stm32f1xx.o
                                        0x2d8 (size before relaxing)
 .debug_str     0x0000000000002aac       0x81 build/vcu.o
                                        0xcee (size before relaxing)
 .debug_str     0x0000000000002b2d       0x38 build/water_pump.o
                                        0xc40 (size before relaxing)
 .debug_str     0x0000000000002b65      0x229 build/stm32f1xx_hal.o
                                        0x8fc (size before relaxing)
 .debug_str     0x0000000000002d8e      0x31e build/stm32f1xx_hal_adc.o
                                        0x938 (size before relaxing)
 .debug_str     0x00000000000030ac      0x398 build/stm32f1xx_hal_can.o
                                        0xab3 (size before relaxing)
 .debug_str     0x0000000000003444      0x360 build/stm32f1xx_hal_cortex.o
                                        0xa0a (size before relaxing)
 .debug_str     0x00000000000037a4      0x1d1 build/stm32f1xx_hal_dma.o
                                        0x684 (size before relaxing)
 .debug_str     0x0000000000003975       0xee build/stm32f1xx_hal_gpio.o
                                        0x495 (size before relaxing)
 .debug_str     0x0000000000003a63      0x1bc build/stm32f1xx_hal_rcc.o
                                        0x6e4 (size before relaxing)
 .debug_str     0x0000000000003c1f       0xf7 build/stm32f1xx_hal_rcc_ex.o
                                        0x581 (size before relaxing)
 .debug_str     0x0000000000003d16      0xcd1 build/stm32f1xx_hal_tim.o
                                       0x16bf (size before relaxing)
 .debug_str     0x00000000000049e7      0x498 build/stm32f1xx_hal_tim_ex.o
                                        0xee9 (size before relaxing)
 .debug_str     0x0000000000004e7f      0x4ff build/stm32f1xx_hal_uart.o
                                        0xc17 (size before relaxing)
 .debug_str     0x000000000000537e     0x11a4 build/cmsis_os2.o
                                       0x1c58 (size before relaxing)
 .debug_str     0x0000000000006522      0x140 build/list.o
                                        0x68d (size before relaxing)
 .debug_str     0x0000000000006662      0x23d build/port.o
                                        0x40a (size before relaxing)
 .debug_str     0x000000000000689f      0x1de build/heap_4.o
                                        0x776 (size before relaxing)
 .debug_str     0x0000000000006a7d      0x5d8 build/queue.o
                                        0xffa (size before relaxing)
 .debug_str     0x0000000000007055      0x88b build/tasks.o
                                       0x1607 (size before relaxing)
 .debug_str     0x00000000000078e0      0x4d2 build/timers.o
                                        0xf7e (size before relaxing)
 .debug_str     0x0000000000007db2      0x12b /usr/lib/gcc/arm-none-eabi/6.3.1/../../../arm-none-eabi/lib/thumb/v7-m/libc.a(lib_a-atexit.o)
                                        0x5af (size before relaxing)
 .debug_str     0x0000000000007edd       0xbe /usr/lib/gcc/arm-none-eabi/6.3.1/../../../arm-none-eabi/lib/thumb/v7-m/libc.a(lib_a-fini.o)
                                        0x1c8 (size before relaxing)
 .debug_str     0x0000000000007f9b       0x98 /usr/lib/gcc/arm-none-eabi/6.3.1/../../../arm-none-eabi/lib/thumb/v7-m/libc.a(lib_a-impure.o)
                                        0x564 (size before relaxing)
 .debug_str     0x0000000000008033       0xa2 /usr/lib/gcc/arm-none-eabi/6.3.1/../../../arm-none-eabi/lib/thumb/v7-m/libc.a(lib_a-memset.o)
                                        0x57c (size before relaxing)
 .debug_str     0x00000000000080d5       0x41 /usr/lib/gcc/arm-none-eabi/6.3.1/../../../arm-none-eabi/lib/thumb/v7-m/libc.a(lib_a-__atexit.o)
                                        0x5c9 (size before relaxing)
 .debug_str     0x0000000000008116       0x76 /usr/lib/gcc/arm-none-eabi/6.3.1/../../../arm-none-eabi/lib/thumb/v7-m/libc.a(lib_a-__call_atexit.o)
                                        0x5da (size before relaxing)