Archive member included to satisfy reference by file (symbol)

/usr/lib/gcc/arm-none-eabi/9.2.1/../../../arm-none-eabi/lib/thumb/v7-m/nofp/libc_nano.a(lib_a-atexit.o)
                              /usr/lib/gcc/arm-none-eabi/9.2.1/../../../arm-none-eabi/lib/thumb/v7-m/nofp/crt0.o (atexit)
/usr/lib/gcc/arm-none-eabi/9.2.1/../../../arm-none-eabi/lib/thumb/v7-m/nofp/libc_nano.a(lib_a-exit.o)
                              /usr/lib/gcc/arm-none-eabi/9.2.1/../../../arm-none-eabi/lib/thumb/v7-m/nofp/crt0.o (exit)
/usr/lib/gcc/arm-none-eabi/9.2.1/../../../arm-none-eabi/lib/thumb/v7-m/nofp/libc_nano.a(lib_a-fini.o)
                              /usr/lib/gcc/arm-none-eabi/9.2.1/../../../arm-none-eabi/lib/thumb/v7-m/nofp/crt0.o (__libc_fini_array)
/usr/lib/gcc/arm-none-eabi/9.2.1/../../../arm-none-eabi/lib/thumb/v7-m/nofp/libc_nano.a(lib_a-impure.o)
                              /usr/lib/gcc/arm-none-eabi/9.2.1/../../../arm-none-eabi/lib/thumb/v7-m/nofp/libc_nano.a(lib_a-exit.o) (_global_impure_ptr)
/usr/lib/gcc/arm-none-eabi/9.2.1/../../../arm-none-eabi/lib/thumb/v7-m/nofp/libc_nano.a(lib_a-init.o)
                              /usr/lib/gcc/arm-none-eabi/9.2.1/../../../arm-none-eabi/lib/thumb/v7-m/nofp/crt0.o (__libc_init_array)
/usr/lib/gcc/arm-none-eabi/9.2.1/../../../arm-none-eabi/lib/thumb/v7-m/nofp/libc_nano.a(lib_a-memset.o)
                              /usr/lib/gcc/arm-none-eabi/9.2.1/../../../arm-none-eabi/lib/thumb/v7-m/nofp/crt0.o (memset)
/usr/lib/gcc/arm-none-eabi/9.2.1/../../../arm-none-eabi/lib/thumb/v7-m/nofp/libc_nano.a(lib_a-printf.o)
                              build/can_setup.o (printf)
/usr/lib/gcc/arm-none-eabi/9.2.1/../../../arm-none-eabi/lib/thumb/v7-m/nofp/libc_nano.a(lib_a-puts.o)
                              build/can_setup.o (puts)
/usr/lib/gcc/arm-none-eabi/9.2.1/../../../arm-none-eabi/lib/thumb/v7-m/nofp/libc_nano.a(lib_a-wbuf.o)
                              /usr/lib/gcc/arm-none-eabi/9.2.1/../../../arm-none-eabi/lib/thumb/v7-m/nofp/libc_nano.a(lib_a-puts.o) (__swbuf_r)
/usr/lib/gcc/arm-none-eabi/9.2.1/../../../arm-none-eabi/lib/thumb/v7-m/nofp/libc_nano.a(lib_a-wsetup.o)
                              /usr/lib/gcc/arm-none-eabi/9.2.1/../../../arm-none-eabi/lib/thumb/v7-m/nofp/libc_nano.a(lib_a-puts.o) (__swsetup_r)
/usr/lib/gcc/arm-none-eabi/9.2.1/../../../arm-none-eabi/lib/thumb/v7-m/nofp/libc_nano.a(lib_a-__atexit.o)
                              /usr/lib/gcc/arm-none-eabi/9.2.1/../../../arm-none-eabi/lib/thumb/v7-m/nofp/libc_nano.a(lib_a-atexit.o) (__register_exitproc)
/usr/lib/gcc/arm-none-eabi/9.2.1/../../../arm-none-eabi/lib/thumb/v7-m/nofp/libc_nano.a(lib_a-__call_atexit.o)
                              /usr/lib/gcc/arm-none-eabi/9.2.1/../../../arm-none-eabi/lib/thumb/v7-m/nofp/libc_nano.a(lib_a-__atexit.o) (__call_exitprocs)
/usr/lib/gcc/arm-none-eabi/9.2.1/../../../arm-none-eabi/lib/thumb/v7-m/nofp/libc_nano.a(lib_a-fflush.o)
                              /usr/lib/gcc/arm-none-eabi/9.2.1/../../../arm-none-eabi/lib/thumb/v7-m/nofp/libc_nano.a(lib_a-wbuf.o) (_fflush_r)
/usr/lib/gcc/arm-none-eabi/9.2.1/../../../arm-none-eabi/lib/thumb/v7-m/nofp/libc_nano.a(lib_a-findfp.o)
                              /usr/lib/gcc/arm-none-eabi/9.2.1/../../../arm-none-eabi/lib/thumb/v7-m/nofp/libc_nano.a(lib_a-printf.o) (__sinit)
/usr/lib/gcc/arm-none-eabi/9.2.1/../../../arm-none-eabi/lib/thumb/v7-m/nofp/libc_nano.a(lib_a-fwalk.o)
                              /usr/lib/gcc/arm-none-eabi/9.2.1/../../../arm-none-eabi/lib/thumb/v7-m/nofp/libc_nano.a(lib_a-findfp.o) (_fwalk)
/usr/lib/gcc/arm-none-eabi/9.2.1/../../../arm-none-eabi/lib/thumb/v7-m/nofp/libc_nano.a(lib_a-makebuf.o)
                              /usr/lib/gcc/arm-none-eabi/9.2.1/../../../arm-none-eabi/lib/thumb/v7-m/nofp/libc_nano.a(lib_a-wsetup.o) (__smakebuf_r)
/usr/lib/gcc/arm-none-eabi/9.2.1/../../../arm-none-eabi/lib/thumb/v7-m/nofp/libc_nano.a(lib_a-nano-freer.o)
                              /usr/lib/gcc/arm-none-eabi/9.2.1/../../../arm-none-eabi/lib/thumb/v7-m/nofp/libc_nano.a(lib_a-wsetup.o) (_free_r)
/usr/lib/gcc/arm-none-eabi/9.2.1/../../../arm-none-eabi/lib/thumb/v7-m/nofp/libc_nano.a(lib_a-nano-mallocr.o)
                              /usr/lib/gcc/arm-none-eabi/9.2.1/../../../arm-none-eabi/lib/thumb/v7-m/nofp/libc_nano.a(lib_a-findfp.o) (_malloc_r)
/usr/lib/gcc/arm-none-eabi/9.2.1/../../../arm-none-eabi/lib/thumb/v7-m/nofp/libc_nano.a(lib_a-nano-vfprintf.o)
                              /usr/lib/gcc/arm-none-eabi/9.2.1/../../../arm-none-eabi/lib/thumb/v7-m/nofp/libc_nano.a(lib_a-printf.o) (_vfprintf_r)
/usr/lib/gcc/arm-none-eabi/9.2.1/../../../arm-none-eabi/lib/thumb/v7-m/nofp/libc_nano.a(lib_a-nano-vfprintf_i.o)
                              /usr/lib/gcc/arm-none-eabi/9.2.1/../../../arm-none-eabi/lib/thumb/v7-m/nofp/libc_nano.a(lib_a-nano-vfprintf.o) (_printf_i)
/usr/lib/gcc/arm-none-eabi/9.2.1/../../../arm-none-eabi/lib/thumb/v7-m/nofp/libc_nano.a(lib_a-sbrkr.o)
[...]
Memory Configuration

Name             Origin             Length             Attributes
RAM              0x0000000020000000 0x0000000000010000 xrw
FLASH            0x0000000008008000 0x0000000000018000 xr
*default*        0x0000000000000000 0xffffffffffffffff

Linker script and memory map

LOAD /usr/lib/gcc/arm-none-eabi/9.2.1/thumb/v7-m/nofp/crti.o
LOAD /usr/lib/gcc/arm-none-eabi/9.2.1/thumb/v7-m/nofp/crtbegin.o
LOAD /usr/lib/gcc/arm-none-eabi/9.2.1/../../../arm-none-eabi/lib/thumb/v7-m/nofp/crt0.o
LOAD build/btld_jump.o
LOAD build/can_setup.o
LOAD build/dcdc.o
LOAD build/dynamics.o
LOAD build/encoder.o
LOAD build/gauges.o
LOAD build/lidar.o
LOAD build/main.o
LOAD build/stm32f1xx_hal_msp.o
LOAD build/stm32f1xx_it.o
LOAD build/system_stm32f1xx.o
LOAD build/tasks.o
LOAD build/test.o
LOAD build/vcu.o
LOAD build/water_pump.o
LOAD build/stm32f1xx_hal.o
LOAD build/stm32f1xx_hal_adc.o
LOAD build/stm32f1xx_hal_adc_ex.o
LOAD build/stm32f1xx_hal_can.o
LOAD build/stm32f1xx_hal_cortex.o
LOAD build/stm32f1xx_hal_dma.o
LOAD build/stm32f1xx_hal_exti.o
LOAD build/stm32f1xx_hal_flash.o
LOAD build/stm32f1xx_hal_flash_ex.o
LOAD build/stm32f1xx_hal_gpio.o
LOAD build/stm32f1xx_hal_gpio_ex.o
LOAD build/stm32f1xx_hal_iwdg.o
LOAD build/stm32f1xx_hal_pwr.o
LOAD build/stm32f1xx_hal_rcc.o
LOAD build/stm32f1xx_hal_rcc_ex.o
LOAD build/stm32f1xx_hal_tim.o
LOAD build/stm32f1xx_hal_tim_ex.o
LOAD build/stm32f1xx_hal_uart.o
LOAD build/startup_stm32f105xc.o
LOAD /usr/lib/gcc/arm-none-eabi/9.2.1/../../../arm-none-eabi/lib/thumb/v7-m/nofp/libc_nano.a
LOAD /usr/lib/gcc/arm-none-eabi/9.2.1/../../../arm-none-eabi/lib/thumb/v7-m/nofp/libm.a
LOAD /usr/lib/gcc/arm-none-eabi/9.2.1/../../../arm-none-eabi/lib/thumb/v7-m/nofp/libnosys.a
START GROUP
LOAD /usr/lib/gcc/arm-none-eabi/9.2.1/thumb/v7-m/nofp/libgcc.a
LOAD /usr/lib/gcc/arm-none-eabi/9.2.1/../../../arm-none-eabi/lib/thumb/v7-m/nofp/libc_nano.a
END GROUP
START GROUP
LOAD /usr/lib/gcc/arm-none-eabi/9.2.1/thumb/v7-m/nofp/libgcc.a
LOAD /usr/lib/gcc/arm-none-eabi/9.2.1/../../../arm-none-eabi/lib/thumb/v7-m/nofp/libc_nano.a
END GROUP
LOAD /usr/lib/gcc/arm-none-eabi/9.2.1/thumb/v7-m/nofp/crtend.o
LOAD /usr/lib/gcc/arm-none-eabi/9.2.1/thumb/v7-m/nofp/crtn.o
                0x0000000020010000                _estack = 0x20010000
                0x0000000000000200                _Min_Heap_Size = 0x200
                0x0000000000000400                _Min_Stack_Size = 0x400

.isr_vector     0x0000000008008000      0x1e4
                0x0000000008008000                . = ALIGN (0x4)
 *(.isr_vector)
 .isr_vector    0x0000000008008000      0x1e4 build/startup_stm32f105xc.o
                0x0000000008008000                g_pfnVectors
                0x00000000080081e4                . = ALIGN (0x4)

.board_info     0x00000000080081e4        0xa
 *(.board_info)
 .board_info    0x00000000080081e4        0xa build/main.o
                0x00000000080081e4                BOARD_NAME

.text           0x00000000080081f0     0x5428
                0x00000000080081f0                . = ALIGN (0x4)
 *(.text)
 .text          0x00000000080081f0       0x88 /usr/lib/gcc/arm-none-eabi/9.2.1/thumb/v7-m/nofp/crtbegin.o
 .text          0x0000000008008278       0xa0 /usr/lib/gcc/arm-none-eabi/9.2.1/../../../arm-none-eabi/lib/thumb/v7-m/nofp/libc_nano.a(lib_a-memset.o)
                0x0000000008008278                memset
 .text          0x0000000008008318      0x378 /usr/lib/gcc/arm-none-eabi/9.2.1/thumb/v7-m/nofp/libgcc.a(_arm_addsubdf3.o)
                0x0000000008008318                __aeabi_drsub
                0x0000000008008320                __aeabi_dsub
                0x0000000008008320                __subdf3
                0x0000000008008324                __adddf3
                0x0000000008008324                __aeabi_dadd
                0x000000000800859c                __aeabi_ui2d
                0x000000000800859c                __floatunsidf
                0x00000000080085bc                __floatsidf
                0x00000000080085bc                __aeabi_i2d
                0x00000000080085e0                __extendsfdf2
                0x00000000080085e0                __aeabi_f2d
                0x0000000008008624                __aeabi_ul2d
                0x0000000008008624                __floatundidf
                0x0000000008008634                __floatdidf
                0x0000000008008634                __aeabi_l2d
 .text          0x0000000008008690      0x424 /usr/lib/gcc/arm-none-eabi/9.2.1/thumb/v7-m/nofp/libgcc.a(_arm_muldivdf3.o)
                0x0000000008008690                __aeabi_dmul
                0x0000000008008690                __muldf3
                0x00000000080088e4                __aeabi_ddiv
                0x00000000080088e4                __divdf3
 .text          0x0000000008008ab4       0x40 /usr/lib/gcc/arm-none-eabi/9.2.1/thumb/v7-m/nofp/libgcc.a(_arm_fixunsdfsi.o)
                0x0000000008008ab4                __fixunsdfsi
                0x0000000008008ab4                __aeabi_d2uiz
 .text          0x0000000008008af4       0x30 /usr/lib/gcc/arm-none-eabi/9.2.1/thumb/v7-m/nofp/libgcc.a(_aeabi_uldivmod.o)
                0x0000000008008af4                __aeabi_uldivmod
 .text          0x0000000008008b24      0x2c4 /usr/lib/gcc/arm-none-eabi/9.2.1/thumb/v7-m/nofp/libgcc.a(_udivmoddi4.o)
                0x0000000008008b24                __udivmoddi4
 .text          0x0000000008008de8        0x4 /usr/lib/gcc/arm-none-eabi/9.2.1/thumb/v7-m/nofp/libgcc.a(_dvmd_tls.o)
                0x0000000008008de8                __aeabi_ldiv0
                0x0000000008008de8                __aeabi_idiv0
 *(.text*)
 .text.jumpToBootloader
                0x0000000008008dec       0x14 build/btld_jump.o
                0x0000000008008dec                jumpToBootloader
 .text.HAL_CAN_RxFifo0MsgPendingCallback
                0x0000000008008e00       0x34 build/can_setup.o
                0x0000000008008e00                HAL_CAN_RxFifo0MsgPendingCallback
 .text.HAL_CAN_RxFifo1MsgPendingCallback
                0x0000000008008e34       0x2c build/can_setup.o
                0x0000000008008e34                HAL_CAN_RxFifo1MsgPendingCallback
 .text.HAL_CAN_ErrorCallback
                0x0000000008008e60        0x2 build/can_setup.o
                0x0000000008008e60                HAL_CAN_ErrorCallback
 *fill*         0x0000000008008e62        0x2 
 .text.canSettings
                0x0000000008008e64      0x1d8 build/can_setup.o
                0x0000000008008e64                canSettings
 .text.c1tx     0x000000000800903c       0x38 build/can_setup.o
                0x000000000800903c                c1tx
 .text.c2txExt  0x0000000008009074       0x38 build/can_setup.o
                0x0000000008009074                c2txExt
 .text.dcdcInit
                0x00000000080090ac       0x28 build/dcdc.o
                0x00000000080090ac                dcdcInit
 .text.dcdc_OFF
                0x00000000080090d4       0x24 build/dcdc.o
                0x00000000080090d4                dcdc_OFF
 .text.dcdc_ON  0x00000000080090f8       0x28 build/dcdc.o
                0x00000000080090f8                dcdc_ON
 .text.dcdcHandler
                0x0000000008009120       0x70 build/dcdc.o
                0x0000000008009120                dcdcHandler
 .text.setWidget
                0x0000000008009190       0x3c build/encoder.o
                0x0000000008009190                setWidget
 .text.setBacklight
                0x00000000080091cc       0x38 build/encoder.o
                0x00000000080091cc                setBacklight
 .text.getEvent
                0x0000000008009204       0x2c build/encoder.o
                0x0000000008009204                getEvent
 .text.getData  0x0000000008009230       0x30 build/encoder.o
                0x0000000008009230                getData
 .text.encoderHandler
                0x0000000008009260      0x1bc build/encoder.o
                0x0000000008009260                encoderHandler
 .text.gaugeInit
                0x000000000800941c       0x24 build/gauges.o
                0x000000000800941c                gaugeInit
 .text.updateTach
                0x0000000008009440       0x54 build/gauges.o
                0x0000000008009440                updateTach
 .text.updateSpeed
                0x0000000008009494       0x50 build/gauges.o
                0x0000000008009494                updateSpeed
 .text.updateTemp
                0x00000000080094e4       0x54 build/gauges.o
                0x00000000080094e4                updateTemp
 .text.updateSOC
                0x0000000008009538       0x80 build/gauges.o
                0x0000000008009538                updateSOC
 .text.getLidar
                0x00000000080095b8       0x3c build/lidar.o
                0x00000000080095b8                getLidar
 .text.MX_GPIO_Init
                0x00000000080095f4       0xe0 build/main.o
 .text.MX_DMA_Init
                0x00000000080096d4       0x74 build/main.o
 .text.Error_Handler
                0x0000000008009748        0x4 build/main.o
                0x0000000008009748                Error_Handler
 .text.MX_CAN2_Init
                0x000000000800974c       0x40 build/main.o
 .text.MX_ADC1_Init
                0x000000000800978c       0x90 build/main.o
 .text.MX_CAN1_Init
                0x000000000800981c       0x40 build/main.o
 .text.MX_UART4_Init
                0x000000000800985c       0x34 build/main.o
 .text.MX_USART1_UART_Init
                0x0000000008009890       0x34 build/main.o
 .text.MX_TIM3_Init
                0x00000000080098c4       0xa4 build/main.o
 .text.MX_TIM1_Init
                0x0000000008009968       0xb0 build/main.o
 .text.MX_TIM5_Init
                0x0000000008009a18       0x84 build/main.o
 .text.MX_TIM2_Init
                0x0000000008009a9c       0x70 build/main.o
 .text.MX_TIM6_Init
                0x0000000008009b0c       0x4c build/main.o
 .text.SystemClock_Config
                0x0000000008009b58       0x94 build/main.o
                0x0000000008009b58                SystemClock_Config
 .text.main     0x0000000008009bec      0x110 build/main.o
                0x0000000008009bec                main
 .text.HAL_MspInit
                0x0000000008009cfc       0x44 build/stm32f1xx_hal_msp.o
                0x0000000008009cfc                HAL_MspInit
 .text.HAL_ADC_MspInit
                0x0000000008009d40       0xc0 build/stm32f1xx_hal_msp.o
                0x0000000008009d40                HAL_ADC_MspInit
 .text.HAL_CAN_MspInit
                0x0000000008009e00      0x134 build/stm32f1xx_hal_msp.o
                0x0000000008009e00                HAL_CAN_MspInit
 .text.HAL_TIM_PWM_MspInit
                0x0000000008009f34       0x2c build/stm32f1xx_hal_msp.o
                0x0000000008009f34                HAL_TIM_PWM_MspInit
 .text.HAL_TIM_OC_MspInit
                0x0000000008009f60      0x110 build/stm32f1xx_hal_msp.o
                0x0000000008009f60                HAL_TIM_OC_MspInit
 .text.HAL_TIM_Base_MspInit
                0x000000000800a070       0x60 build/stm32f1xx_hal_msp.o
                0x000000000800a070                HAL_TIM_Base_MspInit
 .text.HAL_TIM_MspPostInit
                0x000000000800a0d0       0x9c build/stm32f1xx_hal_msp.o
                0x000000000800a0d0                HAL_TIM_MspPostInit
 .text.HAL_UART_MspInit
                0x000000000800a16c       0xdc build/stm32f1xx_hal_msp.o
                0x000000000800a16c                HAL_UART_MspInit
 .text.NMI_Handler
                0x000000000800a248        0x2 build/stm32f1xx_it.o
                0x000000000800a248                NMI_Handler
 .text.HardFault_Handler
                0x000000000800a24a        0x2 build/stm32f1xx_it.o
                0x000000000800a24a                HardFault_Handler
 .text.MemManage_Handler
                0x000000000800a24c        0x2 build/stm32f1xx_it.o
                0x000000000800a24c                MemManage_Handler
 .text.BusFault_Handler
                0x000000000800a24e        0x2 build/stm32f1xx_it.o
                0x000000000800a24e                BusFault_Handler
 .text.UsageFault_Handler
                0x000000000800a250        0x2 build/stm32f1xx_it.o
                0x000000000800a250                UsageFault_Handler
 .text.SVC_Handler
                0x000000000800a252        0x2 build/stm32f1xx_it.o
                0x000000000800a252                SVC_Handler
 .text.DebugMon_Handler
                0x000000000800a254        0x2 build/stm32f1xx_it.o
                0x000000000800a254                DebugMon_Handler
 .text.PendSV_Handler
                0x000000000800a256        0x2 build/stm32f1xx_it.o
                0x000000000800a256                PendSV_Handler
 .text.SysTick_Handler
                0x000000000800a258        0x8 build/stm32f1xx_it.o
                0x000000000800a258                SysTick_Handler
 .text.DMA1_Channel1_IRQHandler
                0x000000000800a260       0x10 build/stm32f1xx_it.o
                0x000000000800a260                DMA1_Channel1_IRQHandler
 .text.DMA1_Channel5_IRQHandler
                0x000000000800a270       0x10 build/stm32f1xx_it.o
                0x000000000800a270                DMA1_Channel5_IRQHandler
 .text.CAN1_RX0_IRQHandler
                0x000000000800a280       0x10 build/stm32f1xx_it.o
                0x000000000800a280                CAN1_RX0_IRQHandler
 .text.TIM6_IRQHandler
                0x000000000800a290       0x10 build/stm32f1xx_it.o
                0x000000000800a290                TIM6_IRQHandler
 .text.DMA2_Channel4_IRQHandler
                0x000000000800a2a0       0x10 build/stm32f1xx_it.o
                0x000000000800a2a0                DMA2_Channel4_IRQHandler
 .text.DMA2_Channel5_IRQHandler
                0x000000000800a2b0       0x10 build/stm32f1xx_it.o
                0x000000000800a2b0                DMA2_Channel5_IRQHandler
 .text.CAN2_RX1_IRQHandler
                0x000000000800a2c0       0x10 build/stm32f1xx_it.o
                0x000000000800a2c0                CAN2_RX1_IRQHandler
 .text.SystemInit
                0x000000000800a2d0        0x2 build/system_stm32f1xx.o
                0x000000000800a2d0                SystemInit
 *fill*         0x000000000800a2d2        0x2 
 .text.HAL_TIM_PeriodElapsedCallback
                0x000000000800a2d4       0xb8 build/tasks.o
                0x000000000800a2d4                HAL_TIM_PeriodElapsedCallback
 .text.taskHandler
                0x000000000800a38c       0xb8 build/tasks.o
                0x000000000800a38c                taskHandler
 *fill*         0x000000000800a444        0x4 
 .text.decodeCAN
                0x000000000800a448      0x1f8 build/vcu.o
                0x000000000800a448                decodeCAN
 .text.canIOset
                0x000000000800a640       0x4c build/vcu.o
                0x000000000800a640                canIOset
 .text.canIOsend
                0x000000000800a68c       0x28 build/vcu.o
                0x000000000800a68c                canIOsend
 .text.vcuInit  0x000000000800a6b4       0x48 build/vcu.o
                0x000000000800a6b4                vcuInit
 .text.ioHandler
                0x000000000800a6fc       0xac build/vcu.o
                0x000000000800a6fc                ioHandler
 .text.canSet   0x000000000800a7a8       0x40 build/vcu.o
                0x000000000800a7a8                canSet
 .text.vcuState
                0x000000000800a7e8      0x1f4 build/vcu.o
                0x000000000800a7e8                vcuState
 .text.regenHandler
                0x000000000800a9dc       0x68 build/vcu.o
                0x000000000800a9dc                regenHandler
 .text.throttleHandler
                0x000000000800aa44       0xa0 build/vcu.o
                0x000000000800aa44                throttleHandler
 .text.brakeHandler
                0x000000000800aae4       0x34 build/vcu.o
                0x000000000800aae4                brakeHandler
 .text.getResetCause
                0x000000000800ab18       0x5c build/vcu.o
                0x000000000800ab18                getResetCause
 .text.vehicleComms
                0x000000000800ab74       0x80 build/vcu.o
                0x000000000800ab74                vehicleComms
 .text.wpInit   0x000000000800abf4       0x18 build/water_pump.o
                0x000000000800abf4                wpInit
 .text.wpDuty   0x000000000800ac0c       0x34 build/water_pump.o
                0x000000000800ac0c                wpDuty
 .text.wpHandler
                0x000000000800ac40       0xc0 build/water_pump.o
                0x000000000800ac40                wpHandler
 .text.HAL_InitTick
                0x000000000800ad00       0x4c build/stm32f1xx_hal.o
                0x000000000800ad00                HAL_InitTick
 .text.HAL_Init
                0x000000000800ad4c       0x24 build/stm32f1xx_hal.o
                0x000000000800ad4c                HAL_Init
 .text.HAL_IncTick
                0x000000000800ad70       0x18 build/stm32f1xx_hal.o
                0x000000000800ad70                HAL_IncTick
 .text.HAL_GetTick
                0x000000000800ad88        0xc build/stm32f1xx_hal.o
                0x000000000800ad88                HAL_GetTick
 .text.HAL_Delay
                0x000000000800ad94       0x28 build/stm32f1xx_hal.o
                0x000000000800ad94                HAL_Delay
 .text.HAL_ADC_ConvCpltCallback
                0x000000000800adbc        0x2 build/stm32f1xx_hal_adc.o
                0x000000000800adbc                HAL_ADC_ConvCpltCallback
 .text.ADC_DMAConvCplt
                0x000000000800adbe       0x52 build/stm32f1xx_hal_adc.o
                0x000000000800adbe                ADC_DMAConvCplt
 .text.HAL_ADC_ConvHalfCpltCallback
                0x000000000800ae10        0x2 build/stm32f1xx_hal_adc.o
                0x000000000800ae10                HAL_ADC_ConvHalfCpltCallback
 .text.ADC_DMAHalfConvCplt
                0x000000000800ae12        0xa build/stm32f1xx_hal_adc.o
                0x000000000800ae12                ADC_DMAHalfConvCplt
 .text.HAL_ADC_ErrorCallback
                0x000000000800ae1c        0x2 build/stm32f1xx_hal_adc.o
                0x000000000800ae1c                HAL_ADC_ErrorCallback
 .text.ADC_DMAError
                0x000000000800ae1e       0x1a build/stm32f1xx_hal_adc.o
                0x000000000800ae1e                ADC_DMAError
 .text.HAL_ADC_ConfigChannel
                0x000000000800ae38      0x138 build/stm32f1xx_hal_adc.o
                0x000000000800ae38                HAL_ADC_ConfigChannel
 .text.ADC_Enable
                0x000000000800af70       0x7c build/stm32f1xx_hal_adc.o
                0x000000000800af70                ADC_Enable
 .text.HAL_ADC_Start_DMA
                0x000000000800afec      0x130 build/stm32f1xx_hal_adc.o
                0x000000000800afec                HAL_ADC_Start_DMA
 .text.ADC_ConversionStop_Disable
                0x000000000800b11c       0x4c build/stm32f1xx_hal_adc.o
                0x000000000800b11c                ADC_ConversionStop_Disable
 .text.HAL_ADC_Init
                0x000000000800b168      0x108 build/stm32f1xx_hal_adc.o
                0x000000000800b168                HAL_ADC_Init
 .text.HAL_CAN_Init
                0x000000000800b270      0x14c build/stm32f1xx_hal_can.o
                0x000000000800b270                HAL_CAN_Init
 .text.HAL_CAN_ConfigFilter
                0x000000000800b3bc      0x130 build/stm32f1xx_hal_can.o
                0x000000000800b3bc                HAL_CAN_ConfigFilter
 .text.HAL_CAN_Start
                0x000000000800b4ec       0x5c build/stm32f1xx_hal_can.o
                0x000000000800b4ec                HAL_CAN_Start
 .text.HAL_CAN_AddTxMessage
                0x000000000800b548       0xec build/stm32f1xx_hal_can.o
                0x000000000800b548                HAL_CAN_AddTxMessage
 .text.HAL_CAN_GetRxMessage
                0x000000000800b634      0x140 build/stm32f1xx_hal_can.o
                0x000000000800b634                HAL_CAN_GetRxMessage
 .text.HAL_CAN_ActivateNotification
                0x000000000800b774       0x24 build/stm32f1xx_hal_can.o
                0x000000000800b774                HAL_CAN_ActivateNotification
 .text.HAL_CAN_TxMailbox0CompleteCallback
                0x000000000800b798        0x2 build/stm32f1xx_hal_can.o
                0x000000000800b798                HAL_CAN_TxMailbox0CompleteCallback
 .text.HAL_CAN_TxMailbox1CompleteCallback
                0x000000000800b79a        0x2 build/stm32f1xx_hal_can.o
                0x000000000800b79a                HAL_CAN_TxMailbox1CompleteCallback
 .text.HAL_CAN_TxMailbox2CompleteCallback
                0x000000000800b79c        0x2 build/stm32f1xx_hal_can.o
                0x000000000800b79c                HAL_CAN_TxMailbox2CompleteCallback
 .text.HAL_CAN_TxMailbox0AbortCallback
                0x000000000800b79e        0x2 build/stm32f1xx_hal_can.o
                0x000000000800b79e                HAL_CAN_TxMailbox0AbortCallback
 .text.HAL_CAN_TxMailbox1AbortCallback
                0x000000000800b7a0        0x2 build/stm32f1xx_hal_can.o
                0x000000000800b7a0                HAL_CAN_TxMailbox1AbortCallback
 .text.HAL_CAN_TxMailbox2AbortCallback
                0x000000000800b7a2        0x2 build/stm32f1xx_hal_can.o
                0x000000000800b7a2                HAL_CAN_TxMailbox2AbortCallback
 .text.HAL_CAN_RxFifo0FullCallback
                0x000000000800b7a4        0x2 build/stm32f1xx_hal_can.o
                0x000000000800b7a4                HAL_CAN_RxFifo0FullCallback
 .text.HAL_CAN_RxFifo1FullCallback
                0x000000000800b7a6        0x2 build/stm32f1xx_hal_can.o
                0x000000000800b7a6                HAL_CAN_RxFifo1FullCallback
 .text.HAL_CAN_SleepCallback
                0x000000000800b7a8        0x2 build/stm32f1xx_hal_can.o
                0x000000000800b7a8                HAL_CAN_SleepCallback
 .text.HAL_CAN_WakeUpFromRxMsgCallback
                0x000000000800b7aa        0x2 build/stm32f1xx_hal_can.o
                0x000000000800b7aa                HAL_CAN_WakeUpFromRxMsgCallback
 .text.HAL_CAN_IRQHandler
                0x000000000800b7ac      0x24a build/stm32f1xx_hal_can.o
                0x000000000800b7ac                HAL_CAN_IRQHandler
 *fill*         0x000000000800b9f6        0x2 
 .text.HAL_NVIC_SetPriorityGrouping
                0x000000000800b9f8       0x24 build/stm32f1xx_hal_cortex.o
                0x000000000800b9f8                HAL_NVIC_SetPriorityGrouping
 .text.HAL_NVIC_SetPriority
                0x000000000800ba1c       0x68 build/stm32f1xx_hal_cortex.o
                0x000000000800ba1c                HAL_NVIC_SetPriority
 .text.HAL_NVIC_EnableIRQ
                0x000000000800ba84       0x1c build/stm32f1xx_hal_cortex.o
                0x000000000800ba84                HAL_NVIC_EnableIRQ
 .text.HAL_NVIC_SystemReset
                0x000000000800baa0       0x24 build/stm32f1xx_hal_cortex.o
                0x000000000800baa0                HAL_NVIC_SystemReset
 .text.HAL_SYSTICK_Config
                0x000000000800bac4       0x2c build/stm32f1xx_hal_cortex.o
                0x000000000800bac4                HAL_SYSTICK_Config
 .text.DMA_SetConfig
                0x000000000800baf0       0x2c build/stm32f1xx_hal_dma.o
 .text.HAL_DMA_Init
                0x000000000800bb1c       0x98 build/stm32f1xx_hal_dma.o
                0x000000000800bb1c                HAL_DMA_Init
 .text.HAL_DMA_Start
                0x000000000800bbb4       0x50 build/stm32f1xx_hal_dma.o
                0x000000000800bbb4                HAL_DMA_Start
 .text.HAL_DMA_Start_IT
                0x000000000800bc04       0x74 build/stm32f1xx_hal_dma.o
                0x000000000800bc04                HAL_DMA_Start_IT
 .text.HAL_DMA_IRQHandler
                0x000000000800bc78      0x2ec build/stm32f1xx_hal_dma.o
                0x000000000800bc78                HAL_DMA_IRQHandler
 .text.HAL_GPIO_Init
                0x000000000800bf64      0x220 build/stm32f1xx_hal_gpio.o
                0x000000000800bf64                HAL_GPIO_Init
 .text.HAL_GPIO_ReadPin
                0x000000000800c184        0xe build/stm32f1xx_hal_gpio.o
                0x000000000800c184                HAL_GPIO_ReadPin
 .text.HAL_GPIO_WritePin
                0x000000000800c192        0xc build/stm32f1xx_hal_gpio.o
                0x000000000800c192                HAL_GPIO_WritePin
 .text.HAL_GPIO_TogglePin
                0x000000000800c19e       0x12 build/stm32f1xx_hal_gpio.o
                0x000000000800c19e                HAL_GPIO_TogglePin
 .text.RCC_Delay
                0x000000000800c1b0       0x2c build/stm32f1xx_hal_rcc.o
 .text.HAL_RCC_OscConfig
                0x000000000800c1dc      0x4f8 build/stm32f1xx_hal_rcc.o
                0x000000000800c1dc                HAL_RCC_OscConfig
 .text.HAL_RCC_GetSysClockFreq
                0x000000000800c6d4       0xdc build/stm32f1xx_hal_rcc.o
                0x000000000800c6d4                HAL_RCC_GetSysClockFreq
 .text.HAL_RCC_ClockConfig
                0x000000000800c7b0      0x16c build/stm32f1xx_hal_rcc.o
                0x000000000800c7b0                HAL_RCC_ClockConfig
 .text.HAL_RCC_GetHCLKFreq
                0x000000000800c91c        0xc build/stm32f1xx_hal_rcc.o
                0x000000000800c91c                HAL_RCC_GetHCLKFreq
 .text.HAL_RCC_GetPCLK1Freq
                0x000000000800c928       0x20 build/stm32f1xx_hal_rcc.o
                0x000000000800c928                HAL_RCC_GetPCLK1Freq
 .text.HAL_RCC_GetPCLK2Freq
                0x000000000800c948       0x20 build/stm32f1xx_hal_rcc.o
                0x000000000800c948                HAL_RCC_GetPCLK2Freq
 .text.HAL_RCCEx_PeriphCLKConfig
                0x000000000800c968      0x1d4 build/stm32f1xx_hal_rcc_ex.o
                0x000000000800c968                HAL_RCCEx_PeriphCLKConfig
 .text.TIM_OC1_SetConfig
                0x000000000800cb3c       0x5c build/stm32f1xx_hal_tim.o
 .text.TIM_OC3_SetConfig
                0x000000000800cb98       0x64 build/stm32f1xx_hal_tim.o
 .text.TIM_OC4_SetConfig
                0x000000000800cbfc       0x48 build/stm32f1xx_hal_tim.o
 .text.TIM_TI1_ConfigInputStage
                0x000000000800cc44       0x24 build/stm32f1xx_hal_tim.o
 .text.TIM_TI2_ConfigInputStage
                0x000000000800cc68       0x26 build/stm32f1xx_hal_tim.o
 .text.TIM_ITRx_SetConfig
                0x000000000800cc8e       0x10 build/stm32f1xx_hal_tim.o
 *fill*         0x000000000800cc9e        0x2 
 .text.HAL_TIM_Base_Start
                0x000000000800cca0       0x64 build/stm32f1xx_hal_tim.o
                0x000000000800cca0                HAL_TIM_Base_Start
 .text.HAL_TIM_Base_Start_IT
                0x000000000800cd04       0x70 build/stm32f1xx_hal_tim.o
                0x000000000800cd04                HAL_TIM_Base_Start_IT
 .text.HAL_TIM_OC_DelayElapsedCallback
                0x000000000800cd74        0x2 build/stm32f1xx_hal_tim.o
                0x000000000800cd74                HAL_TIM_OC_DelayElapsedCallback
 .text.HAL_TIM_IC_CaptureCallback
                0x000000000800cd76        0x2 build/stm32f1xx_hal_tim.o
                0x000000000800cd76                HAL_TIM_IC_CaptureCallback
 .text.HAL_TIM_PWM_PulseFinishedCallback
                0x000000000800cd78        0x2 build/stm32f1xx_hal_tim.o
                0x000000000800cd78                HAL_TIM_PWM_PulseFinishedCallback
 .text.HAL_TIM_TriggerCallback
                0x000000000800cd7a        0x2 build/stm32f1xx_hal_tim.o
                0x000000000800cd7a                HAL_TIM_TriggerCallback
 .text.HAL_TIM_IRQHandler
                0x000000000800cd7c      0x17a build/stm32f1xx_hal_tim.o
                0x000000000800cd7c                HAL_TIM_IRQHandler
 *fill*         0x000000000800cef6        0x2 
 .text.TIM_Base_SetConfig
                0x000000000800cef8       0x84 build/stm32f1xx_hal_tim.o
                0x000000000800cef8                TIM_Base_SetConfig
 .text.HAL_TIM_Base_Init
                0x000000000800cf7c       0x58 build/stm32f1xx_hal_tim.o
                0x000000000800cf7c                HAL_TIM_Base_Init
 .text.HAL_TIM_OC_Init
                0x000000000800cfd4       0x58 build/stm32f1xx_hal_tim.o
                0x000000000800cfd4                HAL_TIM_OC_Init
 .text.HAL_TIM_PWM_Init
                0x000000000800d02c       0x58 build/stm32f1xx_hal_tim.o
                0x000000000800d02c                HAL_TIM_PWM_Init
 .text.TIM_OC2_SetConfig
                0x000000000800d084       0x64 build/stm32f1xx_hal_tim.o
                0x000000000800d084                TIM_OC2_SetConfig
 .text.HAL_TIM_OC_ConfigChannel
                0x000000000800d0e8       0x52 build/stm32f1xx_hal_tim.o
                0x000000000800d0e8                HAL_TIM_OC_ConfigChannel
 .text.HAL_TIM_PWM_ConfigChannel
                0x000000000800d13a       0xd0 build/stm32f1xx_hal_tim.o
                0x000000000800d13a                HAL_TIM_PWM_ConfigChannel
 .text.TIM_ETR_SetConfig
                0x000000000800d20a       0x16 build/stm32f1xx_hal_tim.o
                0x000000000800d20a                TIM_ETR_SetConfig
 .text.HAL_TIM_ConfigClockSource
                0x000000000800d220       0xda build/stm32f1xx_hal_tim.o
                0x000000000800d220                HAL_TIM_ConfigClockSource
 .text.TIM_CCxChannelCmd
                0x000000000800d2fa       0x22 build/stm32f1xx_hal_tim.o
                0x000000000800d2fa                TIM_CCxChannelCmd
 .text.HAL_TIM_PWM_Start
                0x000000000800d31c       0xe4 build/stm32f1xx_hal_tim.o
                0x000000000800d31c                HAL_TIM_PWM_Start
 .text.HAL_TIMEx_MasterConfigSynchronization
                0x000000000800d400       0x70 build/stm32f1xx_hal_tim_ex.o
                0x000000000800d400                HAL_TIMEx_MasterConfigSynchronization
 .text.HAL_TIMEx_ConfigBreakDeadTime
                0x000000000800d470       0x52 build/stm32f1xx_hal_tim_ex.o
                0x000000000800d470                HAL_TIMEx_ConfigBreakDeadTime
 .text.HAL_TIMEx_CommutCallback
                0x000000000800d4c2        0x2 build/stm32f1xx_hal_tim_ex.o
                0x000000000800d4c2                HAL_TIMEx_CommutCallback
 .text.HAL_TIMEx_BreakCallback
                0x000000000800d4c4        0x2 build/stm32f1xx_hal_tim_ex.o
                0x000000000800d4c4                HAL_TIMEx_BreakCallback
 *fill*         0x000000000800d4c6        0x2 
 .text.UART_SetConfig
                0x000000000800d4c8       0x90 build/stm32f1xx_hal_uart.o
 .text.HAL_UART_Init
                0x000000000800d558       0x5e build/stm32f1xx_hal_uart.o
                0x000000000800d558                HAL_UART_Init
 *fill*         0x000000000800d5b6        0x2 
 .text.Reset_Handler
                0x000000000800d5b8       0x44 build/startup_stm32f105xc.o
                0x000000000800d5b8                Reset_Handler
 .text.Default_Handler
                0x000000000800d5fc        0x2 build/startup_stm32f105xc.o
                0x000000000800d5fc                RTC_Alarm_IRQHandler
                0x000000000800d5fc                EXTI2_IRQHandler
                0x000000000800d5fc                TIM1_CC_IRQHandler
                0x000000000800d5fc                PVD_IRQHandler
                0x000000000800d5fc                EXTI3_IRQHandler
                0x000000000800d5fc                EXTI0_IRQHandler
                0x000000000800d5fc                I2C2_EV_IRQHandler
                0x000000000800d5fc                CAN2_SCE_IRQHandler
                0x000000000800d5fc                ADC1_2_IRQHandler
                0x000000000800d5fc                SPI1_IRQHandler
                0x000000000800d5fc                TAMPER_IRQHandler
                0x000000000800d5fc                CAN2_RX0_IRQHandler
                0x000000000800d5fc                DMA2_Channel2_IRQHandler
                0x000000000800d5fc                DMA1_Channel4_IRQHandler
                0x000000000800d5fc                USART3_IRQHandler
                0x000000000800d5fc                RTC_IRQHandler
                0x000000000800d5fc                DMA1_Channel7_IRQHandler
                0x000000000800d5fc                CAN1_RX1_IRQHandler
                0x000000000800d5fc                UART5_IRQHandler
                0x000000000800d5fc                TIM4_IRQHandler
                0x000000000800d5fc                DMA2_Channel1_IRQHandler
                0x000000000800d5fc                I2C1_EV_IRQHandler
                0x000000000800d5fc                DMA1_Channel6_IRQHandler
                0x000000000800d5fc                UART4_IRQHandler
                0x000000000800d5fc                TIM3_IRQHandler
                0x000000000800d5fc                RCC_IRQHandler
                0x000000000800d5fc                TIM1_TRG_COM_IRQHandler
                0x000000000800d5fc                Default_Handler
                0x000000000800d5fc                EXTI15_10_IRQHandler
                0x000000000800d5fc                TIM7_IRQHandler
                0x000000000800d5fc                CAN2_TX_IRQHandler
                0x000000000800d5fc                TIM5_IRQHandler
                0x000000000800d5fc                EXTI9_5_IRQHandler
                0x000000000800d5fc                SPI2_IRQHandler
                0x000000000800d5fc                CAN1_TX_IRQHandler
                0x000000000800d5fc                EXTI4_IRQHandler
                0x000000000800d5fc                DMA1_Channel3_IRQHandler
                0x000000000800d5fc                TIM1_UP_IRQHandler
                0x000000000800d5fc                WWDG_IRQHandler
                0x000000000800d5fc                TIM2_IRQHandler
                0x000000000800d5fc                OTG_FS_WKUP_IRQHandler
                0x000000000800d5fc                TIM1_BRK_IRQHandler
                0x000000000800d5fc                EXTI1_IRQHandler
                0x000000000800d5fc                USART2_IRQHandler
                0x000000000800d5fc                I2C2_ER_IRQHandler
                0x000000000800d5fc                DMA1_Channel2_IRQHandler
                0x000000000800d5fc                CAN1_SCE_IRQHandler
                0x000000000800d5fc                FLASH_IRQHandler
                0x000000000800d5fc                USART1_IRQHandler
                0x000000000800d5fc                OTG_FS_IRQHandler
                0x000000000800d5fc                SPI3_IRQHandler
                0x000000000800d5fc                I2C1_ER_IRQHandler
                0x000000000800d5fc                DMA2_Channel3_IRQHandler
 *(.glue_7)
 .glue_7        0x000000000800d5fe        0x0 linker stubs
 *(.glue_7t)
 .glue_7t       0x000000000800d5fe        0x0 linker stubs
 *(.eh_frame)
 *fill*         0x000000000800d5fe        0x2 
 .eh_frame      0x000000000800d600        0x0 /usr/lib/gcc/arm-none-eabi/9.2.1/thumb/v7-m/nofp/crtbegin.o
 *(.init)
 .init          0x000000000800d600        0x4 /usr/lib/gcc/arm-none-eabi/9.2.1/thumb/v7-m/nofp/crti.o
                0x000000000800d600                _init
 .init          0x000000000800d604        0x8 /usr/lib/gcc/arm-none-eabi/9.2.1/thumb/v7-m/nofp/crtn.o
 *(.fini)
 .fini          0x000000000800d60c        0x4 /usr/lib/gcc/arm-none-eabi/9.2.1/thumb/v7-m/nofp/crti.o
                0x000000000800d60c                _fini
 .fini          0x000000000800d610        0x8 /usr/lib/gcc/arm-none-eabi/9.2.1/thumb/v7-m/nofp/crtn.o
                0x000000000800d618                . = ALIGN (0x4)
                0x000000000800d618                _etext = .

.vfp11_veneer   0x000000000800d618        0x0
 .vfp11_veneer  0x000000000800d618        0x0 linker stubs

.v4_bx          0x000000000800d618        0x0
 .v4_bx         0x000000000800d618        0x0 linker stubs

.iplt           0x000000000800d618        0x0
 .iplt          0x000000000800d618        0x0 /usr/lib/gcc/arm-none-eabi/9.2.1/thumb/v7-m/nofp/crtbegin.o

.rodata         0x000000000800d618       0x3c
                0x000000000800d618                . = ALIGN (0x4)
 *(.rodata)
 .rodata        0x000000000800d618        0xe build/stm32f1xx_hal_rcc.o
 *(.rodata*)
 *fill*         0x000000000800d626        0x2 
 .rodata.AHBPrescTable
                0x000000000800d628       0x10 build/system_stm32f1xx.o
                0x000000000800d628                AHBPrescTable
 .rodata.APBPrescTable
                0x000000000800d638        0x8 build/system_stm32f1xx.o
                0x000000000800d638                APBPrescTable
 .rodata.HAL_RCC_GetSysClockFreq.str1.4
                0x000000000800d640       0x11 build/stm32f1xx_hal_rcc.o
                0x000000000800d654                . = ALIGN (0x4)
 *fill*         0x000000000800d651        0x3 

.ARM.extab
 *(.ARM.extab* .gnu.linkonce.armextab.*)

.ARM            0x000000000800d654        0x8
                0x000000000800d654                __exidx_start = .
 *(.ARM.exidx*)
 .ARM.exidx     0x000000000800d654        0x8 /usr/lib/gcc/arm-none-eabi/9.2.1/thumb/v7-m/nofp/libgcc.a(_udivmoddi4.o)
                0x000000000800d65c                __exidx_end = .

.rel.dyn        0x000000000800d65c        0x0
 .rel.iplt      0x000000000800d65c        0x0 /usr/lib/gcc/arm-none-eabi/9.2.1/thumb/v7-m/nofp/crtbegin.o

.preinit_array  0x000000000800d65c        0x0
                0x000000000800d65c                PROVIDE (__preinit_array_start = .)
 *(.preinit_array*)
                0x000000000800d65c                PROVIDE (__preinit_array_end = .)

.init_array     0x000000000800d65c        0x4
                0x000000000800d65c                PROVIDE (__init_array_start = .)
 *(SORT_BY_NAME(.init_array.*))
 *(.init_array*)
 .init_array    0x000000000800d65c        0x4 /usr/lib/gcc/arm-none-eabi/9.2.1/thumb/v7-m/nofp/crtbegin.o
                0x000000000800d660                PROVIDE (__init_array_end = .)

.fini_array     0x000000000800d660        0x4
                0x000000000800d660                PROVIDE (__fini_array_start = .)
 *(SORT_BY_NAME(.fini_array.*))
 *(.fini_array*)
 .fini_array    0x000000000800d660        0x4 /usr/lib/gcc/arm-none-eabi/9.2.1/thumb/v7-m/nofp/crtbegin.o
                0x000000000800d664                PROVIDE (__fini_array_end = .)
                0x000000000800d664                _sidata = LOADADDR (.data)

.data           0x0000000020000000        0xc load address 0x000000000800d664
                0x0000000020000000                . = ALIGN (0x4)
                0x0000000020000000                _sdata = .
 *(.data)
 *(.data*)
 .data.SystemCoreClock
                0x0000000020000000        0x4 build/system_stm32f1xx.o
                0x0000000020000000                SystemCoreClock
 .data.uwTickFreq
                0x0000000020000004        0x1 build/stm32f1xx_hal.o
                0x0000000020000004                uwTickFreq
 *fill*         0x0000000020000005        0x3 
 .data.uwTickPrio
                0x0000000020000008        0x4 build/stm32f1xx_hal.o
                0x0000000020000008                uwTickPrio
                0x000000002000000c                . = ALIGN (0x4)
                0x000000002000000c                _edata = .

.tm_clone_table
                0x000000002000000c        0x0 load address 0x000000000800d670
 .tm_clone_table
                0x000000002000000c        0x0 /usr/lib/gcc/arm-none-eabi/9.2.1/thumb/v7-m/nofp/crtbegin.o
 .tm_clone_table
                0x000000002000000c        0x0 /usr/lib/gcc/arm-none-eabi/9.2.1/thumb/v7-m/nofp/crtend.o

.igot.plt       0x000000002000000c        0x0 load address 0x000000000800d670
 .igot.plt      0x000000002000000c        0x0 /usr/lib/gcc/arm-none-eabi/9.2.1/thumb/v7-m/nofp/crtbegin.o
                0x000000002000000c                . = ALIGN (0x4)

.bss            0x000000002000000c     0x1898 load address 0x000000000800d670
                0x000000002000000c                _sbss = .
                0x000000002000000c                __bss_start__ = _sbss
 *(.bss)
 .bss           0x000000002000000c       0x1c /usr/lib/gcc/arm-none-eabi/9.2.1/thumb/v7-m/nofp/crtbegin.o
 *(.bss*)
 .bss.lastRun   0x0000000020000028        0x4 build/main.o
                0x0000000020000028                lastRun
 .bss.HAL_RCC_CAN1_CLK_ENABLED
                0x000000002000002c        0x4 build/stm32f1xx_hal_msp.o
 .bss.G_100mStask
                0x0000000020000030        0x1 build/tasks.o
                0x0000000020000030                G_100mStask
 .bss.G_10mStask
                0x0000000020000031        0x1 build/tasks.o
                0x0000000020000031                G_10mStask
 .bss.G_250mStask
                0x0000000020000032        0x1 build/tasks.o
                0x0000000020000032                G_250mStask
 .bss.G_500mStask
                0x0000000020000033        0x1 build/tasks.o
                0x0000000020000033                G_500mStask
 .bss.G_mSCounter
                0x0000000020000034        0x4 build/tasks.o
                0x0000000020000034                G_mSCounter
 .bss.cpt2.7780
                0x0000000020000038        0x2 build/tasks.o
 *(COMMON)
 *fill*         0x000000002000003a        0x2 
 COMMON         0x000000002000003c      0x270 build/btld_jump.o
                0x000000002000003c                vcu
                0x0000000020000044                BMS
                0x0000000020000058                sf4
                0x0000000020000080                sf
                0x00000000200000a8                iboost
                0x00000000200000ac                canRx2
                0x00000000200000b4                ldu
                0x00000000200000c8                canTx
                0x00000000200000d0                txMsgExt2
                0x00000000200000e8                rxMsg
                0x0000000020000104                tempdata
                0x0000000020000108                tenderActive
                0x000000002000010c                txMsg2
                0x0000000020000124                DCDC
                0x0000000020000128                charger
                0x000000002000012c                te
                0x0000000020000138                hcan2
                0x0000000020000160                canMailbox2
                0x0000000020000164                LIDAR
                0x000000002000016c                txMsg
                0x0000000020000184                canMailbox
                0x0000000020000188                txCycle2
                0x000000002000018c                canTx2
                0x0000000020000194                ADC_data
                0x00000000200001a0                taskTime
                0x00000000200001c0                txMsgExt
                0x00000000200001d8                canDebug
                0x00000000200001dc                txCycle
                0x00000000200001e0                period
                0x00000000200001e4                rxMsg2
                0x0000000020000200                hcan1
                0x0000000020000228                time_now
                0x000000002000022c                sf2
                0x0000000020000254                canRx
                0x000000002000025c                sf5
                0x0000000020000284                sf3
 COMMON         0x00000000200002ac     0x1130 build/gauges.o
                0x00000000200002ac                tempPWM
                0x000000002000043c                socPWM
 COMMON         0x00000000200013dc      0x4c4 build/main.o
                0x00000000200013dc                hdma_tim2_ch1
                0x0000000020001420                hiwdg
                0x000000002000142c                htim5
                0x0000000020001474                waterPWM
                0x0000000020001604                htim3
                0x000000002000164c                hadc1
                0x000000002000167c                huart1
                0x00000000200016bc                hdma_tim5_ch1
                0x0000000020001700                hdma_tim5_ch2
                0x0000000020001744                hdma_adc1
                0x0000000020001788                htim6
                0x00000000200017d0                htim1
                0x0000000020001818                huart4
                0x0000000020001858                htim2
 COMMON         0x00000000200018a0        0x4 build/stm32f1xx_hal.o
                0x00000000200018a0                uwTick
                0x00000000200018a4                . = ALIGN (0x4)
                0x00000000200018a4                _ebss = .
                0x00000000200018a4                __bss_end__ = _ebss

._user_heap_stack
                0x00000000200018a4      0x604 load address 0x000000000800d670
                0x00000000200018a8                . = ALIGN (0x8)
 *fill*         0x00000000200018a4        0x4 
                0x00000000200018a8                PROVIDE (end = .)
                [!provide]                        PROVIDE (_end = .)
                0x0000000020001aa8                . = (. + _Min_Heap_Size)
 *fill*         0x00000000200018a8      0x200 
                0x0000000020001ea8                . = (. + _Min_Stack_Size)
 *fill*         0x0000000020001aa8      0x400 
                0x0000000020001ea8                . = ALIGN (0x8)

/DISCARD/
 libc.a(*)
 libm.a(*)
 libgcc.a(*)

.ARM.attributes
                0x0000000000000000       0x29
 *(.ARM.attributes)
 .ARM.attributes
                0x0000000000000000       0x1d /usr/lib/gcc/arm-none-eabi/9.2.1/thumb/v7-m/nofp/crti.o
 .ARM.attributes
                0x000000000000001d       0x2d /usr/lib/gcc/arm-none-eabi/9.2.1/thumb/v7-m/nofp/crtbegin.o
 .ARM.attributes
                0x000000000000004a       0x2d build/btld_jump.o
 .ARM.attributes
                0x0000000000000077       0x2d build/can_setup.o
 .ARM.attributes
                0x00000000000000a4       0x2d build/dcdc.o
 .ARM.attributes
                0x00000000000000d1       0x2d build/encoder.o
 .ARM.attributes
                0x00000000000000fe       0x2d build/gauges.o
 .ARM.attributes
                0x000000000000012b       0x2d build/lidar.o
 .ARM.attributes
                0x0000000000000158       0x2d build/main.o
 .ARM.attributes
                0x0000000000000185       0x2d build/stm32f1xx_hal_msp.o
 .ARM.attributes
                0x00000000000001b2       0x2d build/stm32f1xx_it.o
 .ARM.attributes
                0x00000000000001df       0x2d build/system_stm32f1xx.o
 .ARM.attributes
                0x000000000000020c       0x2d build/tasks.o
 .ARM.attributes
                0x0000000000000239       0x2d build/vcu.o
 .ARM.attributes
                0x0000000000000266       0x2d build/water_pump.o
 .ARM.attributes
                0x0000000000000293       0x2d build/stm32f1xx_hal.o
 .ARM.attributes
                0x00000000000002c0       0x2d build/stm32f1xx_hal_adc.o
 .ARM.attributes
                0x00000000000002ed       0x2d build/stm32f1xx_hal_can.o
 .ARM.attributes
                0x000000000000031a       0x2d build/stm32f1xx_hal_cortex.o
 .ARM.attributes
                0x0000000000000347       0x2d build/stm32f1xx_hal_dma.o
 .ARM.attributes
                0x0000000000000374       0x2d build/stm32f1xx_hal_gpio.o
 .ARM.attributes
                0x00000000000003a1       0x2d build/stm32f1xx_hal_rcc.o
 .ARM.attributes
                0x00000000000003ce       0x2d build/stm32f1xx_hal_rcc_ex.o
 .ARM.attributes
                0x00000000000003fb       0x2d build/stm32f1xx_hal_tim.o
 .ARM.attributes
                0x0000000000000428       0x2d build/stm32f1xx_hal_tim_ex.o
 .ARM.attributes
                0x0000000000000455       0x2d build/stm32f1xx_hal_uart.o
 .ARM.attributes
                0x0000000000000482       0x21 build/startup_stm32f105xc.o
 .ARM.attributes
                0x00000000000004a3       0x2d /usr/lib/gcc/arm-none-eabi/9.2.1/../../../arm-none-eabi/lib/thumb/v7-m/nofp/libc_nano.a(lib_a-memset.o)
 .ARM.attributes
                0x00000000000004d0       0x1d /usr/lib/gcc/arm-none-eabi/9.2.1/thumb/v7-m/nofp/libgcc.a(_arm_addsubdf3.o)
 .ARM.attributes
                0x00000000000004ed       0x1d /usr/lib/gcc/arm-none-eabi/9.2.1/thumb/v7-m/nofp/libgcc.a(_arm_muldivdf3.o)
 .ARM.attributes
                0x000000000000050a       0x1d /usr/lib/gcc/arm-none-eabi/9.2.1/thumb/v7-m/nofp/libgcc.a(_arm_fixunsdfsi.o)
 .ARM.attributes
                0x0000000000000527       0x1d /usr/lib/gcc/arm-none-eabi/9.2.1/thumb/v7-m/nofp/libgcc.a(_aeabi_uldivmod.o)
 .ARM.attributes
                0x0000000000000544       0x2d /usr/lib/gcc/arm-none-eabi/9.2.1/thumb/v7-m/nofp/libgcc.a(_udivmoddi4.o)
 .ARM.attributes
                0x0000000000000571       0x1d /usr/lib/gcc/arm-none-eabi/9.2.1/thumb/v7-m/nofp/libgcc.a(_dvmd_tls.o)
 .ARM.attributes
                0x000000000000058e       0x2d /usr/lib/gcc/arm-none-eabi/9.2.1/thumb/v7-m/nofp/crtend.o
 .ARM.attributes
                0x00000000000005bb       0x1d /usr/lib/gcc/arm-none-eabi/9.2.1/thumb/v7-m/nofp/crtn.o
OUTPUT(build/VCU.elf elf32-littlearm)
LOAD linker stubs
LOAD /usr/lib/gcc/arm-none-eabi/9.2.1/../../../arm-none-eabi/lib/thumb/v7-m/nofp/libc.a
LOAD /usr/lib/gcc/arm-none-eabi/9.2.1/../../../arm-none-eabi/lib/thumb/v7-m/nofp/libm.a
LOAD /usr/lib/gcc/arm-none-eabi/9.2.1/thumb/v7-m/nofp/libgcc.a

.comment        0x0000000000000000       0xa7
 .comment       0x0000000000000000       0x59 /usr/lib/gcc/arm-none-eabi/9.2.1/thumb/v7-m/nofp/crtbegin.o
                                         0x5a (size before relaxing)
 .comment       0x0000000000000059       0x5a build/btld_jump.o
 .comment       0x0000000000000059       0x5a build/can_setup.o
 .comment       0x0000000000000059       0x5a build/dcdc.o
 .comment       0x0000000000000059       0x5a build/encoder.o
 .comment       0x0000000000000059       0x5a build/gauges.o
 .comment       0x0000000000000059       0x5a build/lidar.o
 .comment       0x0000000000000059       0x5a build/main.o
 .comment       0x0000000000000059       0x5a build/stm32f1xx_hal_msp.o
 .comment       0x0000000000000059       0x5a build/stm32f1xx_it.o
 .comment       0x0000000000000059       0x5a build/system_stm32f1xx.o
 .comment       0x0000000000000059       0x5a build/tasks.o
 .comment       0x0000000000000059       0x5a build/vcu.o
 .comment       0x0000000000000059       0x5a build/water_pump.o
 .comment       0x0000000000000059       0x5a build/stm32f1xx_hal.o
 .comment       0x0000000000000059       0x5a build/stm32f1xx_hal_adc.o
 .comment       0x0000000000000059       0x5a build/stm32f1xx_hal_can.o
 .comment       0x0000000000000059       0x5a build/stm32f1xx_hal_cortex.o
 .comment       0x0000000000000059       0x5a build/stm32f1xx_hal_dma.o
 .comment       0x0000000000000059       0x5a build/stm32f1xx_hal_gpio.o
 .comment       0x0000000000000059       0x5a build/stm32f1xx_hal_rcc.o
 .comment       0x0000000000000059       0x5a build/stm32f1xx_hal_rcc_ex.o
 .comment       0x0000000000000059       0x5a build/stm32f1xx_hal_tim.o
 .comment       0x0000000000000059       0x5a build/stm32f1xx_hal_tim_ex.o
 .comment       0x0000000000000059       0x5a build/stm32f1xx_hal_uart.o
 .comment       0x0000000000000059       0x4e /usr/lib/gcc/arm-none-eabi/9.2.1/../../../arm-none-eabi/lib/thumb/v7-m/nofp/libc_nano.a(lib_a-memset.o)
                                         0x4f (size before relaxing)
 .comment       0x00000000000000a7       0x5a /usr/lib/gcc/arm-none-eabi/9.2.1/thumb/v7-m/nofp/libgcc.a(_udivmoddi4.o)
 .comment       0x00000000000000a7       0x5a /usr/lib/gcc/arm-none-eabi/9.2.1/thumb/v7-m/nofp/crtend.o

.debug_info     0x0000000000000000    0x218fe
 .debug_info    0x0000000000000000     0x1642 build/btld_jump.o
 .debug_info    0x0000000000001642     0x205c build/can_setup.o
 .debug_info    0x000000000000369e     0x1784 build/dcdc.o
 .debug_info    0x0000000000004e22     0x1a75 build/encoder.o
 .debug_info    0x0000000000006897      0xd42 build/gauges.o
 .debug_info    0x00000000000075d9      0x26f build/lidar.o
 .debug_info    0x0000000000007848     0x368d build/main.o
 .debug_info    0x000000000000aed5     0x1ba8 build/stm32f1xx_hal_msp.o
 .debug_info    0x000000000000ca7d      0xcd6 build/stm32f1xx_it.o
 .debug_info    0x000000000000d753      0x2f6 build/system_stm32f1xx.o
 .debug_info    0x000000000000da49     0x1ef7 build/tasks.o
 .debug_info    0x000000000000f940     0x1ea4 build/vcu.o
 .debug_info    0x00000000000117e4     0x17ab build/water_pump.o
 .debug_info    0x0000000000012f8f      0x889 build/stm32f1xx_hal.o
 .debug_info    0x0000000000013818      0xfb4 build/stm32f1xx_hal_adc.o
 .debug_info    0x00000000000147cc     0x132d build/stm32f1xx_hal_can.o
 .debug_info    0x0000000000015af9      0xe82 build/stm32f1xx_hal_cortex.o
 .debug_info    0x000000000001697b      0x90e build/stm32f1xx_hal_dma.o
 .debug_info    0x0000000000017289      0x747 build/stm32f1xx_hal_gpio.o
 .debug_info    0x00000000000179d0      0xb7f build/stm32f1xx_hal_rcc.o
 .debug_info    0x000000000001854f      0x77e build/stm32f1xx_hal_rcc_ex.o
 .debug_info    0x0000000000018ccd     0x3b6e build/stm32f1xx_hal_tim.o
 .debug_info    0x000000000001c83b     0x1a5d build/stm32f1xx_hal_tim_ex.o
 .debug_info    0x000000000001e298     0x18e9 build/stm32f1xx_hal_uart.o
 .debug_info    0x000000000001fb81       0x22 build/startup_stm32f105xc.o
 .debug_info    0x000000000001fba3      0xf21 /usr/lib/gcc/arm-none-eabi/9.2.1/../../../arm-none-eabi/lib/thumb/v7-m/nofp/libc_nano.a(lib_a-memset.o)
 .debug_info    0x0000000000020ac4       0x26 /usr/lib/gcc/arm-none-eabi/9.2.1/thumb/v7-m/nofp/libgcc.a(_arm_addsubdf3.o)
 .debug_info    0x0000000000020aea       0x26 /usr/lib/gcc/arm-none-eabi/9.2.1/thumb/v7-m/nofp/libgcc.a(_arm_muldivdf3.o)
 .debug_info    0x0000000000020b10       0x26 /usr/lib/gcc/arm-none-eabi/9.2.1/thumb/v7-m/nofp/libgcc.a(_arm_fixunsdfsi.o)
 .debug_info    0x0000000000020b36       0x26 /usr/lib/gcc/arm-none-eabi/9.2.1/thumb/v7-m/nofp/libgcc.a(_aeabi_uldivmod.o)
 .debug_info    0x0000000000020b5c      0xd7c /usr/lib/gcc/arm-none-eabi/9.2.1/thumb/v7-m/nofp/libgcc.a(_udivmoddi4.o)
 .debug_info    0x00000000000218d8       0x26 /usr/lib/gcc/arm-none-eabi/9.2.1/thumb/v7-m/nofp/libgcc.a(_dvmd_tls.o)

.debug_abbrev   0x0000000000000000     0x4176
 .debug_abbrev  0x0000000000000000      0x27d build/btld_jump.o
 .debug_abbrev  0x000000000000027d      0x330 build/can_setup.o
 .debug_abbrev  0x00000000000005ad      0x2eb build/dcdc.o
 .debug_abbrev  0x0000000000000898      0x2c5 build/encoder.o
 .debug_abbrev  0x0000000000000b5d      0x2b0 build/gauges.o
 .debug_abbrev  0x0000000000000e0d      0x118 build/lidar.o
 .debug_abbrev  0x0000000000000f25      0x3f4 build/main.o
 .debug_abbrev  0x0000000000001319      0x2ae build/stm32f1xx_hal_msp.o
 .debug_abbrev  0x00000000000015c7      0x1f1 build/stm32f1xx_it.o
 .debug_abbrev  0x00000000000017b8      0x148 build/system_stm32f1xx.o
 .debug_abbrev  0x0000000000001900      0x2c9 build/tasks.o
 .debug_abbrev  0x0000000000001bc9      0x3be build/vcu.o
 .debug_abbrev  0x0000000000001f87      0x2ed build/water_pump.o
 .debug_abbrev  0x0000000000002274      0x219 build/stm32f1xx_hal.o
 .debug_abbrev  0x000000000000248d      0x228 build/stm32f1xx_hal_adc.o
 .debug_abbrev  0x00000000000026b5      0x2a3 build/stm32f1xx_hal_can.o
 .debug_abbrev  0x0000000000002958      0x367 build/stm32f1xx_hal_cortex.o
 .debug_abbrev  0x0000000000002cbf      0x262 build/stm32f1xx_hal_dma.o
 .debug_abbrev  0x0000000000002f21      0x213 build/stm32f1xx_hal_gpio.o
 .debug_abbrev  0x0000000000003134      0x2ab build/stm32f1xx_hal_rcc.o
 .debug_abbrev  0x00000000000033df      0x21a build/stm32f1xx_hal_rcc_ex.o
 .debug_abbrev  0x00000000000035f9      0x26b build/stm32f1xx_hal_tim.o
 .debug_abbrev  0x0000000000003864      0x26e build/stm32f1xx_hal_tim_ex.o
 .debug_abbrev  0x0000000000003ad2      0x293 build/stm32f1xx_hal_uart.o
 .debug_abbrev  0x0000000000003d65       0x12 build/startup_stm32f105xc.o
 .debug_abbrev  0x0000000000003d77      0x1d9 /usr/lib/gcc/arm-none-eabi/9.2.1/../../../arm-none-eabi/lib/thumb/v7-m/nofp/libc_nano.a(lib_a-memset.o)
 .debug_abbrev  0x0000000000003f50       0x14 /usr/lib/gcc/arm-none-eabi/9.2.1/thumb/v7-m/nofp/libgcc.a(_arm_addsubdf3.o)
 .debug_abbrev  0x0000000000003f64       0x14 /usr/lib/gcc/arm-none-eabi/9.2.1/thumb/v7-m/nofp/libgcc.a(_arm_muldivdf3.o)
 .debug_abbrev  0x0000000000003f78       0x14 /usr/lib/gcc/arm-none-eabi/9.2.1/thumb/v7-m/nofp/libgcc.a(_arm_fixunsdfsi.o)
 .debug_abbrev  0x0000000000003f8c       0x14 /usr/lib/gcc/arm-none-eabi/9.2.1/thumb/v7-m/nofp/libgcc.a(_aeabi_uldivmod.o)
 .debug_abbrev  0x0000000000003fa0      0x1c2 /usr/lib/gcc/arm-none-eabi/9.2.1/thumb/v7-m/nofp/libgcc.a(_udivmoddi4.o)
 .debug_abbrev  0x0000000000004162       0x14 /usr/lib/gcc/arm-none-eabi/9.2.1/thumb/v7-m/nofp/libgcc.a(_dvmd_tls.o)

.debug_loc      0x0000000000000000     0xdc49
 .debug_loc     0x0000000000000000       0x84 build/btld_jump.o
 .debug_loc     0x0000000000000084      0x359 build/can_setup.o
 .debug_loc     0x00000000000003dd       0xa1 build/dcdc.o
 .debug_loc     0x000000000000047e      0x14e build/encoder.o
 .debug_loc     0x00000000000005cc      0x1a6 build/gauges.o
 .debug_loc     0x0000000000000772       0x84 build/lidar.o
 .debug_loc     0x00000000000007f6       0xd7 build/main.o
 .debug_loc     0x00000000000008cd      0x3ea build/stm32f1xx_hal_msp.o
 .debug_loc     0x0000000000000cb7      0x1ea build/system_stm32f1xx.o
 .debug_loc     0x0000000000000ea1      0x344 build/vcu.o
 .debug_loc     0x00000000000011e5       0xb8 build/water_pump.o
 .debug_loc     0x000000000000129d      0x141 build/stm32f1xx_hal.o
 .debug_loc     0x00000000000013de      0xad9 build/stm32f1xx_hal_adc.o
 .debug_loc     0x0000000000001eb7      0xdd6 build/stm32f1xx_hal_can.o
 .debug_loc     0x0000000000002c8d      0x71f build/stm32f1xx_hal_cortex.o
 .debug_loc     0x00000000000033ac      0x7ce build/stm32f1xx_hal_dma.o
 .debug_loc     0x0000000000003b7a      0x468 build/stm32f1xx_hal_gpio.o
 .debug_loc     0x0000000000003fe2      0x745 build/stm32f1xx_hal_rcc.o
 .debug_loc     0x0000000000004727      0x7b9 build/stm32f1xx_hal_rcc_ex.o
 .debug_loc     0x0000000000004ee0     0x47b8 build/stm32f1xx_hal_tim.o
 .debug_loc     0x0000000000009698     0x1aa9 build/stm32f1xx_hal_tim_ex.o
 .debug_loc     0x000000000000b141     0x1951 build/stm32f1xx_hal_uart.o
 .debug_loc     0x000000000000ca92      0x231 /usr/lib/gcc/arm-none-eabi/9.2.1/../../../arm-none-eabi/lib/thumb/v7-m/nofp/libc_nano.a(lib_a-memset.o)
 .debug_loc     0x000000000000ccc3      0xf86 /usr/lib/gcc/arm-none-eabi/9.2.1/thumb/v7-m/nofp/libgcc.a(_udivmoddi4.o)

.debug_aranges  0x0000000000000000     0x1188
 .debug_aranges
                0x0000000000000000       0x20 build/btld_jump.o
 .debug_aranges
                0x0000000000000020       0x68 build/can_setup.o
 .debug_aranges
                0x0000000000000088       0x40 build/dcdc.o
 .debug_aranges
                0x00000000000000c8       0x40 build/encoder.o
 .debug_aranges
                0x0000000000000108       0x40 build/gauges.o
 .debug_aranges
                0x0000000000000148       0x20 build/lidar.o
 .debug_aranges
                0x0000000000000168       0xa0 build/main.o
 .debug_aranges
                0x0000000000000208       0x88 build/stm32f1xx_hal_msp.o
 .debug_aranges
                0x0000000000000290       0x98 build/stm32f1xx_it.o
 .debug_aranges
                0x0000000000000328       0x28 build/system_stm32f1xx.o
 .debug_aranges
                0x0000000000000350       0x28 build/tasks.o
 .debug_aranges
                0x0000000000000378       0x80 build/vcu.o
 .debug_aranges
                0x00000000000003f8       0x30 build/water_pump.o
 .debug_aranges
                0x0000000000000428       0xe0 build/stm32f1xx_hal.o
 .debug_aranges
                0x0000000000000508       0xf0 build/stm32f1xx_hal_adc.o
 .debug_aranges
                0x00000000000005f8      0x138 build/stm32f1xx_hal_can.o
 .debug_aranges
                0x0000000000000730       0x90 build/stm32f1xx_hal_cortex.o
 .debug_aranges
                0x00000000000007c0       0x80 build/stm32f1xx_hal_dma.o
 .debug_aranges
                0x0000000000000840       0x58 build/stm32f1xx_hal_gpio.o
 .debug_aranges
                0x0000000000000898       0x90 build/stm32f1xx_hal_rcc.o
 .debug_aranges
                0x0000000000000928       0x50 build/stm32f1xx_hal_rcc_ex.o
 .debug_aranges
                0x0000000000000978      0x3d0 build/stm32f1xx_hal_tim.o
 .debug_aranges
                0x0000000000000d48      0x168 build/stm32f1xx_hal_tim_ex.o
 .debug_aranges
                0x0000000000000eb0      0x1d0 build/stm32f1xx_hal_uart.o
 .debug_aranges
                0x0000000000001080       0x28 build/startup_stm32f105xc.o
 .debug_aranges
                0x00000000000010a8       0x20 /usr/lib/gcc/arm-none-eabi/9.2.1/../../../arm-none-eabi/lib/thumb/v7-m/nofp/libc_nano.a(lib_a-memset.o)
 .debug_aranges
                0x00000000000010c8       0x20 /usr/lib/gcc/arm-none-eabi/9.2.1/thumb/v7-m/nofp/libgcc.a(_arm_addsubdf3.o)
 .debug_aranges
                0x00000000000010e8       0x20 /usr/lib/gcc/arm-none-eabi/9.2.1/thumb/v7-m/nofp/libgcc.a(_arm_muldivdf3.o)
 .debug_aranges
                0x0000000000001108       0x20 /usr/lib/gcc/arm-none-eabi/9.2.1/thumb/v7-m/nofp/libgcc.a(_arm_fixunsdfsi.o)
 .debug_aranges
                0x0000000000001128       0x20 /usr/lib/gcc/arm-none-eabi/9.2.1/thumb/v7-m/nofp/libgcc.a(_aeabi_uldivmod.o)
 .debug_aranges
                0x0000000000001148       0x20 /usr/lib/gcc/arm-none-eabi/9.2.1/thumb/v7-m/nofp/libgcc.a(_udivmoddi4.o)
 .debug_aranges
                0x0000000000001168       0x20 /usr/lib/gcc/arm-none-eabi/9.2.1/thumb/v7-m/nofp/libgcc.a(_dvmd_tls.o)

.debug_ranges   0x0000000000000000     0x10f0
 .debug_ranges  0x0000000000000000       0x10 build/btld_jump.o
 .debug_ranges  0x0000000000000010       0x88 build/can_setup.o
 .debug_ranges  0x0000000000000098       0x30 build/dcdc.o
 .debug_ranges  0x00000000000000c8       0x30 build/encoder.o
 .debug_ranges  0x00000000000000f8       0x30 build/gauges.o
 .debug_ranges  0x0000000000000128       0x10 build/lidar.o
 .debug_ranges  0x0000000000000138       0x90 build/main.o
 .debug_ranges  0x00000000000001c8       0x78 build/stm32f1xx_hal_msp.o
 .debug_ranges  0x0000000000000240       0x88 build/stm32f1xx_it.o
 .debug_ranges  0x00000000000002c8       0x18 build/system_stm32f1xx.o
 .debug_ranges  0x00000000000002e0       0x18 build/tasks.o
 .debug_ranges  0x00000000000002f8       0x88 build/vcu.o
 .debug_ranges  0x0000000000000380       0x20 build/water_pump.o
 .debug_ranges  0x00000000000003a0       0xd0 build/stm32f1xx_hal.o
 .debug_ranges  0x0000000000000470       0xe0 build/stm32f1xx_hal_adc.o
 .debug_ranges  0x0000000000000550      0x128 build/stm32f1xx_hal_can.o
 .debug_ranges  0x0000000000000678       0xe0 build/stm32f1xx_hal_cortex.o
 .debug_ranges  0x0000000000000758       0x70 build/stm32f1xx_hal_dma.o
 .debug_ranges  0x00000000000007c8       0x48 build/stm32f1xx_hal_gpio.o
 .debug_ranges  0x0000000000000810       0xa0 build/stm32f1xx_hal_rcc.o
 .debug_ranges  0x00000000000008b0       0x58 build/stm32f1xx_hal_rcc_ex.o
 .debug_ranges  0x0000000000000908      0x3c0 build/stm32f1xx_hal_tim.o
 .debug_ranges  0x0000000000000cc8      0x158 build/stm32f1xx_hal_tim_ex.o
 .debug_ranges  0x0000000000000e20      0x1c0 build/stm32f1xx_hal_uart.o
 .debug_ranges  0x0000000000000fe0       0x20 build/startup_stm32f105xc.o
 .debug_ranges  0x0000000000001000       0xf0 /usr/lib/gcc/arm-none-eabi/9.2.1/thumb/v7-m/nofp/libgcc.a(_udivmoddi4.o)

.debug_line     0x0000000000000000    0x11e3c
 .debug_line    0x0000000000000000      0x204 build/btld_jump.o
 .debug_line    0x0000000000000204      0x718 build/can_setup.o
 .debug_line    0x000000000000091c      0x31f build/dcdc.o
 .debug_line    0x0000000000000c3b      0x40f build/encoder.o
 .debug_line    0x000000000000104a      0x3e5 build/gauges.o
 .debug_line    0x000000000000142f      0x18a build/lidar.o
 .debug_line    0x00000000000015b9      0xc62 build/main.o
 .debug_line    0x000000000000221b      0x92e build/stm32f1xx_hal_msp.o
 .debug_line    0x0000000000002b49      0x33d build/stm32f1xx_it.o
 .debug_line    0x0000000000002e86      0x23b build/system_stm32f1xx.o
 .debug_line    0x00000000000030c1      0x35d build/tasks.o
 .debug_line    0x000000000000341e      0xa63 build/vcu.o
 .debug_line    0x0000000000003e81      0x3a0 build/water_pump.o
 .debug_line    0x0000000000004221      0x48a build/stm32f1xx_hal.o
 .debug_line    0x00000000000046ab      0xe36 build/stm32f1xx_hal_adc.o
 .debug_line    0x00000000000054e1     0x1088 build/stm32f1xx_hal_can.o
 .debug_line    0x0000000000006569      0x5de build/stm32f1xx_hal_cortex.o
 .debug_line    0x0000000000006b47      0xc95 build/stm32f1xx_hal_dma.o
 .debug_line    0x00000000000077dc      0x58a build/stm32f1xx_hal_gpio.o
 .debug_line    0x0000000000007d66      0xd5a build/stm32f1xx_hal_rcc.o
 .debug_line    0x0000000000008ac0      0x836 build/stm32f1xx_hal_rcc_ex.o
 .debug_line    0x00000000000092f6     0x466a build/stm32f1xx_hal_tim.o
 .debug_line    0x000000000000d960     0x1c3e build/stm32f1xx_hal_tim_ex.o
 .debug_line    0x000000000000f59e     0x1b4a build/stm32f1xx_hal_uart.o
 .debug_line    0x00000000000110e8       0x73 build/startup_stm32f105xc.o
 .debug_line    0x000000000001115b      0x26b /usr/lib/gcc/arm-none-eabi/9.2.1/../../../arm-none-eabi/lib/thumb/v7-m/nofp/libc_nano.a(lib_a-memset.o)
 .debug_line    0x00000000000113c6      0x186 /usr/lib/gcc/arm-none-eabi/9.2.1/thumb/v7-m/nofp/libgcc.a(_arm_addsubdf3.o)
 .debug_line    0x000000000001154c      0x19b /usr/lib/gcc/arm-none-eabi/9.2.1/thumb/v7-m/nofp/libgcc.a(_arm_muldivdf3.o)
 .debug_line    0x00000000000116e7       0x75 /usr/lib/gcc/arm-none-eabi/9.2.1/thumb/v7-m/nofp/libgcc.a(_arm_fixunsdfsi.o)
 .debug_line    0x000000000001175c       0x60 /usr/lib/gcc/arm-none-eabi/9.2.1/thumb/v7-m/nofp/libgcc.a(_aeabi_uldivmod.o)
 .debug_line    0x00000000000117bc      0x620 /usr/lib/gcc/arm-none-eabi/9.2.1/thumb/v7-m/nofp/libgcc.a(_udivmoddi4.o)
 .debug_line    0x0000000000011ddc       0x60 /usr/lib/gcc/arm-none-eabi/9.2.1/thumb/v7-m/nofp/libgcc.a(_dvmd_tls.o)

.debug_str      0x0000000000000000     0x6735
 .debug_str     0x0000000000000000      0xbf8 build/btld_jump.o
                                        0xce6 (size before relaxing)
 .debug_str     0x0000000000000bf8      0x58b build/can_setup.o
                                       0x124c (size before relaxing)
 .debug_str     0x0000000000001183       0x9a build/dcdc.o
                                        0xd56 (size before relaxing)
 .debug_str     0x000000000000121d       0x6f build/encoder.o
                                        0xd7c (size before relaxing)
 .debug_str     0x000000000000128c       0xb6 build/gauges.o
                                        0x6e7 (size before relaxing)
 .debug_str     0x0000000000001342       0x11 build/lidar.o
                                        0x2c2 (size before relaxing)
 .debug_str     0x0000000000001353      0xeda build/main.o
                                       0x20bb (size before relaxing)
 .debug_str     0x000000000000222d      0x1b7 build/stm32f1xx_hal_msp.o
                                       0x12cb (size before relaxing)
 .debug_str     0x00000000000023e4      0x189 build/stm32f1xx_it.o
                                        0xb25 (size before relaxing)
 .debug_str     0x000000000000256d       0x82 build/system_stm32f1xx.o
                                        0x304 (size before relaxing)
 .debug_str     0x00000000000025ef       0xe0 build/tasks.o
                                       0x12dd (size before relaxing)
 .debug_str     0x00000000000026cf      0x1a6 build/vcu.o
                                        0xfb9 (size before relaxing)
 .debug_str     0x0000000000002875       0x2a build/water_pump.o
                                        0xd38 (size before relaxing)
 .debug_str     0x000000000000289f      0x274 build/stm32f1xx_hal.o
                                        0x928 (size before relaxing)
 .debug_str     0x0000000000002b13      0x31e build/stm32f1xx_hal_adc.o
                                        0x964 (size before relaxing)
 .debug_str     0x0000000000002e31      0x382 build/stm32f1xx_hal_can.o
                                        0xadf (size before relaxing)
 .debug_str     0x00000000000031b3      0x354 build/stm32f1xx_hal_cortex.o
                                        0xa36 (size before relaxing)
 .debug_str     0x0000000000003507      0x1d1 build/stm32f1xx_hal_dma.o
                                        0x6b0 (size before relaxing)
 .debug_str     0x00000000000036d8       0xee build/stm32f1xx_hal_gpio.o
                                        0x4b6 (size before relaxing)
 .debug_str     0x00000000000037c6      0x1f2 build/stm32f1xx_hal_rcc.o
                                        0x6fa (size before relaxing)
 .debug_str     0x00000000000039b8      0x101 build/stm32f1xx_hal_rcc_ex.o
                                        0x5ad (size before relaxing)
 .debug_str     0x0000000000003ab9      0xcd1 build/stm32f1xx_hal_tim.o
                                       0x16e0 (size before relaxing)
 .debug_str     0x000000000000478a      0x498 build/stm32f1xx_hal_tim_ex.o
                                        0xf0a (size before relaxing)
 .debug_str     0x0000000000004c22      0x4ff build/stm32f1xx_hal_uart.o
                                        0xc38 (size before relaxing)
 .debug_str     0x0000000000005121       0x22 build/startup_stm32f105xc.o
                                         0x3f (size before relaxing)
 .debug_str     0x0000000000005143      0x421 /usr/lib/gcc/arm-none-eabi/9.2.1/../../../arm-none-eabi/lib/thumb/v7-m/nofp/libc_nano.a(lib_a-memset.o)
                                        0x907 (size before relaxing)
 .debug_str     0x0000000000005564       0x98 /usr/lib/gcc/arm-none-eabi/9.2.1/thumb/v7-m/nofp/libgcc.a(_arm_addsubdf3.o)
                                         0xa4 (size before relaxing)
 .debug_str     0x00000000000055fc       0xa4 /usr/lib/gcc/arm-none-eabi/9.2.1/thumb/v7-m/nofp/libgcc.a(_arm_muldivdf3.o)
 .debug_str     0x00000000000055fc       0xa4 /usr/lib/gcc/arm-none-eabi/9.2.1/thumb/v7-m/nofp/libgcc.a(_arm_fixunsdfsi.o)
 .debug_str     0x00000000000055fc       0x2c /usr/lib/gcc/arm-none-eabi/9.2.1/thumb/v7-m/nofp/libgcc.a(_aeabi_uldivmod.o)
                                         0x9f (size before relaxing)
 .debug_str     0x0000000000005628     0x10dd /usr/lib/gcc/arm-none-eabi/9.2.1/thumb/v7-m/nofp/libgcc.a(_udivmoddi4.o)
                                       0x11de (size before relaxing)
 .debug_str     0x0000000000006705       0x30 /usr/lib/gcc/arm-none-eabi/9.2.1/thumb/v7-m/nofp/libgcc.a(_dvmd_tls.o)
                                         0xa3 (size before relaxing)

.debug_frame    0x0000000000000000     0x2ce8
 .debug_frame   0x0000000000000000       0x28 build/btld_jump.o
 .debug_frame   0x0000000000000028      0x118 build/can_setup.o
 .debug_frame   0x0000000000000140       0x80 build/dcdc.o
 .debug_frame   0x00000000000001c0       0x7c build/encoder.o
 .debug_frame   0x000000000000023c       0x88 build/gauges.o
 .debug_frame   0x00000000000002c4       0x20 build/lidar.o
 .debug_frame   0x00000000000002e4      0x1fc build/main.o
 .debug_frame   0x00000000000004e0      0x190 build/stm32f1xx_hal_msp.o
 .debug_frame   0x0000000000000670      0x150 build/stm32f1xx_it.o
 .debug_frame   0x00000000000007c0       0x3c build/system_stm32f1xx.o
 .debug_frame   0x00000000000007fc       0x38 build/tasks.o
 .debug_frame   0x0000000000000834      0x140 build/vcu.o
 .debug_frame   0x0000000000000974       0x50 build/water_pump.o
 .debug_frame   0x00000000000009c4      0x1cc build/stm32f1xx_hal.o
 .debug_frame   0x0000000000000b90      0x2c4 build/stm32f1xx_hal_adc.o
 .debug_frame   0x0000000000000e54      0x2dc build/stm32f1xx_hal_can.o
 .debug_frame   0x0000000000001130      0x12c build/stm32f1xx_hal_cortex.o
 .debug_frame   0x000000000000125c      0x144 build/stm32f1xx_hal_dma.o
 .debug_frame   0x00000000000013a0       0xe8 build/stm32f1xx_hal_gpio.o
 .debug_frame   0x0000000000001488      0x19c build/stm32f1xx_hal_rcc.o
 .debug_frame   0x0000000000001624       0xe4 build/stm32f1xx_hal_rcc_ex.o
 .debug_frame   0x0000000000001708      0xb28 build/stm32f1xx_hal_tim.o
 .debug_frame   0x0000000000002230      0x418 build/stm32f1xx_hal_tim_ex.o
 .debug_frame   0x0000000000002648      0x4e8 build/stm32f1xx_hal_uart.o
 .debug_frame   0x0000000000002b30       0x38 /usr/lib/gcc/arm-none-eabi/9.2.1/../../../arm-none-eabi/lib/thumb/v7-m/nofp/libc_nano.a(lib_a-memset.o)
 .debug_frame   0x0000000000002b68       0xac /usr/lib/gcc/arm-none-eabi/9.2.1/thumb/v7-m/nofp/libgcc.a(_arm_addsubdf3.o)
 .debug_frame   0x0000000000002c14       0x50 /usr/lib/gcc/arm-none-eabi/9.2.1/thumb/v7-m/nofp/libgcc.a(_arm_muldivdf3.o)
 .debug_frame   0x0000000000002c64       0x24 /usr/lib/gcc/arm-none-eabi/9.2.1/thumb/v7-m/nofp/libgcc.a(_arm_fixunsdfsi.o)
 .debug_frame   0x0000000000002c88       0x2c /usr/lib/gcc/arm-none-eabi/9.2.1/thumb/v7-m/nofp/libgcc.a(_aeabi_uldivmod.o)
 .debug_frame   0x0000000000002cb4       0x34 /usr/lib/gcc/arm-none-eabi/9.2.1/thumb/v7-m/nofp/libgcc.a(_udivmoddi4.o)

.stabstr        0x0000000000000000      0x117
 .stabstr       0x0000000000000000      0x117 /usr/lib/gcc/arm-none-eabi/9.2.1/../../../arm-none-eabi/lib/thumb/v7-m/nofp/libnosys.a(close.o)

Cross Reference Table

Symbol                                            File
ACCEL                                             build/dynamics.o
ADC1_2_IRQHandler                                 build/startup_stm32f105xc.o
ADC_ConversionStop_Disable                        build/stm32f1xx_hal_adc.o
                                                  build/stm32f1xx_hal_adc_ex.o
ADC_DMAConvCplt                                   build/stm32f1xx_hal_adc.o
                                                  build/stm32f1xx_hal_adc_ex.o
ADC_DMAError                                      build/stm32f1xx_hal_adc.o
                                                  build/stm32f1xx_hal_adc_ex.o
ADC_DMAHalfConvCplt                               build/stm32f1xx_hal_adc.o
                                                  build/stm32f1xx_hal_adc_ex.o
ADC_Enable                                        build/stm32f1xx_hal_adc.o
                                                  build/stm32f1xx_hal_adc_ex.o
ADC_data                                          build/water_pump.o
                                                  build/vcu.o
                                                  build/test.o
                                                  build/tasks.o
                                                  build/main.o
                                                  build/encoder.o
                                                  build/dynamics.o
                                                  build/dcdc.o
                                                  build/can_setup.o
                                                  build/btld_jump.o
AHBPrescTable                                     build/system_stm32f1xx.o
                                                  build/stm32f1xx_hal_rcc.o
APBPrescTable                                     build/system_stm32f1xx.o
                                                  build/stm32f1xx_hal_rcc.o
BMS                                               build/water_pump.o
                                                  build/vcu.o
                                                  build/test.o
                                                  build/tasks.o
                                                  build/main.o
                                                  build/encoder.o
                                                  build/dynamics.o
                                                  build/dcdc.o
                                                  build/can_setup.o
                                                  build/btld_jump.o
BOARD_NAME                                        build/main.o
BusFault_Handler                                  build/stm32f1xx_it.o
CAN1_RX0_IRQHandler                               build/stm32f1xx_it.o
CAN1_RX1_IRQHandler                               build/startup_stm32f105xc.o
CAN1_SCE_IRQHandler                               build/startup_stm32f105xc.o
CAN1_TX_IRQHandler                                build/startup_stm32f105xc.o
CAN2_RX0_IRQHandler                               build/startup_stm32f105xc.o
CAN2_RX1_IRQHandler                               build/stm32f1xx_it.o
CAN2_SCE_IRQHandler                               build/startup_stm32f105xc.o
CAN2_TX_IRQHandler                                build/startup_stm32f105xc.o
DCDC                                              build/water_pump.o
                                                  build/vcu.o
                                                  build/test.o
                                                  build/tasks.o
                                                  build/main.o
                                                  build/encoder.o
                                                  build/dynamics.o
                                                  build/dcdc.o
                                                  build/can_setup.o
                                                  build/btld_jump.o
DMA1_Channel1_IRQHandler                          build/stm32f1xx_it.o
DMA1_Channel2_IRQHandler                          build/startup_stm32f105xc.o
DMA1_Channel3_IRQHandler                          build/startup_stm32f105xc.o
DMA1_Channel4_IRQHandler                          build/startup_stm32f105xc.o
DMA1_Channel5_IRQHandler                          build/stm32f1xx_it.o
DMA1_Channel6_IRQHandler                          build/startup_stm32f105xc.o
DMA1_Channel7_IRQHandler                          build/startup_stm32f105xc.o
DMA2_Channel1_IRQHandler                          build/startup_stm32f105xc.o
DMA2_Channel2_IRQHandler                          build/startup_stm32f105xc.o
DMA2_Channel3_IRQHandler                          build/startup_stm32f105xc.o
DMA2_Channel4_IRQHandler                          build/stm32f1xx_it.o
DMA2_Channel5_IRQHandler                          build/stm32f1xx_it.o
DebugMon_Handler                                  build/stm32f1xx_it.o
Default_Handler                                   build/startup_stm32f105xc.o
EXTI0_IRQHandler                                  build/startup_stm32f105xc.o
EXTI15_10_IRQHandler                              build/startup_stm32f105xc.o
EXTI1_IRQHandler                                  build/startup_stm32f105xc.o
EXTI2_IRQHandler                                  build/startup_stm32f105xc.o
EXTI3_IRQHandler                                  build/startup_stm32f105xc.o
EXTI4_IRQHandler                                  build/startup_stm32f105xc.o
EXTI9_5_IRQHandler                                build/startup_stm32f105xc.o
Error_Handler                                     build/main.o
                                                  build/stm32f1xx_hal_msp.o
                                                  build/can_setup.o
FLASH_IRQHandler                                  build/startup_stm32f105xc.o
FLASH_PageErase                                   build/stm32f1xx_hal_flash_ex.o
                                                  build/stm32f1xx_hal_flash.o
FLASH_WaitForLastOperation                        build/stm32f1xx_hal_flash.o
                                                  build/stm32f1xx_hal_flash_ex.o
GPS                                               build/dynamics.o
G_100mStask                                       build/tasks.o
G_10mStask                                        build/tasks.o
G_250mStask                                       build/tasks.o
G_500mStask                                       build/tasks.o
G_mSCounter                                       build/tasks.o
HAL_ADCEx_Calibration_Start                       build/stm32f1xx_hal_adc_ex.o
HAL_ADCEx_InjectedConfigChannel                   build/stm32f1xx_hal_adc_ex.o
HAL_ADCEx_InjectedConvCpltCallback                build/stm32f1xx_hal_adc_ex.o
                                                  build/stm32f1xx_hal_adc.o
HAL_ADCEx_InjectedGetValue                        build/stm32f1xx_hal_adc_ex.o
HAL_ADCEx_InjectedPollForConversion               build/stm32f1xx_hal_adc_ex.o
HAL_ADCEx_InjectedStart                           build/stm32f1xx_hal_adc_ex.o
HAL_ADCEx_InjectedStart_IT                        build/stm32f1xx_hal_adc_ex.o
HAL_ADCEx_InjectedStop                            build/stm32f1xx_hal_adc_ex.o
HAL_ADCEx_InjectedStop_IT                         build/stm32f1xx_hal_adc_ex.o
HAL_ADCEx_MultiModeConfigChannel                  build/stm32f1xx_hal_adc_ex.o
HAL_ADCEx_MultiModeGetValue                       build/stm32f1xx_hal_adc_ex.o
HAL_ADCEx_MultiModeStart_DMA                      build/stm32f1xx_hal_adc_ex.o
HAL_ADCEx_MultiModeStop_DMA                       build/stm32f1xx_hal_adc_ex.o
HAL_ADC_AnalogWDGConfig                           build/stm32f1xx_hal_adc.o
HAL_ADC_ConfigChannel                             build/stm32f1xx_hal_adc.o
                                                  build/main.o
HAL_ADC_ConvCpltCallback                          build/stm32f1xx_hal_adc.o
HAL_ADC_ConvHalfCpltCallback                      build/stm32f1xx_hal_adc.o
HAL_ADC_DeInit                                    build/stm32f1xx_hal_adc.o
HAL_ADC_ErrorCallback                             build/stm32f1xx_hal_adc.o
HAL_ADC_GetError                                  build/stm32f1xx_hal_adc.o
HAL_ADC_GetState                                  build/stm32f1xx_hal_adc.o
HAL_ADC_GetValue                                  build/stm32f1xx_hal_adc.o
HAL_ADC_IRQHandler                                build/stm32f1xx_hal_adc.o
HAL_ADC_Init                                      build/stm32f1xx_hal_adc.o
                                                  build/main.o
HAL_ADC_LevelOutOfWindowCallback                  build/stm32f1xx_hal_adc.o
HAL_ADC_MspDeInit                                 build/stm32f1xx_hal_msp.o
HAL_ADC_MspInit                                   build/stm32f1xx_hal_msp.o
HAL_ADC_PollForConversion                         build/stm32f1xx_hal_adc.o
HAL_ADC_PollForEvent                              build/stm32f1xx_hal_adc.o
HAL_ADC_Start                                     build/stm32f1xx_hal_adc.o
HAL_ADC_Start_DMA                                 build/stm32f1xx_hal_adc.o
                                                  build/main.o
HAL_ADC_Start_IT                                  build/stm32f1xx_hal_adc.o
HAL_ADC_Stop                                      build/stm32f1xx_hal_adc.o
HAL_ADC_Stop_DMA                                  build/stm32f1xx_hal_adc.o
HAL_ADC_Stop_IT                                   build/stm32f1xx_hal_adc.o
HAL_CAN_AbortTxRequest                            build/stm32f1xx_hal_can.o
HAL_CAN_ActivateNotification                      build/stm32f1xx_hal_can.o
                                                  build/can_setup.o
HAL_CAN_AddTxMessage                              build/stm32f1xx_hal_can.o
                                                  build/can_setup.o
HAL_CAN_ConfigFilter                              build/stm32f1xx_hal_can.o
                                                  build/can_setup.o
HAL_CAN_DeInit                                    build/stm32f1xx_hal_can.o
HAL_CAN_DeactivateNotification                    build/stm32f1xx_hal_can.o
HAL_CAN_ErrorCallback                             build/can_setup.o
HAL_CAN_GetError                                  build/stm32f1xx_hal_can.o
HAL_CAN_GetRxFifoFillLevel                        build/stm32f1xx_hal_can.o
HAL_CAN_GetRxMessage                              build/stm32f1xx_hal_can.o
                                                  build/can_setup.o
HAL_CAN_GetState                                  build/stm32f1xx_hal_can.o
HAL_CAN_GetTxMailboxesFreeLevel                   build/stm32f1xx_hal_can.o
HAL_CAN_GetTxTimestamp                            build/stm32f1xx_hal_can.o
HAL_CAN_IRQHandler                                build/stm32f1xx_hal_can.o
                                                  build/stm32f1xx_it.o
HAL_CAN_Init                                      build/stm32f1xx_hal_can.o
                                                  build/main.o
HAL_CAN_IsSleepActive                             build/stm32f1xx_hal_can.o
HAL_CAN_IsTxMessagePending                        build/stm32f1xx_hal_can.o
HAL_CAN_MspDeInit                                 build/stm32f1xx_hal_msp.o
HAL_CAN_MspInit                                   build/stm32f1xx_hal_msp.o
HAL_CAN_RequestSleep                              build/stm32f1xx_hal_can.o
HAL_CAN_ResetError                                build/stm32f1xx_hal_can.o
HAL_CAN_RxFifo0FullCallback                       build/stm32f1xx_hal_can.o
HAL_CAN_RxFifo0MsgPendingCallback                 build/can_setup.o
HAL_CAN_RxFifo1FullCallback                       build/stm32f1xx_hal_can.o
HAL_CAN_RxFifo1MsgPendingCallback                 build/can_setup.o
HAL_CAN_SleepCallback                             build/stm32f1xx_hal_can.o
HAL_CAN_Start                                     build/stm32f1xx_hal_can.o
                                                  build/can_setup.o
HAL_CAN_Stop                                      build/stm32f1xx_hal_can.o
HAL_CAN_TxMailbox0AbortCallback                   build/stm32f1xx_hal_can.o
HAL_CAN_TxMailbox0CompleteCallback                build/stm32f1xx_hal_can.o
HAL_CAN_TxMailbox1AbortCallback                   build/stm32f1xx_hal_can.o
HAL_CAN_TxMailbox1CompleteCallback                build/stm32f1xx_hal_can.o
HAL_CAN_TxMailbox2AbortCallback                   build/stm32f1xx_hal_can.o
HAL_CAN_TxMailbox2CompleteCallback                build/stm32f1xx_hal_can.o
HAL_CAN_WakeUp                                    build/stm32f1xx_hal_can.o
HAL_CAN_WakeUpFromRxMsgCallback                   build/stm32f1xx_hal_can.o
HAL_DBGMCU_DisableDBGSleepMode                    build/stm32f1xx_hal.o
HAL_DBGMCU_DisableDBGStandbyMode                  build/stm32f1xx_hal.o
HAL_DBGMCU_DisableDBGStopMode                     build/stm32f1xx_hal.o
HAL_DBGMCU_EnableDBGSleepMode                     build/stm32f1xx_hal.o
HAL_DBGMCU_EnableDBGStandbyMode                   build/stm32f1xx_hal.o
HAL_DBGMCU_EnableDBGStopMode                      build/stm32f1xx_hal.o
HAL_DMA_Abort                                     build/stm32f1xx_hal_dma.o
                                                  build/stm32f1xx_hal_uart.o
                                                  build/stm32f1xx_hal_adc_ex.o
                                                  build/stm32f1xx_hal_adc.o
HAL_DMA_Abort_IT                                  build/stm32f1xx_hal_dma.o
                                                  build/stm32f1xx_hal_uart.o
                                                  build/stm32f1xx_hal_tim_ex.o
                                                  build/stm32f1xx_hal_tim.o
HAL_DMA_DeInit                                    build/stm32f1xx_hal_dma.o
                                                  build/stm32f1xx_hal_msp.o
HAL_DMA_GetError                                  build/stm32f1xx_hal_dma.o
                                                  build/stm32f1xx_hal_uart.o
HAL_DMA_GetState                                  build/stm32f1xx_hal_dma.o
HAL_DMA_IRQHandler                                build/stm32f1xx_hal_dma.o
                                                  build/stm32f1xx_it.o
HAL_DMA_Init                                      build/stm32f1xx_hal_dma.o
                                                  build/stm32f1xx_hal_msp.o
HAL_DMA_PollForTransfer                           build/stm32f1xx_hal_dma.o
HAL_DMA_RegisterCallback                          build/stm32f1xx_hal_dma.o
HAL_DMA_Start                                     build/stm32f1xx_hal_dma.o
                                                  build/main.o
HAL_DMA_Start_IT                                  build/stm32f1xx_hal_dma.o
                                                  build/stm32f1xx_hal_uart.o
                                                  build/stm32f1xx_hal_tim_ex.o
                                                  build/stm32f1xx_hal_tim.o
                                                  build/stm32f1xx_hal_adc_ex.o
                                                  build/stm32f1xx_hal_adc.o
HAL_DMA_UnRegisterCallback                        build/stm32f1xx_hal_dma.o
HAL_DeInit                                        build/stm32f1xx_hal.o
HAL_Delay                                         build/stm32f1xx_hal.o
                                                  build/can_setup.o
HAL_EXTI_ClearConfigLine                          build/stm32f1xx_hal_exti.o
HAL_EXTI_ClearPending                             build/stm32f1xx_hal_exti.o
HAL_EXTI_GenerateSWI                              build/stm32f1xx_hal_exti.o
HAL_EXTI_GetConfigLine                            build/stm32f1xx_hal_exti.o
HAL_EXTI_GetHandle                                build/stm32f1xx_hal_exti.o
HAL_EXTI_GetPending                               build/stm32f1xx_hal_exti.o
HAL_EXTI_IRQHandler                               build/stm32f1xx_hal_exti.o
HAL_EXTI_RegisterCallback                         build/stm32f1xx_hal_exti.o
HAL_EXTI_SetConfigLine                            build/stm32f1xx_hal_exti.o
HAL_FLASHEx_Erase                                 build/stm32f1xx_hal_flash_ex.o
HAL_FLASHEx_Erase_IT                              build/stm32f1xx_hal_flash_ex.o
HAL_FLASHEx_OBErase                               build/stm32f1xx_hal_flash_ex.o
HAL_FLASHEx_OBGetConfig                           build/stm32f1xx_hal_flash_ex.o
HAL_FLASHEx_OBGetUserData                         build/stm32f1xx_hal_flash_ex.o
HAL_FLASHEx_OBProgram                             build/stm32f1xx_hal_flash_ex.o
HAL_FLASH_EndOfOperationCallback                  build/stm32f1xx_hal_flash.o
HAL_FLASH_GetError                                build/stm32f1xx_hal_flash.o
HAL_FLASH_IRQHandler                              build/stm32f1xx_hal_flash.o
HAL_FLASH_Lock                                    build/stm32f1xx_hal_flash.o
HAL_FLASH_OB_Launch                               build/stm32f1xx_hal_flash.o
HAL_FLASH_OB_Lock                                 build/stm32f1xx_hal_flash.o
HAL_FLASH_OB_Unlock                               build/stm32f1xx_hal_flash.o
HAL_FLASH_OperationErrorCallback                  build/stm32f1xx_hal_flash.o
HAL_FLASH_Program                                 build/stm32f1xx_hal_flash.o
HAL_FLASH_Program_IT                              build/stm32f1xx_hal_flash.o
HAL_FLASH_Unlock                                  build/stm32f1xx_hal_flash.o
HAL_GPIOEx_ConfigEventout                         build/stm32f1xx_hal_gpio_ex.o
HAL_GPIOEx_DisableEventout                        build/stm32f1xx_hal_gpio_ex.o
HAL_GPIOEx_EnableEventout                         build/stm32f1xx_hal_gpio_ex.o
HAL_GPIO_DeInit                                   build/stm32f1xx_hal_gpio.o
                                                  build/stm32f1xx_hal_msp.o
HAL_GPIO_EXTI_Callback                            build/stm32f1xx_hal_gpio.o
HAL_GPIO_EXTI_IRQHandler                          build/stm32f1xx_hal_gpio.o
HAL_GPIO_Init                                     build/stm32f1xx_hal_gpio.o
                                                  build/stm32f1xx_hal_rcc.o
                                                  build/stm32f1xx_hal_msp.o
                                                  build/main.o
HAL_GPIO_LockPin                                  build/stm32f1xx_hal_gpio.o
HAL_GPIO_ReadPin                                  build/stm32f1xx_hal_gpio.o
                                                  build/vcu.o
HAL_GPIO_TogglePin                                build/stm32f1xx_hal_gpio.o
                                                  build/tasks.o
HAL_GPIO_WritePin                                 build/stm32f1xx_hal_gpio.o
                                                  build/vcu.o
                                                  build/main.o
HAL_GetDEVID                                      build/stm32f1xx_hal.o
HAL_GetHalVersion                                 build/stm32f1xx_hal.o
HAL_GetREVID                                      build/stm32f1xx_hal.o
HAL_GetTick                                       build/stm32f1xx_hal.o
                                                  build/stm32f1xx_hal_uart.o
                                                  build/stm32f1xx_hal_rcc_ex.o
                                                  build/stm32f1xx_hal_rcc.o
                                                  build/stm32f1xx_hal_iwdg.o
                                                  build/stm32f1xx_hal_flash.o
                                                  build/stm32f1xx_hal_dma.o
                                                  build/stm32f1xx_hal_can.o
                                                  build/stm32f1xx_hal_adc_ex.o
                                                  build/stm32f1xx_hal_adc.o
                                                  build/vcu.o
                                                  build/main.o
                                                  build/dcdc.o
                                                  build/can_setup.o
HAL_GetTickFreq                                   build/stm32f1xx_hal.o
HAL_GetTickPrio                                   build/stm32f1xx_hal.o
HAL_GetUIDw0                                      build/stm32f1xx_hal.o
HAL_GetUIDw1                                      build/stm32f1xx_hal.o
HAL_GetUIDw2                                      build/stm32f1xx_hal.o
HAL_HalfDuplex_EnableReceiver                     build/stm32f1xx_hal_uart.o
HAL_HalfDuplex_EnableTransmitter                  build/stm32f1xx_hal_uart.o
HAL_HalfDuplex_Init                               build/stm32f1xx_hal_uart.o
HAL_IWDG_Init                                     build/stm32f1xx_hal_iwdg.o
HAL_IWDG_Refresh                                  build/stm32f1xx_hal_iwdg.o
HAL_IncTick                                       build/stm32f1xx_hal.o
                                                  build/stm32f1xx_it.o
HAL_Init                                          build/stm32f1xx_hal.o
                                                  build/main.o