Archive member included to satisfy reference by file (symbol)

/usr/lib/gcc/arm-none-eabi/9.2.1/../../../arm-none-eabi/lib/thumb/v7-m/nofp/libc_nano.a(lib_a-atexit.o)
                              /usr/lib/gcc/arm-none-eabi/9.2.1/../../../arm-none-eabi/lib/thumb/v7-m/nofp/crt0.o (atexit)
/usr/lib/gcc/arm-none-eabi/9.2.1/../../../arm-none-eabi/lib/thumb/v7-m/nofp/libc_nano.a(lib_a-exit.o)
                              /usr/lib/gcc/arm-none-eabi/9.2.1/../../../arm-none-eabi/lib/thumb/v7-m/nofp/crt0.o (exit)
/usr/lib/gcc/arm-none-eabi/9.2.1/../../../arm-none-eabi/lib/thumb/v7-m/nofp/libc_nano.a(lib_a-fini.o)
                              /usr/lib/gcc/arm-none-eabi/9.2.1/../../../arm-none-eabi/lib/thumb/v7-m/nofp/crt0.o (__libc_fini_array)
/usr/lib/gcc/arm-none-eabi/9.2.1/../../../arm-none-eabi/lib/thumb/v7-m/nofp/libc_nano.a(lib_a-impure.o)
                              /usr/lib/gcc/arm-none-eabi/9.2.1/../../../arm-none-eabi/lib/thumb/v7-m/nofp/libc_nano.a(lib_a-exit.o) (_global_impure_ptr)
/usr/lib/gcc/arm-none-eabi/9.2.1/../../../arm-none-eabi/lib/thumb/v7-m/nofp/libc_nano.a(lib_a-init.o)
                              /usr/lib/gcc/arm-none-eabi/9.2.1/../../../arm-none-eabi/lib/thumb/v7-m/nofp/crt0.o (__libc_init_array)
/usr/lib/gcc/arm-none-eabi/9.2.1/../../../arm-none-eabi/lib/thumb/v7-m/nofp/libc_nano.a(lib_a-memcpy.o)
                              build/cmsis_os2.o (memcpy)
/usr/lib/gcc/arm-none-eabi/9.2.1/../../../arm-none-eabi/lib/thumb/v7-m/nofp/libc_nano.a(lib_a-memset.o)
                              /usr/lib/gcc/arm-none-eabi/9.2.1/../../../arm-none-eabi/lib/thumb/v7-m/nofp/crt0.o (memset)
/usr/lib/gcc/arm-none-eabi/9.2.1/../../../arm-none-eabi/lib/thumb/v7-m/nofp/libc_nano.a(lib_a-printf.o)
                              build/can_setup.o (printf)
/usr/lib/gcc/arm-none-eabi/9.2.1/../../../arm-none-eabi/lib/thumb/v7-m/nofp/libc_nano.a(lib_a-puts.o)
                              build/can_setup.o (puts)
/usr/lib/gcc/arm-none-eabi/9.2.1/../../../arm-none-eabi/lib/thumb/v7-m/nofp/libc_nano.a(lib_a-wbuf.o)
                              /usr/lib/gcc/arm-none-eabi/9.2.1/../../../arm-none-eabi/lib/thumb/v7-m/nofp/libc_nano.a(lib_a-puts.o) (__swbuf_r)
/usr/lib/gcc/arm-none-eabi/9.2.1/../../../arm-none-eabi/lib/thumb/v7-m/nofp/libc_nano.a(lib_a-wsetup.o)
                              /usr/lib/gcc/arm-none-eabi/9.2.1/../../../arm-none-eabi/lib/thumb/v7-m/nofp/libc_nano.a(lib_a-puts.o) (__swsetup_r)
/usr/lib/gcc/arm-none-eabi/9.2.1/../../../arm-none-eabi/lib/thumb/v7-m/nofp/libc_nano.a(lib_a-__atexit.o)
                              /usr/lib/gcc/arm-none-eabi/9.2.1/../../../arm-none-eabi/lib/thumb/v7-m/nofp/libc_nano.a(lib_a-atexit.o) (__register_exitproc)
/usr/lib/gcc/arm-none-eabi/9.2.1/../../../arm-none-eabi/lib/thumb/v7-m/nofp/libc_nano.a(lib_a-__call_atexit.o)
                              /usr/lib/gcc/arm-none-eabi/9.2.1/../../../arm-none-eabi/lib/thumb/v7-m/nofp/libc_nano.a(lib_a-__atexit.o) (__call_exitprocs)
/usr/lib/gcc/arm-none-eabi/9.2.1/../../../arm-none-eabi/lib/thumb/v7-m/nofp/libc_nano.a(lib_a-fflush.o)
                              /usr/lib/gcc/arm-none-eabi/9.2.1/../../../arm-none-eabi/lib/thumb/v7-m/nofp/libc_nano.a(lib_a-wbuf.o) (_fflush_r)
/usr/lib/gcc/arm-none-eabi/9.2.1/../../../arm-none-eabi/lib/thumb/v7-m/nofp/libc_nano.a(lib_a-findfp.o)
                              /usr/lib/gcc/arm-none-eabi/9.2.1/../../../arm-none-eabi/lib/thumb/v7-m/nofp/libc_nano.a(lib_a-printf.o) (__sinit)
/usr/lib/gcc/arm-none-eabi/9.2.1/../../../arm-none-eabi/lib/thumb/v7-m/nofp/libc_nano.a(lib_a-fwalk.o)
                              /usr/lib/gcc/arm-none-eabi/9.2.1/../../../arm-none-eabi/lib/thumb/v7-m/nofp/libc_nano.a(lib_a-findfp.o) (_fwalk)
/usr/lib/gcc/arm-none-eabi/9.2.1/../../../arm-none-eabi/lib/thumb/v7-m/nofp/libc_nano.a(lib_a-makebuf.o)
                              /usr/lib/gcc/arm-none-eabi/9.2.1/../../../arm-none-eabi/lib/thumb/v7-m/nofp/libc_nano.a(lib_a-wsetup.o) (__smakebuf_r)
/usr/lib/gcc/arm-none-eabi/9.2.1/../../../arm-none-eabi/lib/thumb/v7-m/nofp/libc_nano.a(lib_a-nano-freer.o)
                              /usr/lib/gcc/arm-none-eabi/9.2.1/../../../arm-none-eabi/lib/thumb/v7-m/nofp/libc_nano.a(lib_a-wsetup.o) (_free_r)
/usr/lib/gcc/arm-none-eabi/9.2.1/../../../arm-none-eabi/lib/thumb/v7-m/nofp/libc_nano.a(lib_a-nano-mallocr.o)
                              /usr/lib/gcc/arm-none-eabi/9.2.1/../../../arm-none-eabi/lib/thumb/v7-m/nofp/libc_nano.a(lib_a-findfp.o) (_malloc_r)
/usr/lib/gcc/arm-none-eabi/9.2.1/../../../arm-none-eabi/lib/thumb/v7-m/nofp/libc_nano.a(lib_a-nano-vfprintf.o)
                              /usr/lib/gcc/arm-none-eabi/9.2.1/../../../arm-none-eabi/lib/thumb/v7-m/nofp/libc_nano.a(lib_a-printf.o) (_vfprintf_r)
/usr/lib/gcc/arm-none-eabi/9.2.1/../../../arm-none-eabi/lib/thumb/v7-m/nofp/libc_nano.a(lib_a-nano-vfprintf_i.o)
                              /usr/lib/gcc/arm-none-eabi/9.2.1/../../../arm-none-eabi/lib/thumb/v7-m/nofp/libc_nano.a(lib_a-nano-vfprintf.o) (_printf_i)
[...]
Memory Configuration

Name             Origin             Length             Attributes
RAM              0x0000000020000000 0x0000000000010000 xrw
FLASH            0x0000000008008000 0x0000000000018000 xr
*default*        0x0000000000000000 0xffffffffffffffff

Linker script and memory map

LOAD /usr/lib/gcc/arm-none-eabi/9.2.1/thumb/v7-m/nofp/crti.o
LOAD /usr/lib/gcc/arm-none-eabi/9.2.1/thumb/v7-m/nofp/crtbegin.o
LOAD /usr/lib/gcc/arm-none-eabi/9.2.1/../../../arm-none-eabi/lib/thumb/v7-m/nofp/crt0.o
LOAD build/btld_jump.o
LOAD build/can_setup.o
LOAD build/dcdc.o
LOAD build/dynamics.o
LOAD build/encoder.o
LOAD build/freertos.o
LOAD build/gauges.o
LOAD build/lidar.o
LOAD build/main.o
LOAD build/stm32f1xx_hal_msp.o
LOAD build/stm32f1xx_hal_timebase_tim.o
LOAD build/stm32f1xx_it.o
LOAD build/system_stm32f1xx.o
LOAD build/test.o
LOAD build/vcu.o
LOAD build/water_pump.o
LOAD build/stm32f1xx_hal.o
LOAD build/stm32f1xx_hal_adc.o
LOAD build/stm32f1xx_hal_adc_ex.o
LOAD build/stm32f1xx_hal_can.o
LOAD build/stm32f1xx_hal_cortex.o
LOAD build/stm32f1xx_hal_dma.o
LOAD build/stm32f1xx_hal_exti.o
LOAD build/stm32f1xx_hal_flash.o
LOAD build/stm32f1xx_hal_flash_ex.o
LOAD build/stm32f1xx_hal_gpio.o
LOAD build/stm32f1xx_hal_gpio_ex.o
LOAD build/stm32f1xx_hal_iwdg.o
LOAD build/stm32f1xx_hal_pwr.o
LOAD build/stm32f1xx_hal_rcc.o
LOAD build/stm32f1xx_hal_rcc_ex.o
LOAD build/stm32f1xx_hal_tim.o
LOAD build/stm32f1xx_hal_tim_ex.o
LOAD build/stm32f1xx_hal_uart.o
LOAD build/cmsis_os2.o
LOAD build/croutine.o
LOAD build/event_groups.o
LOAD build/list.o
LOAD build/port.o
LOAD build/heap_4.o
LOAD build/queue.o
LOAD build/stream_buffer.o
LOAD build/tasks.o
LOAD build/timers.o
LOAD build/startup_stm32f105xc.o
LOAD /usr/lib/gcc/arm-none-eabi/9.2.1/../../../arm-none-eabi/lib/thumb/v7-m/nofp/libc_nano.a
LOAD /usr/lib/gcc/arm-none-eabi/9.2.1/../../../arm-none-eabi/lib/thumb/v7-m/nofp/libm.a
LOAD /usr/lib/gcc/arm-none-eabi/9.2.1/../../../arm-none-eabi/lib/thumb/v7-m/nofp/libnosys.a
START GROUP
LOAD /usr/lib/gcc/arm-none-eabi/9.2.1/thumb/v7-m/nofp/libgcc.a
LOAD /usr/lib/gcc/arm-none-eabi/9.2.1/../../../arm-none-eabi/lib/thumb/v7-m/nofp/libc_nano.a
END GROUP
START GROUP
LOAD /usr/lib/gcc/arm-none-eabi/9.2.1/thumb/v7-m/nofp/libgcc.a
LOAD /usr/lib/gcc/arm-none-eabi/9.2.1/../../../arm-none-eabi/lib/thumb/v7-m/nofp/libc_nano.a
END GROUP
LOAD /usr/lib/gcc/arm-none-eabi/9.2.1/thumb/v7-m/nofp/crtend.o
LOAD /usr/lib/gcc/arm-none-eabi/9.2.1/thumb/v7-m/nofp/crtn.o
                0x0000000020010000                _estack = 0x20010000
                0x0000000000000200                _Min_Heap_Size = 0x200
                0x0000000000000400                _Min_Stack_Size = 0x400

.isr_vector     0x0000000008008000      0x1e4
                0x0000000008008000                . = ALIGN (0x4)
 *(.isr_vector)
 .isr_vector    0x0000000008008000      0x1e4 build/startup_stm32f105xc.o
                0x0000000008008000                g_pfnVectors
                0x00000000080081e4                . = ALIGN (0x4)

.board_info     0x00000000080081e4        0xa
 *(.board_info)
 .board_info    0x00000000080081e4        0xa build/main.o
                0x00000000080081e4                BOARD_NAME

.text           0x00000000080081f0     0x7324
                0x00000000080081f0                . = ALIGN (0x4)
 *(.text)
 .text          0x00000000080081f0       0x88 /usr/lib/gcc/arm-none-eabi/9.2.1/thumb/v7-m/nofp/crtbegin.o
 .text          0x0000000008008278       0xec /usr/lib/gcc/arm-none-eabi/9.2.1/../../../arm-none-eabi/lib/thumb/v7-m/nofp/libc_nano.a(lib_a-memcpy.o)
                0x0000000008008278                memcpy
 .text          0x0000000008008364       0xa0 /usr/lib/gcc/arm-none-eabi/9.2.1/../../../arm-none-eabi/lib/thumb/v7-m/nofp/libc_nano.a(lib_a-memset.o)
                0x0000000008008364                memset
 .text          0x0000000008008404      0x378 /usr/lib/gcc/arm-none-eabi/9.2.1/thumb/v7-m/nofp/libgcc.a(_arm_addsubdf3.o)
                0x0000000008008404                __aeabi_drsub
                0x000000000800840c                __aeabi_dsub
                0x000000000800840c                __subdf3
                0x0000000008008410                __adddf3
                0x0000000008008410                __aeabi_dadd
                0x0000000008008688                __aeabi_ui2d
                0x0000000008008688                __floatunsidf
                0x00000000080086a8                __floatsidf
                0x00000000080086a8                __aeabi_i2d
                0x00000000080086cc                __extendsfdf2
                0x00000000080086cc                __aeabi_f2d
                0x0000000008008710                __aeabi_ul2d
                0x0000000008008710                __floatundidf
                0x0000000008008720                __floatdidf
                0x0000000008008720                __aeabi_l2d
 .text          0x000000000800877c      0x424 /usr/lib/gcc/arm-none-eabi/9.2.1/thumb/v7-m/nofp/libgcc.a(_arm_muldivdf3.o)
                0x000000000800877c                __aeabi_dmul
                0x000000000800877c                __muldf3
                0x00000000080089d0                __aeabi_ddiv
                0x00000000080089d0                __divdf3
 .text          0x0000000008008ba0       0x40 /usr/lib/gcc/arm-none-eabi/9.2.1/thumb/v7-m/nofp/libgcc.a(_arm_fixunsdfsi.o)
                0x0000000008008ba0                __fixunsdfsi
                0x0000000008008ba0                __aeabi_d2uiz
 .text          0x0000000008008be0       0x30 /usr/lib/gcc/arm-none-eabi/9.2.1/thumb/v7-m/nofp/libgcc.a(_aeabi_uldivmod.o)
                0x0000000008008be0                __aeabi_uldivmod
 .text          0x0000000008008c10      0x2c4 /usr/lib/gcc/arm-none-eabi/9.2.1/thumb/v7-m/nofp/libgcc.a(_udivmoddi4.o)
                0x0000000008008c10                __udivmoddi4
 .text          0x0000000008008ed4        0x4 /usr/lib/gcc/arm-none-eabi/9.2.1/thumb/v7-m/nofp/libgcc.a(_dvmd_tls.o)
                0x0000000008008ed4                __aeabi_ldiv0
                0x0000000008008ed4                __aeabi_idiv0
 *(.text*)
 .text.btld_JumpToBoot
                0x0000000008008ed8       0x30 build/btld_jump.o
 .text.jumpToBootloader
                0x0000000008008f08       0x14 build/btld_jump.o
                0x0000000008008f08                jumpToBootloader
 .text.HAL_CAN_RxFifo0MsgPendingCallback
                0x0000000008008f1c       0x34 build/can_setup.o
                0x0000000008008f1c                HAL_CAN_RxFifo0MsgPendingCallback
 .text.HAL_CAN_RxFifo1MsgPendingCallback
                0x0000000008008f50       0x2c build/can_setup.o
                0x0000000008008f50                HAL_CAN_RxFifo1MsgPendingCallback
 .text.HAL_CAN_ErrorCallback
                0x0000000008008f7c        0x2 build/can_setup.o
                0x0000000008008f7c                HAL_CAN_ErrorCallback
 *fill*         0x0000000008008f7e        0x2 
 .text.canSettings
                0x0000000008008f80      0x1d8 build/can_setup.o
                0x0000000008008f80                canSettings
 .text.c1tx     0x0000000008009158       0x38 build/can_setup.o
                0x0000000008009158                c1tx
 .text.c2txExt  0x0000000008009190       0x38 build/can_setup.o
                0x0000000008009190                c2txExt
 .text.dcdcInit
                0x00000000080091c8       0x28 build/dcdc.o
                0x00000000080091c8                dcdcInit
 .text.dcdc_OFF
                0x00000000080091f0       0x24 build/dcdc.o
                0x00000000080091f0                dcdc_OFF
 .text.dcdc_ON  0x0000000008009214       0x28 build/dcdc.o
                0x0000000008009214                dcdc_ON
 .text.dcdcHandler
                0x000000000800923c       0x70 build/dcdc.o
                0x000000000800923c                dcdcHandler
 .text.setWidget
                0x00000000080092ac       0x3c build/encoder.o
                0x00000000080092ac                setWidget
 .text.setBacklight
                0x00000000080092e8       0x38 build/encoder.o
                0x00000000080092e8                setBacklight
 .text.getEvent
                0x0000000008009320       0x2c build/encoder.o
                0x0000000008009320                getEvent
 .text.getData  0x000000000800934c       0x30 build/encoder.o
                0x000000000800934c                getData
 .text.encoderHandler
                0x000000000800937c      0x1bc build/encoder.o
                0x000000000800937c                encoderHandler
 .text.gaugeInit
                0x0000000008009538       0x24 build/gauges.o
                0x0000000008009538                gaugeInit
 .text.updateTach
                0x000000000800955c       0x54 build/gauges.o
                0x000000000800955c                updateTach
 .text.updateSpeed
                0x00000000080095b0       0x50 build/gauges.o
                0x00000000080095b0                updateSpeed
 .text.updateTemp
                0x0000000008009600       0x54 build/gauges.o
                0x0000000008009600                updateTemp
 .text.updateSOC
                0x0000000008009654       0x70 build/gauges.o
                0x0000000008009654                updateSOC
 .text.getLidar
                0x00000000080096c4       0x3c build/lidar.o
                0x00000000080096c4                getLidar
 .text.MX_GPIO_Init
                0x0000000008009700       0xe0 build/main.o
 .text.MX_DMA_Init
                0x00000000080097e0       0x74 build/main.o
 .text.StartTaskLoop
                0x0000000008009854       0x40 build/main.o
                0x0000000008009854                StartTaskLoop
 .text.StartTask10ms
                0x0000000008009894       0x4c build/main.o
                0x0000000008009894                StartTask10ms
 .text.StartTask100ms
                0x00000000080098e0       0x44 build/main.o
                0x00000000080098e0                StartTask100ms
 .text.StartTask250ms
                0x0000000008009924       0x64 build/main.o
                0x0000000008009924                StartTask250ms
 .text.HAL_TIM_PeriodElapsedCallback
                0x0000000008009988       0x18 build/main.o
                0x0000000008009988                HAL_TIM_PeriodElapsedCallback
 .text.Error_Handler
                0x00000000080099a0        0x4 build/main.o
                0x00000000080099a0                Error_Handler
 .text.MX_CAN2_Init
                0x00000000080099a4       0x40 build/main.o
 .text.MX_ADC1_Init
                0x00000000080099e4       0x90 build/main.o
 .text.MX_CAN1_Init
                0x0000000008009a74       0x40 build/main.o
 .text.MX_UART4_Init
                0x0000000008009ab4       0x34 build/main.o
 .text.MX_USART1_UART_Init
                0x0000000008009ae8       0x34 build/main.o
 .text.MX_TIM3_Init
                0x0000000008009b1c       0xa4 build/main.o
 .text.MX_TIM1_Init
                0x0000000008009bc0       0xb0 build/main.o
 .text.MX_TIM5_Init
                0x0000000008009c70       0x84 build/main.o
 .text.MX_TIM2_Init
                0x0000000008009cf4       0x70 build/main.o
 .text.MX_IWDG_Init
                0x0000000008009d64       0x28 build/main.o
 .text.SystemClock_Config
                0x0000000008009d8c       0x94 build/main.o
                0x0000000008009d8c                SystemClock_Config
 .text.main     0x0000000008009e20      0x164 build/main.o
                0x0000000008009e20                main
 .text.HAL_MspInit
                0x0000000008009f84       0x54 build/stm32f1xx_hal_msp.o
                0x0000000008009f84                HAL_MspInit
 .text.HAL_ADC_MspInit
                0x0000000008009fd8       0xc0 build/stm32f1xx_hal_msp.o
                0x0000000008009fd8                HAL_ADC_MspInit
 .text.HAL_CAN_MspInit
                0x000000000800a098      0x134 build/stm32f1xx_hal_msp.o
                0x000000000800a098                HAL_CAN_MspInit
 .text.HAL_TIM_PWM_MspInit
                0x000000000800a1cc       0x2c build/stm32f1xx_hal_msp.o
                0x000000000800a1cc                HAL_TIM_PWM_MspInit
 .text.HAL_TIM_OC_MspInit
                0x000000000800a1f8      0x110 build/stm32f1xx_hal_msp.o
                0x000000000800a1f8                HAL_TIM_OC_MspInit
 .text.HAL_TIM_Base_MspInit
                0x000000000800a308       0x2c build/stm32f1xx_hal_msp.o
                0x000000000800a308                HAL_TIM_Base_MspInit
 .text.HAL_TIM_MspPostInit
                0x000000000800a334       0x9c build/stm32f1xx_hal_msp.o
                0x000000000800a334                HAL_TIM_MspPostInit
 .text.HAL_UART_MspInit
                0x000000000800a3d0       0xdc build/stm32f1xx_hal_msp.o
                0x000000000800a3d0                HAL_UART_MspInit
 .text.HAL_InitTick
                0x000000000800a4ac       0x7c build/stm32f1xx_hal_timebase_tim.o
                0x000000000800a4ac                HAL_InitTick
 .text.NMI_Handler
                0x000000000800a528        0x2 build/stm32f1xx_it.o
                0x000000000800a528                NMI_Handler
 .text.HardFault_Handler
                0x000000000800a52a        0x2 build/stm32f1xx_it.o
                0x000000000800a52a                HardFault_Handler
 .text.MemManage_Handler
                0x000000000800a52c        0x2 build/stm32f1xx_it.o
                0x000000000800a52c                MemManage_Handler
 .text.BusFault_Handler
                0x000000000800a52e        0x2 build/stm32f1xx_it.o
                0x000000000800a52e                BusFault_Handler
 .text.UsageFault_Handler
                0x000000000800a530        0x2 build/stm32f1xx_it.o
                0x000000000800a530                UsageFault_Handler
 .text.DebugMon_Handler
                0x000000000800a532        0x2 build/stm32f1xx_it.o
                0x000000000800a532                DebugMon_Handler
 .text.DMA1_Channel1_IRQHandler
                0x000000000800a534       0x10 build/stm32f1xx_it.o
                0x000000000800a534                DMA1_Channel1_IRQHandler
 .text.DMA1_Channel5_IRQHandler
                0x000000000800a544       0x10 build/stm32f1xx_it.o
                0x000000000800a544                DMA1_Channel5_IRQHandler
 .text.CAN1_RX0_IRQHandler
                0x000000000800a554       0x10 build/stm32f1xx_it.o
                0x000000000800a554                CAN1_RX0_IRQHandler
 .text.TIM7_IRQHandler
                0x000000000800a564       0x10 build/stm32f1xx_it.o
                0x000000000800a564                TIM7_IRQHandler
 .text.DMA2_Channel4_IRQHandler
                0x000000000800a574       0x10 build/stm32f1xx_it.o
                0x000000000800a574                DMA2_Channel4_IRQHandler
 .text.DMA2_Channel5_IRQHandler
                0x000000000800a584       0x10 build/stm32f1xx_it.o
                0x000000000800a584                DMA2_Channel5_IRQHandler
 .text.CAN2_RX1_IRQHandler
                0x000000000800a594       0x10 build/stm32f1xx_it.o
                0x000000000800a594                CAN2_RX1_IRQHandler
 .text.SystemInit
                0x000000000800a5a4        0x2 build/system_stm32f1xx.o
                0x000000000800a5a4                SystemInit
 *fill*         0x000000000800a5a6        0x2 
 .text.decodeCAN
                0x000000000800a5a8      0x1f8 build/vcu.o
                0x000000000800a5a8                decodeCAN
 .text.canIOset
                0x000000000800a7a0       0x4c build/vcu.o
                0x000000000800a7a0                canIOset
 .text.canIOsend
                0x000000000800a7ec       0x28 build/vcu.o
                0x000000000800a7ec                canIOsend
 .text.vcuInit  0x000000000800a814       0x48 build/vcu.o
                0x000000000800a814                vcuInit
 .text.ioHandler
                0x000000000800a85c       0xac build/vcu.o
                0x000000000800a85c                ioHandler
 .text.canSet   0x000000000800a908       0x40 build/vcu.o
                0x000000000800a908                canSet
 .text.vcuState
                0x000000000800a948      0x1f4 build/vcu.o
                0x000000000800a948                vcuState
 .text.regenHandler
                0x000000000800ab3c       0x68 build/vcu.o
                0x000000000800ab3c                regenHandler
 .text.throttleHandler
                0x000000000800aba4       0xa0 build/vcu.o
                0x000000000800aba4                throttleHandler
 .text.brakeHandler
                0x000000000800ac44       0x34 build/vcu.o
                0x000000000800ac44                brakeHandler
 .text.getResetCause
                0x000000000800ac78       0x5c build/vcu.o
                0x000000000800ac78                getResetCause
 .text.vehicleComms
                0x000000000800acd4       0x80 build/vcu.o
                0x000000000800acd4                vehicleComms
 .text.taskCheck
                0x000000000800ad54       0x28 build/vcu.o
                0x000000000800ad54                taskCheck
 .text.wpInit   0x000000000800ad7c       0x18 build/water_pump.o
                0x000000000800ad7c                wpInit
 .text.wpDuty   0x000000000800ad94       0x34 build/water_pump.o
                0x000000000800ad94                wpDuty
 .text.wpHandler
                0x000000000800adc8       0xc0 build/water_pump.o
                0x000000000800adc8                wpHandler
 .text.HAL_MspDeInit
                0x000000000800ae88        0x2 build/stm32f1xx_hal.o
                0x000000000800ae88                HAL_MspDeInit
 *fill*         0x000000000800ae8a        0x2 
 .text.HAL_DeInit
                0x000000000800ae8c       0x24 build/stm32f1xx_hal.o
                0x000000000800ae8c                HAL_DeInit
 .text.HAL_Init
                0x000000000800aeb0       0x24 build/stm32f1xx_hal.o
                0x000000000800aeb0                HAL_Init
 .text.HAL_IncTick
                0x000000000800aed4       0x18 build/stm32f1xx_hal.o
                0x000000000800aed4                HAL_IncTick
 .text.HAL_GetTick
                0x000000000800aeec        0xc build/stm32f1xx_hal.o
                0x000000000800aeec                HAL_GetTick
 .text.HAL_Delay
                0x000000000800aef8       0x28 build/stm32f1xx_hal.o
                0x000000000800aef8                HAL_Delay
 .text.HAL_ADC_ConvCpltCallback
                0x000000000800af20        0x2 build/stm32f1xx_hal_adc.o
                0x000000000800af20                HAL_ADC_ConvCpltCallback
 .text.ADC_DMAConvCplt
                0x000000000800af22       0x52 build/stm32f1xx_hal_adc.o
                0x000000000800af22                ADC_DMAConvCplt
 .text.HAL_ADC_ConvHalfCpltCallback
                0x000000000800af74        0x2 build/stm32f1xx_hal_adc.o
                0x000000000800af74                HAL_ADC_ConvHalfCpltCallback
 .text.ADC_DMAHalfConvCplt
                0x000000000800af76        0xa build/stm32f1xx_hal_adc.o
                0x000000000800af76                ADC_DMAHalfConvCplt
 .text.HAL_ADC_ErrorCallback
                0x000000000800af80        0x2 build/stm32f1xx_hal_adc.o
                0x000000000800af80                HAL_ADC_ErrorCallback
 .text.ADC_DMAError
                0x000000000800af82       0x1a build/stm32f1xx_hal_adc.o
                0x000000000800af82                ADC_DMAError
 .text.HAL_ADC_ConfigChannel
                0x000000000800af9c      0x138 build/stm32f1xx_hal_adc.o
                0x000000000800af9c                HAL_ADC_ConfigChannel
 .text.ADC_Enable
                0x000000000800b0d4       0x7c build/stm32f1xx_hal_adc.o
                0x000000000800b0d4                ADC_Enable
 .text.HAL_ADC_Start_DMA
                0x000000000800b150      0x130 build/stm32f1xx_hal_adc.o
                0x000000000800b150                HAL_ADC_Start_DMA
 .text.ADC_ConversionStop_Disable
                0x000000000800b280       0x4c build/stm32f1xx_hal_adc.o
                0x000000000800b280                ADC_ConversionStop_Disable
 .text.HAL_ADC_Init
                0x000000000800b2cc      0x108 build/stm32f1xx_hal_adc.o
                0x000000000800b2cc                HAL_ADC_Init
 .text.HAL_CAN_Init
                0x000000000800b3d4      0x14c build/stm32f1xx_hal_can.o
                0x000000000800b3d4                HAL_CAN_Init
 .text.HAL_CAN_ConfigFilter
                0x000000000800b520      0x130 build/stm32f1xx_hal_can.o
                0x000000000800b520                HAL_CAN_ConfigFilter
 .text.HAL_CAN_Start
                0x000000000800b650       0x5c build/stm32f1xx_hal_can.o
                0x000000000800b650                HAL_CAN_Start
 .text.HAL_CAN_AddTxMessage
                0x000000000800b6ac       0xec build/stm32f1xx_hal_can.o
                0x000000000800b6ac                HAL_CAN_AddTxMessage
 .text.HAL_CAN_GetRxMessage
                0x000000000800b798      0x140 build/stm32f1xx_hal_can.o
                0x000000000800b798                HAL_CAN_GetRxMessage
 .text.HAL_CAN_ActivateNotification
                0x000000000800b8d8       0x24 build/stm32f1xx_hal_can.o
                0x000000000800b8d8                HAL_CAN_ActivateNotification
 .text.HAL_CAN_TxMailbox0CompleteCallback
                0x000000000800b8fc        0x2 build/stm32f1xx_hal_can.o
                0x000000000800b8fc                HAL_CAN_TxMailbox0CompleteCallback
 .text.HAL_CAN_TxMailbox1CompleteCallback
                0x000000000800b8fe        0x2 build/stm32f1xx_hal_can.o
                0x000000000800b8fe                HAL_CAN_TxMailbox1CompleteCallback
 .text.HAL_CAN_TxMailbox2CompleteCallback
                0x000000000800b900        0x2 build/stm32f1xx_hal_can.o
                0x000000000800b900                HAL_CAN_TxMailbox2CompleteCallback
 .text.HAL_CAN_TxMailbox0AbortCallback
                0x000000000800b902        0x2 build/stm32f1xx_hal_can.o
                0x000000000800b902                HAL_CAN_TxMailbox0AbortCallback
 .text.HAL_CAN_TxMailbox1AbortCallback
                0x000000000800b904        0x2 build/stm32f1xx_hal_can.o
                0x000000000800b904                HAL_CAN_TxMailbox1AbortCallback
 .text.HAL_CAN_TxMailbox2AbortCallback
                0x000000000800b906        0x2 build/stm32f1xx_hal_can.o
                0x000000000800b906                HAL_CAN_TxMailbox2AbortCallback
 .text.HAL_CAN_RxFifo0FullCallback
                0x000000000800b908        0x2 build/stm32f1xx_hal_can.o
                0x000000000800b908                HAL_CAN_RxFifo0FullCallback
 .text.HAL_CAN_RxFifo1FullCallback
                0x000000000800b90a        0x2 build/stm32f1xx_hal_can.o
                0x000000000800b90a                HAL_CAN_RxFifo1FullCallback
 .text.HAL_CAN_SleepCallback
                0x000000000800b90c        0x2 build/stm32f1xx_hal_can.o
                0x000000000800b90c                HAL_CAN_SleepCallback
 .text.HAL_CAN_WakeUpFromRxMsgCallback
                0x000000000800b90e        0x2 build/stm32f1xx_hal_can.o
                0x000000000800b90e                HAL_CAN_WakeUpFromRxMsgCallback
 .text.HAL_CAN_IRQHandler
                0x000000000800b910      0x24a build/stm32f1xx_hal_can.o
                0x000000000800b910                HAL_CAN_IRQHandler
 *fill*         0x000000000800bb5a        0x2 
 .text.HAL_NVIC_SetPriorityGrouping
                0x000000000800bb5c       0x24 build/stm32f1xx_hal_cortex.o
                0x000000000800bb5c                HAL_NVIC_SetPriorityGrouping
 .text.HAL_NVIC_SetPriority
                0x000000000800bb80       0x68 build/stm32f1xx_hal_cortex.o
                0x000000000800bb80                HAL_NVIC_SetPriority
 .text.HAL_NVIC_EnableIRQ
                0x000000000800bbe8       0x1c build/stm32f1xx_hal_cortex.o
                0x000000000800bbe8                HAL_NVIC_EnableIRQ
 .text.DMA_SetConfig
                0x000000000800bc04       0x2c build/stm32f1xx_hal_dma.o
 .text.HAL_DMA_Init
                0x000000000800bc30       0x98 build/stm32f1xx_hal_dma.o
                0x000000000800bc30                HAL_DMA_Init
 .text.HAL_DMA_Start
                0x000000000800bcc8       0x50 build/stm32f1xx_hal_dma.o
                0x000000000800bcc8                HAL_DMA_Start
 .text.HAL_DMA_Start_IT
                0x000000000800bd18       0x74 build/stm32f1xx_hal_dma.o
                0x000000000800bd18                HAL_DMA_Start_IT
 .text.HAL_DMA_IRQHandler
                0x000000000800bd8c      0x2ec build/stm32f1xx_hal_dma.o
                0x000000000800bd8c                HAL_DMA_IRQHandler
 .text.HAL_GPIO_Init
                0x000000000800c078      0x220 build/stm32f1xx_hal_gpio.o
                0x000000000800c078                HAL_GPIO_Init
 .text.HAL_GPIO_ReadPin
                0x000000000800c298        0xe build/stm32f1xx_hal_gpio.o
                0x000000000800c298                HAL_GPIO_ReadPin
 .text.HAL_GPIO_WritePin
                0x000000000800c2a6        0xc build/stm32f1xx_hal_gpio.o
                0x000000000800c2a6                HAL_GPIO_WritePin
 .text.HAL_GPIO_TogglePin
                0x000000000800c2b2       0x12 build/stm32f1xx_hal_gpio.o
                0x000000000800c2b2                HAL_GPIO_TogglePin
 .text.HAL_IWDG_Init
                0x000000000800c2c4       0x4a build/stm32f1xx_hal_iwdg.o
                0x000000000800c2c4                HAL_IWDG_Init
 .text.HAL_IWDG_Refresh
                0x000000000800c30e        0xc build/stm32f1xx_hal_iwdg.o
                0x000000000800c30e                HAL_IWDG_Refresh
 *fill*         0x000000000800c31a        0x2 
 .text.RCC_Delay
                0x000000000800c31c       0x2c build/stm32f1xx_hal_rcc.o
 .text.HAL_RCC_DeInit
                0x000000000800c348      0x144 build/stm32f1xx_hal_rcc.o
                0x000000000800c348                HAL_RCC_DeInit
 .text.HAL_RCC_OscConfig
                0x000000000800c48c      0x4f8 build/stm32f1xx_hal_rcc.o
                0x000000000800c48c                HAL_RCC_OscConfig
 .text.HAL_RCC_GetSysClockFreq
                0x000000000800c984       0xdc build/stm32f1xx_hal_rcc.o
                0x000000000800c984                HAL_RCC_GetSysClockFreq
 .text.HAL_RCC_ClockConfig
                0x000000000800ca60      0x16c build/stm32f1xx_hal_rcc.o
                0x000000000800ca60                HAL_RCC_ClockConfig
 .text.HAL_RCC_GetHCLKFreq
                0x000000000800cbcc        0xc build/stm32f1xx_hal_rcc.o
                0x000000000800cbcc                HAL_RCC_GetHCLKFreq
 .text.HAL_RCC_GetPCLK1Freq
                0x000000000800cbd8       0x20 build/stm32f1xx_hal_rcc.o
                0x000000000800cbd8                HAL_RCC_GetPCLK1Freq
 .text.HAL_RCC_GetPCLK2Freq
                0x000000000800cbf8       0x20 build/stm32f1xx_hal_rcc.o
                0x000000000800cbf8                HAL_RCC_GetPCLK2Freq
 .text.HAL_RCC_GetClockConfig
                0x000000000800cc18       0x3c build/stm32f1xx_hal_rcc.o
                0x000000000800cc18                HAL_RCC_GetClockConfig
 .text.HAL_RCCEx_PeriphCLKConfig
                0x000000000800cc54      0x1d4 build/stm32f1xx_hal_rcc_ex.o
                0x000000000800cc54                HAL_RCCEx_PeriphCLKConfig
 .text.TIM_OC1_SetConfig
                0x000000000800ce28       0x5c build/stm32f1xx_hal_tim.o
 .text.TIM_OC3_SetConfig
                0x000000000800ce84       0x64 build/stm32f1xx_hal_tim.o
 .text.TIM_OC4_SetConfig
                0x000000000800cee8       0x48 build/stm32f1xx_hal_tim.o
 .text.TIM_TI1_ConfigInputStage
                0x000000000800cf30       0x24 build/stm32f1xx_hal_tim.o
 .text.TIM_TI2_ConfigInputStage
                0x000000000800cf54       0x26 build/stm32f1xx_hal_tim.o
 .text.TIM_ITRx_SetConfig
                0x000000000800cf7a       0x10 build/stm32f1xx_hal_tim.o
 *fill*         0x000000000800cf8a        0x2 
 .text.HAL_TIM_Base_Start
                0x000000000800cf8c       0x64 build/stm32f1xx_hal_tim.o
                0x000000000800cf8c                HAL_TIM_Base_Start
 .text.HAL_TIM_Base_Start_IT
                0x000000000800cff0       0x70 build/stm32f1xx_hal_tim.o
                0x000000000800cff0                HAL_TIM_Base_Start_IT
 .text.HAL_TIM_OC_DelayElapsedCallback
                0x000000000800d060        0x2 build/stm32f1xx_hal_tim.o
                0x000000000800d060                HAL_TIM_OC_DelayElapsedCallback
 .text.HAL_TIM_IC_CaptureCallback
                0x000000000800d062        0x2 build/stm32f1xx_hal_tim.o
                0x000000000800d062                HAL_TIM_IC_CaptureCallback
 .text.HAL_TIM_PWM_PulseFinishedCallback
                0x000000000800d064        0x2 build/stm32f1xx_hal_tim.o
                0x000000000800d064                HAL_TIM_PWM_PulseFinishedCallback
 .text.HAL_TIM_TriggerCallback
                0x000000000800d066        0x2 build/stm32f1xx_hal_tim.o
                0x000000000800d066                HAL_TIM_TriggerCallback
 .text.HAL_TIM_IRQHandler
                0x000000000800d068      0x17a build/stm32f1xx_hal_tim.o
                0x000000000800d068                HAL_TIM_IRQHandler
 *fill*         0x000000000800d1e2        0x2 
 .text.TIM_Base_SetConfig
                0x000000000800d1e4       0x84 build/stm32f1xx_hal_tim.o
                0x000000000800d1e4                TIM_Base_SetConfig
 .text.HAL_TIM_Base_Init
                0x000000000800d268       0x58 build/stm32f1xx_hal_tim.o
                0x000000000800d268                HAL_TIM_Base_Init
 .text.HAL_TIM_OC_Init
                0x000000000800d2c0       0x58 build/stm32f1xx_hal_tim.o
                0x000000000800d2c0                HAL_TIM_OC_Init
 .text.HAL_TIM_PWM_Init
                0x000000000800d318       0x58 build/stm32f1xx_hal_tim.o
                0x000000000800d318                HAL_TIM_PWM_Init
 .text.TIM_OC2_SetConfig
                0x000000000800d370       0x64 build/stm32f1xx_hal_tim.o
                0x000000000800d370                TIM_OC2_SetConfig
 .text.HAL_TIM_OC_ConfigChannel
                0x000000000800d3d4       0x52 build/stm32f1xx_hal_tim.o
                0x000000000800d3d4                HAL_TIM_OC_ConfigChannel
 .text.HAL_TIM_PWM_ConfigChannel
                0x000000000800d426       0xd0 build/stm32f1xx_hal_tim.o
                0x000000000800d426                HAL_TIM_PWM_ConfigChannel
 .text.TIM_ETR_SetConfig
                0x000000000800d4f6       0x16 build/stm32f1xx_hal_tim.o
                0x000000000800d4f6                TIM_ETR_SetConfig
 .text.HAL_TIM_ConfigClockSource
                0x000000000800d50c       0xda build/stm32f1xx_hal_tim.o
                0x000000000800d50c                HAL_TIM_ConfigClockSource
 .text.TIM_CCxChannelCmd
                0x000000000800d5e6       0x22 build/stm32f1xx_hal_tim.o
                0x000000000800d5e6                TIM_CCxChannelCmd
 .text.HAL_TIM_PWM_Start
                0x000000000800d608       0xe4 build/stm32f1xx_hal_tim.o
                0x000000000800d608                HAL_TIM_PWM_Start
 .text.HAL_TIMEx_MasterConfigSynchronization
                0x000000000800d6ec       0x70 build/stm32f1xx_hal_tim_ex.o
                0x000000000800d6ec                HAL_TIMEx_MasterConfigSynchronization
 .text.HAL_TIMEx_ConfigBreakDeadTime
                0x000000000800d75c       0x52 build/stm32f1xx_hal_tim_ex.o
                0x000000000800d75c                HAL_TIMEx_ConfigBreakDeadTime
 .text.HAL_TIMEx_CommutCallback
                0x000000000800d7ae        0x2 build/stm32f1xx_hal_tim_ex.o
                0x000000000800d7ae                HAL_TIMEx_CommutCallback
 .text.HAL_TIMEx_BreakCallback
                0x000000000800d7b0        0x2 build/stm32f1xx_hal_tim_ex.o
                0x000000000800d7b0                HAL_TIMEx_BreakCallback
 *fill*         0x000000000800d7b2        0x2 
 .text.UART_SetConfig
                0x000000000800d7b4       0x90 build/stm32f1xx_hal_uart.o
 .text.HAL_UART_Init
                0x000000000800d844       0x5e build/stm32f1xx_hal_uart.o
                0x000000000800d844                HAL_UART_Init
 *fill*         0x000000000800d8a2        0x2 
 .text.osKernelInitialize
                0x000000000800d8a4       0x44 build/cmsis_os2.o
                0x000000000800d8a4                osKernelInitialize
 .text.osKernelStart
                0x000000000800d8e8       0x4c build/cmsis_os2.o
                0x000000000800d8e8                osKernelStart
 .text.osThreadNew
                0x000000000800d934       0xec build/cmsis_os2.o
                0x000000000800d934                osThreadNew
 .text.osDelay  0x000000000800da20       0x44 build/cmsis_os2.o
                0x000000000800da20                osDelay
 .text.vApplicationGetIdleTaskMemory
                0x000000000800da64       0x18 build/cmsis_os2.o
                0x000000000800da64                vApplicationGetIdleTaskMemory
 .text.vApplicationGetTimerTaskMemory
                0x000000000800da7c       0x18 build/cmsis_os2.o
                0x000000000800da7c                vApplicationGetTimerTaskMemory
 .text.vListInitialise
                0x000000000800da94       0x16 build/list.o
                0x000000000800da94                vListInitialise
 .text.vListInitialiseItem
                0x000000000800daaa        0x6 build/list.o
                0x000000000800daaa                vListInitialiseItem
 .text.vListInsertEnd
                0x000000000800dab0       0x16 build/list.o
                0x000000000800dab0                vListInsertEnd
 .text.vListInsert
                0x000000000800dac6       0x32 build/list.o
                0x000000000800dac6                vListInsert
 .text.uxListRemove
                0x000000000800daf8       0x26 build/list.o
                0x000000000800daf8                uxListRemove
 *fill*         0x000000000800db1e        0x2 
 .text.prvTaskExitError
                0x000000000800db20       0x40 build/port.o
 .text.prvPortStartFirstTask
                0x000000000800db60       0x20 build/port.o
 .text.pxPortInitialiseStack
                0x000000000800db80       0x24 build/port.o
                0x000000000800db80                pxPortInitialiseStack
 *fill*         0x000000000800dba4        0xc 
 .text.SVC_Handler
                0x000000000800dbb0       0x24 build/port.o
                0x000000000800dbb0                SVC_Handler
 .text.vPortEnterCritical
                0x000000000800dbd4       0x44 build/port.o
                0x000000000800dbd4                vPortEnterCritical
 .text.vPortExitCritical
                0x000000000800dc18       0x2c build/port.o
                0x000000000800dc18                vPortExitCritical
 *fill*         0x000000000800dc44        0xc 
 .text.PendSV_Handler
                0x000000000800dc50       0x44 build/port.o
                0x000000000800dc50                PendSV_Handler
 .text.SysTick_Handler
                0x000000000800dc94       0x2c build/port.o
                0x000000000800dc94                SysTick_Handler
 .text.vPortSetupTimerInterrupt
                0x000000000800dcc0       0x38 build/port.o
                0x000000000800dcc0                vPortSetupTimerInterrupt
 .text.xPortStartScheduler
                0x000000000800dcf8       0xb8 build/port.o
                0x000000000800dcf8                xPortStartScheduler
 .text.vPortValidateInterruptPriority
                0x000000000800ddb0       0x5c build/port.o
                0x000000000800ddb0                vPortValidateInterruptPriority
 .text.prvHeapInit
                0x000000000800de0c       0x64 build/heap_4.o
 .text.prvInsertBlockIntoFreeList
                0x000000000800de70       0x54 build/heap_4.o
 .text.pvPortMalloc
                0x000000000800dec4       0xf0 build/heap_4.o
                0x000000000800dec4                pvPortMalloc
 .text.vPortFree
                0x000000000800dfb4       0x70 build/heap_4.o
                0x000000000800dfb4                vPortFree
 .text.prvIsQueueFull
                0x000000000800e024       0x1e build/queue.o
 .text.prvIsQueueEmpty
                0x000000000800e042       0x1a build/queue.o
 .text.prvCopyDataToQueue
                0x000000000800e05c       0x76 build/queue.o
 .text.prvCopyDataFromQueue
                0x000000000800e0d2       0x24 build/queue.o
 .text.prvUnlockQueue
                0x000000000800e0f6       0x6e build/queue.o
 .text.xQueueGenericReset
                0x000000000800e164       0x84 build/queue.o
                0x000000000800e164                xQueueGenericReset
 .text.prvInitialiseNewQueue
                0x000000000800e1e8       0x22 build/queue.o
 .text.xQueueGenericCreateStatic
                0x000000000800e20a       0x92 build/queue.o
                0x000000000800e20a                xQueueGenericCreateStatic
 .text.xQueueGenericSend
                0x000000000800e29c      0x180 build/queue.o
                0x000000000800e29c                xQueueGenericSend
 .text.xQueueGenericSendFromISR
                0x000000000800e41c       0xce build/queue.o
                0x000000000800e41c                xQueueGenericSendFromISR
 *fill*         0x000000000800e4ea        0x2 
 .text.xQueueReceive
                0x000000000800e4ec      0x15c build/queue.o
                0x000000000800e4ec                xQueueReceive
 .text.vQueueAddToRegistry
                0x000000000800e648       0x28 build/queue.o
                0x000000000800e648                vQueueAddToRegistry
 .text.vQueueWaitForMessageRestricted
                0x000000000800e670       0x52 build/queue.o
                0x000000000800e670                vQueueWaitForMessageRestricted
 *fill*         0x000000000800e6c2        0x2 
 .text.prvResetNextTaskUnblockTime
                0x000000000800e6c4       0x2c build/tasks.o
 .text.prvInitialiseNewTask
                0x000000000800e6f0       0x90 build/tasks.o
 .text.prvInitialiseTaskLists
                0x000000000800e780       0x68 build/tasks.o
 .text.prvAddNewTaskToReadyList
                0x000000000800e7e8       0xac build/tasks.o
 .text.prvDeleteTCB
                0x000000000800e894       0x38 build/tasks.o
 .text.prvCheckTasksWaitingTermination
                0x000000000800e8cc       0x4c build/tasks.o
 .text.prvIdleTask
                0x000000000800e918       0x28 build/tasks.o
 .text.prvAddCurrentTaskToDelayedList
                0x000000000800e940       0x7c build/tasks.o
 .text.xTaskCreateStatic
                0x000000000800e9bc       0x72 build/tasks.o
                0x000000000800e9bc                xTaskCreateStatic
 .text.xTaskCreate
                0x000000000800ea2e       0x68 build/tasks.o
                0x000000000800ea2e                xTaskCreate
 *fill*         0x000000000800ea96        0x2 
 .text.vTaskStartScheduler
                0x000000000800ea98       0x94 build/tasks.o
                0x000000000800ea98                vTaskStartScheduler
 .text.vTaskSuspendAll
                0x000000000800eb2c       0x10 build/tasks.o
                0x000000000800eb2c                vTaskSuspendAll
 .text.xTaskGetTickCount
                0x000000000800eb3c        0xc build/tasks.o
                0x000000000800eb3c                xTaskGetTickCount
 .text.xTaskIncrementTick
                0x000000000800eb48      0x118 build/tasks.o
                0x000000000800eb48                xTaskIncrementTick
 .text.xTaskResumeAll
                0x000000000800ec60       0xf8 build/tasks.o
                0x000000000800ec60                xTaskResumeAll
 .text.vTaskDelay
                0x000000000800ed58       0x4c build/tasks.o
                0x000000000800ed58                vTaskDelay
 .text.vTaskSwitchContext
                0x000000000800eda4       0x94 build/tasks.o
                0x000000000800eda4                vTaskSwitchContext
 .text.vTaskPlaceOnEventList
                0x000000000800ee38       0x30 build/tasks.o
                0x000000000800ee38                vTaskPlaceOnEventList
 .text.vTaskPlaceOnEventListRestricted
                0x000000000800ee68       0x38 build/tasks.o
                0x000000000800ee68                vTaskPlaceOnEventListRestricted
 .text.xTaskRemoveFromEventList
                0x000000000800eea0       0x8c build/tasks.o
                0x000000000800eea0                xTaskRemoveFromEventList
 .text.vTaskInternalSetTimeOutState
                0x000000000800ef2c       0x18 build/tasks.o
                0x000000000800ef2c                vTaskInternalSetTimeOutState
 .text.xTaskCheckForTimeOut
                0x000000000800ef44       0x84 build/tasks.o
                0x000000000800ef44                xTaskCheckForTimeOut
 .text.vTaskMissedYield
                0x000000000800efc8        0xc build/tasks.o
                0x000000000800efc8                vTaskMissedYield
 .text.xTaskGetSchedulerState
                0x000000000800efd4       0x20 build/tasks.o
                0x000000000800efd4                xTaskGetSchedulerState
 .text.xTaskPriorityDisinherit
                0x000000000800eff4       0x90 build/tasks.o
                0x000000000800eff4                xTaskPriorityDisinherit
 .text.prvGetNextExpireTime
                0x000000000800f084       0x20 build/timers.o
 .text.prvInsertTimerInActiveList
                0x000000000800f0a4       0x48 build/timers.o
 .text.prvCheckForValidListAndQueue
                0x000000000800f0ec       0x70 build/timers.o
 .text.xTimerCreateTimerTask
                0x000000000800f15c       0x64 build/timers.o
                0x000000000800f15c                xTimerCreateTimerTask
 .text.xTimerGenericCommand
                0x000000000800f1c0       0x6c build/timers.o
                0x000000000800f1c0                xTimerGenericCommand
 .text.prvSwitchTimerLists
                0x000000000800f22c       0x78 build/timers.o
 .text.prvSampleTimeNow
                0x000000000800f2a4       0x2c build/timers.o
 .text.prvProcessExpiredTimer
                0x000000000800f2d0       0x60 build/timers.o
 .text.prvProcessTimerOrBlockTask
                0x000000000800f330       0x74 build/timers.o
 .text.prvProcessReceivedCommands
                0x000000000800f3a4       0xf8 build/timers.o
 .text.prvTimerTask
                0x000000000800f49c       0x16 build/timers.o
 *fill*         0x000000000800f4b2        0x2 
 .text.Reset_Handler
                0x000000000800f4b4       0x44 build/startup_stm32f105xc.o
                0x000000000800f4b4                Reset_Handler
 .text.Default_Handler
                0x000000000800f4f8        0x2 build/startup_stm32f105xc.o
                0x000000000800f4f8                RTC_Alarm_IRQHandler
                0x000000000800f4f8                EXTI2_IRQHandler
                0x000000000800f4f8                TIM1_CC_IRQHandler
                0x000000000800f4f8                TIM6_IRQHandler
                0x000000000800f4f8                PVD_IRQHandler
                0x000000000800f4f8                EXTI3_IRQHandler
                0x000000000800f4f8                EXTI0_IRQHandler
                0x000000000800f4f8                I2C2_EV_IRQHandler
                0x000000000800f4f8                CAN2_SCE_IRQHandler
                0x000000000800f4f8                ADC1_2_IRQHandler
                0x000000000800f4f8                SPI1_IRQHandler
                0x000000000800f4f8                TAMPER_IRQHandler
                0x000000000800f4f8                CAN2_RX0_IRQHandler
                0x000000000800f4f8                DMA2_Channel2_IRQHandler
                0x000000000800f4f8                DMA1_Channel4_IRQHandler
                0x000000000800f4f8                USART3_IRQHandler
                0x000000000800f4f8                RTC_IRQHandler
                0x000000000800f4f8                DMA1_Channel7_IRQHandler
                0x000000000800f4f8                CAN1_RX1_IRQHandler
                0x000000000800f4f8                UART5_IRQHandler
                0x000000000800f4f8                TIM4_IRQHandler
                0x000000000800f4f8                DMA2_Channel1_IRQHandler
                0x000000000800f4f8                I2C1_EV_IRQHandler
                0x000000000800f4f8                DMA1_Channel6_IRQHandler
                0x000000000800f4f8                UART4_IRQHandler
                0x000000000800f4f8                TIM3_IRQHandler
                0x000000000800f4f8                RCC_IRQHandler
                0x000000000800f4f8                TIM1_TRG_COM_IRQHandler
                0x000000000800f4f8                Default_Handler
                0x000000000800f4f8                EXTI15_10_IRQHandler
                0x000000000800f4f8                CAN2_TX_IRQHandler
                0x000000000800f4f8                TIM5_IRQHandler
                0x000000000800f4f8                EXTI9_5_IRQHandler
                0x000000000800f4f8                SPI2_IRQHandler
                0x000000000800f4f8                CAN1_TX_IRQHandler
                0x000000000800f4f8                EXTI4_IRQHandler
                0x000000000800f4f8                DMA1_Channel3_IRQHandler
                0x000000000800f4f8                TIM1_UP_IRQHandler
                0x000000000800f4f8                WWDG_IRQHandler
                0x000000000800f4f8                TIM2_IRQHandler
                0x000000000800f4f8                OTG_FS_WKUP_IRQHandler
                0x000000000800f4f8                TIM1_BRK_IRQHandler
                0x000000000800f4f8                EXTI1_IRQHandler
                0x000000000800f4f8                USART2_IRQHandler
                0x000000000800f4f8                I2C2_ER_IRQHandler
                0x000000000800f4f8                DMA1_Channel2_IRQHandler
                0x000000000800f4f8                CAN1_SCE_IRQHandler
                0x000000000800f4f8                FLASH_IRQHandler
                0x000000000800f4f8                USART1_IRQHandler
                0x000000000800f4f8                OTG_FS_IRQHandler
                0x000000000800f4f8                SPI3_IRQHandler
                0x000000000800f4f8                I2C1_ER_IRQHandler
                0x000000000800f4f8                DMA2_Channel3_IRQHandler
 *(.glue_7)
 .glue_7        0x000000000800f4fa        0x0 linker stubs
 *(.glue_7t)
 .glue_7t       0x000000000800f4fa        0x0 linker stubs
 *(.eh_frame)
 *fill*         0x000000000800f4fa        0x2 
 .eh_frame      0x000000000800f4fc        0x0 /usr/lib/gcc/arm-none-eabi/9.2.1/thumb/v7-m/nofp/crtbegin.o
 *(.init)
 .init          0x000000000800f4fc        0x4 /usr/lib/gcc/arm-none-eabi/9.2.1/thumb/v7-m/nofp/crti.o
                0x000000000800f4fc                _init
 .init          0x000000000800f500        0x8 /usr/lib/gcc/arm-none-eabi/9.2.1/thumb/v7-m/nofp/crtn.o
 *(.fini)
 .fini          0x000000000800f508        0x4 /usr/lib/gcc/arm-none-eabi/9.2.1/thumb/v7-m/nofp/crti.o
                0x000000000800f508                _fini
 .fini          0x000000000800f50c        0x8 /usr/lib/gcc/arm-none-eabi/9.2.1/thumb/v7-m/nofp/crtn.o
                0x000000000800f514                . = ALIGN (0x4)
                0x000000000800f514                _etext = .

.vfp11_veneer   0x000000000800f514        0x0
 .vfp11_veneer  0x000000000800f514        0x0 linker stubs

.v4_bx          0x000000000800f514        0x0
 .v4_bx         0x000000000800f514        0x0 linker stubs

.iplt           0x000000000800f514        0x0
 .iplt          0x000000000800f514        0x0 /usr/lib/gcc/arm-none-eabi/9.2.1/thumb/v7-m/nofp/crtbegin.o

.rodata         0x000000000800f514      0x114
                0x000000000800f514                . = ALIGN (0x4)
 *(.rodata)
 .rodata        0x000000000800f514        0xe build/stm32f1xx_hal_rcc.o
 *(.rodata*)
 *fill*         0x000000000800f522        0x2 
 .rodata.str1.4
                0x000000000800f524       0x2d build/main.o
 *fill*         0x000000000800f551        0x3 
 .rodata.Task100ms_attributes
                0x000000000800f554       0x24 build/main.o
                0x000000000800f554                Task100ms_attributes
 .rodata.Task10ms_attributes
                0x000000000800f578       0x24 build/main.o
                0x000000000800f578                Task10ms_attributes
 .rodata.Task250ms_attributes
                0x000000000800f59c       0x24 build/main.o
                0x000000000800f59c                Task250ms_attributes
 .rodata.TaskLoop_attributes
                0x000000000800f5c0       0x24 build/main.o
                0x000000000800f5c0                TaskLoop_attributes
 .rodata.AHBPrescTable
                0x000000000800f5e4       0x10 build/system_stm32f1xx.o
                0x000000000800f5e4                AHBPrescTable
 .rodata.APBPrescTable
                0x000000000800f5f4        0x8 build/system_stm32f1xx.o
                0x000000000800f5f4                APBPrescTable
 .rodata.HAL_RCC_GetSysClockFreq.str1.4
                0x000000000800f5fc       0x11 build/stm32f1xx_hal_rcc.o
 *fill*         0x000000000800f60d        0x3 
 .rodata.vTaskStartScheduler.str1.4
                0x000000000800f610        0x5 build/tasks.o
 *fill*         0x000000000800f615        0x3 
 .rodata.prvCheckForValidListAndQueue.str1.4
                0x000000000800f618        0x5 build/timers.o
 *fill*         0x000000000800f61d        0x3 
 .rodata.xTimerCreateTimerTask.str1.4
                0x000000000800f620        0x8 build/timers.o
                0x000000000800f628                . = ALIGN (0x4)

.ARM.extab
 *(.ARM.extab* .gnu.linkonce.armextab.*)

.ARM            0x000000000800f628        0x8
                0x000000000800f628                __exidx_start = .
 *(.ARM.exidx*)
 .ARM.exidx     0x000000000800f628        0x8 /usr/lib/gcc/arm-none-eabi/9.2.1/thumb/v7-m/nofp/libgcc.a(_udivmoddi4.o)
                0x000000000800f630                __exidx_end = .

.rel.dyn        0x000000000800f630        0x0
 .rel.iplt      0x000000000800f630        0x0 /usr/lib/gcc/arm-none-eabi/9.2.1/thumb/v7-m/nofp/crtbegin.o

.preinit_array  0x000000000800f630        0x0
                0x000000000800f630                PROVIDE (__preinit_array_start = .)
 *(.preinit_array*)
                0x000000000800f630                PROVIDE (__preinit_array_end = .)

.init_array     0x000000000800f630        0x4
                0x000000000800f630                PROVIDE (__init_array_start = .)
 *(SORT_BY_NAME(.init_array.*))
 *(.init_array*)
 .init_array    0x000000000800f630        0x4 /usr/lib/gcc/arm-none-eabi/9.2.1/thumb/v7-m/nofp/crtbegin.o
                0x000000000800f634                PROVIDE (__init_array_end = .)

.fini_array     0x000000000800f634        0x4
                0x000000000800f634                PROVIDE (__fini_array_start = .)
 *(SORT_BY_NAME(.fini_array.*))
 *(.fini_array*)
 .fini_array    0x000000000800f634        0x4 /usr/lib/gcc/arm-none-eabi/9.2.1/thumb/v7-m/nofp/crtbegin.o
                0x000000000800f638                PROVIDE (__fini_array_end = .)
                0x000000000800f638                _sidata = LOADADDR (.data)

.data           0x0000000020000000       0x10 load address 0x000000000800f638
                0x0000000020000000                . = ALIGN (0x4)
                0x0000000020000000                _sdata = .
 *(.data)
 *(.data*)
 .data.SystemCoreClock
                0x0000000020000000        0x4 build/system_stm32f1xx.o
                0x0000000020000000                SystemCoreClock
 .data.uwTickFreq
                0x0000000020000004        0x1 build/stm32f1xx_hal.o
                0x0000000020000004                uwTickFreq
 *fill*         0x0000000020000005        0x3 
 .data.uwTickPrio
                0x0000000020000008        0x4 build/stm32f1xx_hal.o
                0x0000000020000008                uwTickPrio
 .data.uxCriticalNesting
                0x000000002000000c        0x4 build/port.o
                0x0000000020000010                . = ALIGN (0x4)
                0x0000000020000010                _edata = .

.tm_clone_table
                0x0000000020000010        0x0 load address 0x000000000800f648
 .tm_clone_table
                0x0000000020000010        0x0 /usr/lib/gcc/arm-none-eabi/9.2.1/thumb/v7-m/nofp/crtbegin.o
 .tm_clone_table
                0x0000000020000010        0x0 /usr/lib/gcc/arm-none-eabi/9.2.1/thumb/v7-m/nofp/crtend.o

.igot.plt       0x0000000020000010        0x0 load address 0x000000000800f648
 .igot.plt      0x0000000020000010        0x0 /usr/lib/gcc/arm-none-eabi/9.2.1/thumb/v7-m/nofp/crtbegin.o
                0x0000000020000010                . = ALIGN (0x4)

.bss            0x0000000020000010     0x35dc load address 0x000000000800f648
                0x0000000020000010                _sbss = .
                0x0000000020000010                __bss_start__ = _sbss
 *(.bss)
 .bss           0x0000000020000010       0x1c /usr/lib/gcc/arm-none-eabi/9.2.1/thumb/v7-m/nofp/crtbegin.o
 *(.bss*)
 .bss.HAL_RCC_CAN1_CLK_ENABLED
                0x000000002000002c        0x4 build/stm32f1xx_hal_msp.o
 .bss.Idle_Stack
                0x0000000020000030      0x200 build/cmsis_os2.o
 .bss.Idle_TCB  0x0000000020000230       0x5c build/cmsis_os2.o
 .bss.KernelState
                0x000000002000028c        0x4 build/cmsis_os2.o
 .bss.Timer_Stack
                0x0000000020000290      0x400 build/cmsis_os2.o
 .bss.Timer_TCB
                0x0000000020000690       0x5c build/cmsis_os2.o
 .bss.ucMaxSysCallPriority
                0x00000000200006ec        0x1 build/port.o
 *fill*         0x00000000200006ed        0x3 
 .bss.ulMaxPRIGROUPValue
                0x00000000200006f0        0x4 build/port.o
 .bss.pxEnd     0x00000000200006f4        0x4 build/heap_4.o
 .bss.ucHeap    0x00000000200006f8     0x1000 build/heap_4.o
 .bss.xBlockAllocatedBit
                0x00000000200016f8        0x4 build/heap_4.o
 .bss.xFreeBytesRemaining
                0x00000000200016fc        0x4 build/heap_4.o
 .bss.xMinimumEverFreeBytesRemaining
                0x0000000020001700        0x4 build/heap_4.o
 .bss.xStart    0x0000000020001704        0x8 build/heap_4.o
 .bss.pxCurrentTCB
                0x000000002000170c        0x4 build/tasks.o
                0x000000002000170c                pxCurrentTCB
 .bss.pxDelayedTaskList
                0x0000000020001710        0x4 build/tasks.o
 .bss.pxOverflowDelayedTaskList
                0x0000000020001714        0x4 build/tasks.o
 .bss.pxReadyTasksLists
                0x0000000020001718      0x460 build/tasks.o
 .bss.uxCurrentNumberOfTasks
                0x0000000020001b78        0x4 build/tasks.o
 .bss.uxDeletedTasksWaitingCleanUp
                0x0000000020001b7c        0x4 build/tasks.o
 .bss.uxPendedTicks
                0x0000000020001b80        0x4 build/tasks.o
 .bss.uxSchedulerSuspended
                0x0000000020001b84        0x4 build/tasks.o
 .bss.uxTaskNumber
                0x0000000020001b88        0x4 build/tasks.o
 .bss.uxTopReadyPriority
                0x0000000020001b8c        0x4 build/tasks.o
 .bss.xDelayedTaskList1
                0x0000000020001b90       0x14 build/tasks.o
 .bss.xDelayedTaskList2
                0x0000000020001ba4       0x14 build/tasks.o
 .bss.xNextTaskUnblockTime
                0x0000000020001bb8        0x4 build/tasks.o
 .bss.xNumOfOverflows
                0x0000000020001bbc        0x4 build/tasks.o
 .bss.xPendingReadyList
                0x0000000020001bc0       0x14 build/tasks.o
 .bss.xSchedulerRunning
                0x0000000020001bd4        0x4 build/tasks.o
 .bss.xSuspendedTaskList
                0x0000000020001bd8       0x14 build/tasks.o
 .bss.xTasksWaitingTermination
                0x0000000020001bec       0x14 build/tasks.o
 .bss.xTickCount
                0x0000000020001c00        0x4 build/tasks.o
 .bss.xYieldPending
                0x0000000020001c04        0x4 build/tasks.o
 .bss.pxCurrentTimerList
                0x0000000020001c08        0x4 build/timers.o
 .bss.pxOverflowTimerList
                0x0000000020001c0c        0x4 build/timers.o
 .bss.ucStaticTimerQueueStorage.5537
                0x0000000020001c10       0xa0 build/timers.o
 .bss.xActiveTimerList1
                0x0000000020001cb0       0x14 build/timers.o
 .bss.xActiveTimerList2
                0x0000000020001cc4       0x14 build/timers.o
 .bss.xLastTime.5486
                0x0000000020001cd8        0x4 build/timers.o
 .bss.xStaticTimerQueue.5536
                0x0000000020001cdc       0x50 build/timers.o
 .bss.xTimerQueue
                0x0000000020001d2c        0x4 build/timers.o
 .bss.xTimerTaskHandle
                0x0000000020001d30        0x4 build/timers.o
 *(COMMON)
 COMMON         0x0000000020001d34      0x270 build/btld_jump.o
                0x0000000020001d34                vcu
                0x0000000020001d3c                BMS
                0x0000000020001d50                sf4
                0x0000000020001d78                sf
                0x0000000020001da0                iboost
                0x0000000020001da4                canRx2
                0x0000000020001dac                ldu
                0x0000000020001dc0                canTx
                0x0000000020001dc8                txMsgExt2
                0x0000000020001de0                rxMsg
                0x0000000020001dfc                tempdata
                0x0000000020001e00                tenderActive
                0x0000000020001e04                txMsg2
                0x0000000020001e1c                DCDC
                0x0000000020001e20                charger
                0x0000000020001e24                te
                0x0000000020001e30                hcan2
                0x0000000020001e58                canMailbox2
                0x0000000020001e5c                LIDAR
                0x0000000020001e64                txMsg
                0x0000000020001e7c                canMailbox
                0x0000000020001e80                txCycle2
                0x0000000020001e84                canTx2
                0x0000000020001e8c                ADC_data
                0x0000000020001e98                taskTime
                0x0000000020001eb8                txMsgExt
                0x0000000020001ed0                canDebug
                0x0000000020001ed4                txCycle
                0x0000000020001ed8                period
                0x0000000020001edc                rxMsg2
                0x0000000020001ef8                hcan1
                0x0000000020001f20                time_now
                0x0000000020001f24                sf2
                0x0000000020001f4c                canRx
                0x0000000020001f54                sf5
                0x0000000020001f7c                sf3
 COMMON         0x0000000020001fa4     0x1130 build/gauges.o
                0x0000000020001fa4                tempPWM
                0x0000000020002134                socPWM
 COMMON         0x00000000200030d4      0x48c build/main.o
                0x00000000200030d4                hdma_tim2_ch1
                0x0000000020003118                hiwdg
                0x0000000020003124                htim5
                0x000000002000316c                waterPWM
                0x00000000200032fc                htim3
                0x0000000020003344                hadc1
                0x0000000020003374                Task10msHandle
                0x0000000020003378                huart1
                0x00000000200033b8                hdma_tim5_ch1
                0x00000000200033fc                Task100msHandle
                0x0000000020003400                hdma_tim5_ch2
                0x0000000020003444                hdma_adc1
                0x0000000020003488                htim1
                0x00000000200034d0                TaskLoopHandle
                0x00000000200034d4                huart4
                0x0000000020003514                htim2
                0x000000002000355c                Task250msHandle
 COMMON         0x0000000020003560       0x48 build/stm32f1xx_hal_timebase_tim.o
                0x0000000020003560                htim7
 COMMON         0x00000000200035a8        0x4 build/stm32f1xx_hal.o
                0x00000000200035a8                uwTick
 COMMON         0x00000000200035ac       0x40 build/queue.o
                0x00000000200035ac                xQueueRegistry
                0x00000000200035ec                . = ALIGN (0x4)
                0x00000000200035ec                _ebss = .
                0x00000000200035ec                __bss_end__ = _ebss

._user_heap_stack
                0x00000000200035ec      0x604 load address 0x000000000800f648
                0x00000000200035f0                . = ALIGN (0x8)
 *fill*         0x00000000200035ec        0x4 
                0x00000000200035f0                PROVIDE (end = .)
                [!provide]                        PROVIDE (_end = .)
                0x00000000200037f0                . = (. + _Min_Heap_Size)
 *fill*         0x00000000200035f0      0x200 
                0x0000000020003bf0                . = (. + _Min_Stack_Size)
 *fill*         0x00000000200037f0      0x400 
                0x0000000020003bf0                . = ALIGN (0x8)

/DISCARD/
 libc.a(*)
 libm.a(*)
 libgcc.a(*)

.ARM.attributes
                0x0000000000000000       0x29
 *(.ARM.attributes)
 .ARM.attributes
                0x0000000000000000       0x1d /usr/lib/gcc/arm-none-eabi/9.2.1/thumb/v7-m/nofp/crti.o
 .ARM.attributes
                0x000000000000001d       0x2d /usr/lib/gcc/arm-none-eabi/9.2.1/thumb/v7-m/nofp/crtbegin.o
 .ARM.attributes
                0x000000000000004a       0x2d build/btld_jump.o
 .ARM.attributes
                0x0000000000000077       0x2d build/can_setup.o
 .ARM.attributes
                0x00000000000000a4       0x2d build/dcdc.o
 .ARM.attributes
                0x00000000000000d1       0x2d build/encoder.o
 .ARM.attributes
                0x00000000000000fe       0x2d build/gauges.o
 .ARM.attributes
                0x000000000000012b       0x2d build/lidar.o
 .ARM.attributes
                0x0000000000000158       0x2d build/main.o
 .ARM.attributes
                0x0000000000000185       0x2d build/stm32f1xx_hal_msp.o
 .ARM.attributes
                0x00000000000001b2       0x2d build/stm32f1xx_hal_timebase_tim.o
 .ARM.attributes
                0x00000000000001df       0x2d build/stm32f1xx_it.o
 .ARM.attributes
                0x000000000000020c       0x2d build/system_stm32f1xx.o
 .ARM.attributes
                0x0000000000000239       0x2d build/vcu.o
 .ARM.attributes
                0x0000000000000266       0x2d build/water_pump.o
 .ARM.attributes
                0x0000000000000293       0x2d build/stm32f1xx_hal.o
 .ARM.attributes
                0x00000000000002c0       0x2d build/stm32f1xx_hal_adc.o
 .ARM.attributes
                0x00000000000002ed       0x2d build/stm32f1xx_hal_can.o
 .ARM.attributes
                0x000000000000031a       0x2d build/stm32f1xx_hal_cortex.o
 .ARM.attributes
                0x0000000000000347       0x2d build/stm32f1xx_hal_dma.o
 .ARM.attributes
                0x0000000000000374       0x2d build/stm32f1xx_hal_gpio.o
 .ARM.attributes
                0x00000000000003a1       0x2d build/stm32f1xx_hal_iwdg.o
 .ARM.attributes
                0x00000000000003ce       0x2d build/stm32f1xx_hal_rcc.o
 .ARM.attributes
                0x00000000000003fb       0x2d build/stm32f1xx_hal_rcc_ex.o
 .ARM.attributes
                0x0000000000000428       0x2d build/stm32f1xx_hal_tim.o
 .ARM.attributes
                0x0000000000000455       0x2d build/stm32f1xx_hal_tim_ex.o
 .ARM.attributes
                0x0000000000000482       0x2d build/stm32f1xx_hal_uart.o
 .ARM.attributes
                0x00000000000004af       0x2d build/cmsis_os2.o
 .ARM.attributes
                0x00000000000004dc       0x2d build/list.o
 .ARM.attributes
                0x0000000000000509       0x2d build/port.o
 .ARM.attributes
                0x0000000000000536       0x2d build/heap_4.o
 .ARM.attributes
                0x0000000000000563       0x2d build/queue.o
 .ARM.attributes
                0x0000000000000590       0x2d build/tasks.o
 .ARM.attributes
                0x00000000000005bd       0x2d build/timers.o
 .ARM.attributes
                0x00000000000005ea       0x21 build/startup_stm32f105xc.o
 .ARM.attributes
                0x000000000000060b       0x1b /usr/lib/gcc/arm-none-eabi/9.2.1/../../../arm-none-eabi/lib/thumb/v7-m/nofp/libc_nano.a(lib_a-memcpy.o)
 .ARM.attributes
                0x0000000000000626       0x2d /usr/lib/gcc/arm-none-eabi/9.2.1/../../../arm-none-eabi/lib/thumb/v7-m/nofp/libc_nano.a(lib_a-memset.o)
 .ARM.attributes
                0x0000000000000653       0x1d /usr/lib/gcc/arm-none-eabi/9.2.1/thumb/v7-m/nofp/libgcc.a(_arm_addsubdf3.o)
 .ARM.attributes
                0x0000000000000670       0x1d /usr/lib/gcc/arm-none-eabi/9.2.1/thumb/v7-m/nofp/libgcc.a(_arm_muldivdf3.o)
 .ARM.attributes
                0x000000000000068d       0x1d /usr/lib/gcc/arm-none-eabi/9.2.1/thumb/v7-m/nofp/libgcc.a(_arm_fixunsdfsi.o)
 .ARM.attributes
                0x00000000000006aa       0x1d /usr/lib/gcc/arm-none-eabi/9.2.1/thumb/v7-m/nofp/libgcc.a(_aeabi_uldivmod.o)
 .ARM.attributes
                0x00000000000006c7       0x2d /usr/lib/gcc/arm-none-eabi/9.2.1/thumb/v7-m/nofp/libgcc.a(_udivmoddi4.o)
 .ARM.attributes
                0x00000000000006f4       0x1d /usr/lib/gcc/arm-none-eabi/9.2.1/thumb/v7-m/nofp/libgcc.a(_dvmd_tls.o)
 .ARM.attributes
                0x0000000000000711       0x2d /usr/lib/gcc/arm-none-eabi/9.2.1/thumb/v7-m/nofp/crtend.o
 .ARM.attributes
                0x000000000000073e       0x1d /usr/lib/gcc/arm-none-eabi/9.2.1/thumb/v7-m/nofp/crtn.o
OUTPUT(build/VCU.elf elf32-littlearm)
LOAD linker stubs
LOAD /usr/lib/gcc/arm-none-eabi/9.2.1/../../../arm-none-eabi/lib/thumb/v7-m/nofp/libc.a
LOAD /usr/lib/gcc/arm-none-eabi/9.2.1/../../../arm-none-eabi/lib/thumb/v7-m/nofp/libm.a
LOAD /usr/lib/gcc/arm-none-eabi/9.2.1/thumb/v7-m/nofp/libgcc.a

.comment        0x0000000000000000       0xa7
 .comment       0x0000000000000000       0x59 /usr/lib/gcc/arm-none-eabi/9.2.1/thumb/v7-m/nofp/crtbegin.o
                                         0x5a (size before relaxing)
 .comment       0x0000000000000059       0x5a build/btld_jump.o
 .comment       0x0000000000000059       0x5a build/can_setup.o
 .comment       0x0000000000000059       0x5a build/dcdc.o
 .comment       0x0000000000000059       0x5a build/encoder.o
 .comment       0x0000000000000059       0x5a build/gauges.o
 .comment       0x0000000000000059       0x5a build/lidar.o
 .comment       0x0000000000000059       0x5a build/main.o
 .comment       0x0000000000000059       0x5a build/stm32f1xx_hal_msp.o
 .comment       0x0000000000000059       0x5a build/stm32f1xx_hal_timebase_tim.o
 .comment       0x0000000000000059       0x5a build/stm32f1xx_it.o
 .comment       0x0000000000000059       0x5a build/system_stm32f1xx.o
 .comment       0x0000000000000059       0x5a build/vcu.o
 .comment       0x0000000000000059       0x5a build/water_pump.o
 .comment       0x0000000000000059       0x5a build/stm32f1xx_hal.o
 .comment       0x0000000000000059       0x5a build/stm32f1xx_hal_adc.o
 .comment       0x0000000000000059       0x5a build/stm32f1xx_hal_can.o
 .comment       0x0000000000000059       0x5a build/stm32f1xx_hal_cortex.o
 .comment       0x0000000000000059       0x5a build/stm32f1xx_hal_dma.o
 .comment       0x0000000000000059       0x5a build/stm32f1xx_hal_gpio.o
 .comment       0x0000000000000059       0x5a build/stm32f1xx_hal_iwdg.o
 .comment       0x0000000000000059       0x5a build/stm32f1xx_hal_rcc.o
 .comment       0x0000000000000059       0x5a build/stm32f1xx_hal_rcc_ex.o
 .comment       0x0000000000000059       0x5a build/stm32f1xx_hal_tim.o
 .comment       0x0000000000000059       0x5a build/stm32f1xx_hal_tim_ex.o
 .comment       0x0000000000000059       0x5a build/stm32f1xx_hal_uart.o
 .comment       0x0000000000000059       0x5a build/cmsis_os2.o
 .comment       0x0000000000000059       0x5a build/list.o
 .comment       0x0000000000000059       0x5a build/port.o
 .comment       0x0000000000000059       0x5a build/heap_4.o
 .comment       0x0000000000000059       0x5a build/queue.o
 .comment       0x0000000000000059       0x5a build/tasks.o
 .comment       0x0000000000000059       0x5a build/timers.o
 .comment       0x0000000000000059       0x4e /usr/lib/gcc/arm-none-eabi/9.2.1/../../../arm-none-eabi/lib/thumb/v7-m/nofp/libc_nano.a(lib_a-memset.o)
                                         0x4f (size before relaxing)
 .comment       0x00000000000000a7       0x5a /usr/lib/gcc/arm-none-eabi/9.2.1/thumb/v7-m/nofp/libgcc.a(_udivmoddi4.o)
 .comment       0x00000000000000a7       0x5a /usr/lib/gcc/arm-none-eabi/9.2.1/thumb/v7-m/nofp/crtend.o

.debug_info     0x0000000000000000    0x30a6b
 .debug_info    0x0000000000000000     0x174c build/btld_jump.o
 .debug_info    0x000000000000174c     0x205c build/can_setup.o
 .debug_info    0x00000000000037a8     0x1784 build/dcdc.o
 .debug_info    0x0000000000004f2c     0x1a75 build/encoder.o
 .debug_info    0x00000000000069a1      0xd42 build/gauges.o
 .debug_info    0x00000000000076e3      0x26f build/lidar.o
 .debug_info    0x0000000000007952     0x3d60 build/main.o
 .debug_info    0x000000000000b6b2     0x1b58 build/stm32f1xx_hal_msp.o
 .debug_info    0x000000000000d20a      0xb53 build/stm32f1xx_hal_timebase_tim.o
 .debug_info    0x000000000000dd5d      0xc83 build/stm32f1xx_it.o
 .debug_info    0x000000000000e9e0      0x2f6 build/system_stm32f1xx.o
 .debug_info    0x000000000000ecd6     0x1ea4 build/vcu.o
 .debug_info    0x0000000000010b7a     0x17ab build/water_pump.o
 .debug_info    0x0000000000012325      0x889 build/stm32f1xx_hal.o
 .debug_info    0x0000000000012bae      0xfb4 build/stm32f1xx_hal_adc.o
 .debug_info    0x0000000000013b62     0x132d build/stm32f1xx_hal_can.o
 .debug_info    0x0000000000014e8f      0xe82 build/stm32f1xx_hal_cortex.o
 .debug_info    0x0000000000015d11      0x90e build/stm32f1xx_hal_dma.o
 .debug_info    0x000000000001661f      0x747 build/stm32f1xx_hal_gpio.o
 .debug_info    0x0000000000016d66      0x2d5 build/stm32f1xx_hal_iwdg.o
 .debug_info    0x000000000001703b      0xb7f build/stm32f1xx_hal_rcc.o
 .debug_info    0x0000000000017bba      0x77e build/stm32f1xx_hal_rcc_ex.o
 .debug_info    0x0000000000018338     0x3b6e build/stm32f1xx_hal_tim.o
 .debug_info    0x000000000001bea6     0x1a5d build/stm32f1xx_hal_tim_ex.o
 .debug_info    0x000000000001d903     0x18e9 build/stm32f1xx_hal_uart.o
 .debug_info    0x000000000001f1ec     0x5367 build/cmsis_os2.o
 .debug_info    0x0000000000024553      0xb74 build/list.o
 .debug_info    0x00000000000250c7      0x513 build/port.o
 .debug_info    0x00000000000255da      0xcff build/heap_4.o
 .debug_info    0x00000000000262d9     0x2f9a build/queue.o
 .debug_info    0x0000000000029273     0x3877 build/tasks.o
 .debug_info    0x000000000002caea     0x21de build/timers.o
 .debug_info    0x000000000002ecc8       0x22 build/startup_stm32f105xc.o
 .debug_info    0x000000000002ecea       0x26 /usr/lib/gcc/arm-none-eabi/9.2.1/../../../arm-none-eabi/lib/thumb/v7-m/nofp/libc_nano.a(lib_a-memcpy.o)
 .debug_info    0x000000000002ed10      0xf21 /usr/lib/gcc/arm-none-eabi/9.2.1/../../../arm-none-eabi/lib/thumb/v7-m/nofp/libc_nano.a(lib_a-memset.o)
 .debug_info    0x000000000002fc31       0x26 /usr/lib/gcc/arm-none-eabi/9.2.1/thumb/v7-m/nofp/libgcc.a(_arm_addsubdf3.o)
 .debug_info    0x000000000002fc57       0x26 /usr/lib/gcc/arm-none-eabi/9.2.1/thumb/v7-m/nofp/libgcc.a(_arm_muldivdf3.o)
 .debug_info    0x000000000002fc7d       0x26 /usr/lib/gcc/arm-none-eabi/9.2.1/thumb/v7-m/nofp/libgcc.a(_arm_fixunsdfsi.o)
 .debug_info    0x000000000002fca3       0x26 /usr/lib/gcc/arm-none-eabi/9.2.1/thumb/v7-m/nofp/libgcc.a(_aeabi_uldivmod.o)
 .debug_info    0x000000000002fcc9      0xd7c /usr/lib/gcc/arm-none-eabi/9.2.1/thumb/v7-m/nofp/libgcc.a(_udivmoddi4.o)
 .debug_info    0x0000000000030a45       0x26 /usr/lib/gcc/arm-none-eabi/9.2.1/thumb/v7-m/nofp/libgcc.a(_dvmd_tls.o)

.debug_abbrev   0x0000000000000000     0x5b98
 .debug_abbrev  0x0000000000000000      0x2fd build/btld_jump.o
 .debug_abbrev  0x00000000000002fd      0x330 build/can_setup.o
 .debug_abbrev  0x000000000000062d      0x2eb build/dcdc.o
 .debug_abbrev  0x0000000000000918      0x2c5 build/encoder.o
 .debug_abbrev  0x0000000000000bdd      0x2b0 build/gauges.o
 .debug_abbrev  0x0000000000000e8d      0x118 build/lidar.o
 .debug_abbrev  0x0000000000000fa5      0x403 build/main.o
 .debug_abbrev  0x00000000000013a8      0x2ae build/stm32f1xx_hal_msp.o
 .debug_abbrev  0x0000000000001656      0x219 build/stm32f1xx_hal_timebase_tim.o
 .debug_abbrev  0x000000000000186f      0x1f1 build/stm32f1xx_it.o
 .debug_abbrev  0x0000000000001a60      0x148 build/system_stm32f1xx.o
 .debug_abbrev  0x0000000000001ba8      0x3be build/vcu.o
 .debug_abbrev  0x0000000000001f66      0x2ed build/water_pump.o
 .debug_abbrev  0x0000000000002253      0x219 build/stm32f1xx_hal.o
 .debug_abbrev  0x000000000000246c      0x228 build/stm32f1xx_hal_adc.o
 .debug_abbrev  0x0000000000002694      0x2a3 build/stm32f1xx_hal_can.o
 .debug_abbrev  0x0000000000002937      0x367 build/stm32f1xx_hal_cortex.o
 .debug_abbrev  0x0000000000002c9e      0x262 build/stm32f1xx_hal_dma.o
 .debug_abbrev  0x0000000000002f00      0x213 build/stm32f1xx_hal_gpio.o
 .debug_abbrev  0x0000000000003113      0x157 build/stm32f1xx_hal_iwdg.o
 .debug_abbrev  0x000000000000326a      0x2ab build/stm32f1xx_hal_rcc.o
 .debug_abbrev  0x0000000000003515      0x21a build/stm32f1xx_hal_rcc_ex.o
 .debug_abbrev  0x000000000000372f      0x26b build/stm32f1xx_hal_tim.o
 .debug_abbrev  0x000000000000399a      0x26e build/stm32f1xx_hal_tim_ex.o
 .debug_abbrev  0x0000000000003c08      0x293 build/stm32f1xx_hal_uart.o
 .debug_abbrev  0x0000000000003e9b      0x4a8 build/cmsis_os2.o
 .debug_abbrev  0x0000000000004343      0x249 build/list.o
 .debug_abbrev  0x000000000000458c      0x27e build/port.o
 .debug_abbrev  0x000000000000480a      0x372 build/heap_4.o
 .debug_abbrev  0x0000000000004b7c      0x43f build/queue.o
 .debug_abbrev  0x0000000000004fbb      0x412 build/tasks.o
 .debug_abbrev  0x00000000000053cd      0x3a6 build/timers.o
 .debug_abbrev  0x0000000000005773       0x12 build/startup_stm32f105xc.o
 .debug_abbrev  0x0000000000005785       0x14 /usr/lib/gcc/arm-none-eabi/9.2.1/../../../arm-none-eabi/lib/thumb/v7-m/nofp/libc_nano.a(lib_a-memcpy.o)
 .debug_abbrev  0x0000000000005799      0x1d9 /usr/lib/gcc/arm-none-eabi/9.2.1/../../../arm-none-eabi/lib/thumb/v7-m/nofp/libc_nano.a(lib_a-memset.o)
 .debug_abbrev  0x0000000000005972       0x14 /usr/lib/gcc/arm-none-eabi/9.2.1/thumb/v7-m/nofp/libgcc.a(_arm_addsubdf3.o)
 .debug_abbrev  0x0000000000005986       0x14 /usr/lib/gcc/arm-none-eabi/9.2.1/thumb/v7-m/nofp/libgcc.a(_arm_muldivdf3.o)
 .debug_abbrev  0x000000000000599a       0x14 /usr/lib/gcc/arm-none-eabi/9.2.1/thumb/v7-m/nofp/libgcc.a(_arm_fixunsdfsi.o)
 .debug_abbrev  0x00000000000059ae       0x14 /usr/lib/gcc/arm-none-eabi/9.2.1/thumb/v7-m/nofp/libgcc.a(_aeabi_uldivmod.o)
 .debug_abbrev  0x00000000000059c2      0x1c2 /usr/lib/gcc/arm-none-eabi/9.2.1/thumb/v7-m/nofp/libgcc.a(_udivmoddi4.o)
 .debug_abbrev  0x0000000000005b84       0x14 /usr/lib/gcc/arm-none-eabi/9.2.1/thumb/v7-m/nofp/libgcc.a(_dvmd_tls.o)

.debug_loc      0x0000000000000000    0x18695
 .debug_loc     0x0000000000000000       0xc3 build/btld_jump.o
 .debug_loc     0x00000000000000c3      0x359 build/can_setup.o
 .debug_loc     0x000000000000041c       0xa1 build/dcdc.o
 .debug_loc     0x00000000000004bd      0x14e build/encoder.o
 .debug_loc     0x000000000000060b      0x1a6 build/gauges.o
 .debug_loc     0x00000000000007b1       0x84 build/lidar.o
 .debug_loc     0x0000000000000835      0x235 build/main.o
 .debug_loc     0x0000000000000a6a      0x366 build/stm32f1xx_hal_msp.o
 .debug_loc     0x0000000000000dd0       0x89 build/stm32f1xx_hal_timebase_tim.o
 .debug_loc     0x0000000000000e59      0x1ea build/system_stm32f1xx.o
 .debug_loc     0x0000000000001043      0x344 build/vcu.o
 .debug_loc     0x0000000000001387       0xb8 build/water_pump.o
 .debug_loc     0x000000000000143f      0x141 build/stm32f1xx_hal.o
 .debug_loc     0x0000000000001580      0xad9 build/stm32f1xx_hal_adc.o
 .debug_loc     0x0000000000002059      0xdd6 build/stm32f1xx_hal_can.o
 .debug_loc     0x0000000000002e2f      0x71f build/stm32f1xx_hal_cortex.o
 .debug_loc     0x000000000000354e      0x7ce build/stm32f1xx_hal_dma.o
 .debug_loc     0x0000000000003d1c      0x468 build/stm32f1xx_hal_gpio.o
 .debug_loc     0x0000000000004184       0x86 build/stm32f1xx_hal_iwdg.o
 .debug_loc     0x000000000000420a      0x745 build/stm32f1xx_hal_rcc.o
 .debug_loc     0x000000000000494f      0x7b9 build/stm32f1xx_hal_rcc_ex.o
 .debug_loc     0x0000000000005108     0x47b8 build/stm32f1xx_hal_tim.o
 .debug_loc     0x00000000000098c0     0x1aa9 build/stm32f1xx_hal_tim_ex.o
 .debug_loc     0x000000000000b369     0x1951 build/stm32f1xx_hal_uart.o
 .debug_loc     0x000000000000ccba     0x56cb build/cmsis_os2.o
 .debug_loc     0x0000000000012385       0xad build/list.o
 .debug_loc     0x0000000000012432       0xe8 build/port.o
 .debug_loc     0x000000000001251a      0x331 build/heap_4.o
 .debug_loc     0x000000000001284b     0x19f3 build/queue.o
 .debug_loc     0x000000000001423e     0x2389 build/tasks.o
 .debug_loc     0x00000000000165c7      0xf17 build/timers.o
 .debug_loc     0x00000000000174de      0x231 /usr/lib/gcc/arm-none-eabi/9.2.1/../../../arm-none-eabi/lib/thumb/v7-m/nofp/libc_nano.a(lib_a-memset.o)
 .debug_loc     0x000000000001770f      0xf86 /usr/lib/gcc/arm-none-eabi/9.2.1/thumb/v7-m/nofp/libgcc.a(_udivmoddi4.o)

.debug_aranges  0x0000000000000000     0x1950
 .debug_aranges
                0x0000000000000000       0x28 build/btld_jump.o
 .debug_aranges
                0x0000000000000028       0x68 build/can_setup.o
 .debug_aranges
                0x0000000000000090       0x40 build/dcdc.o
 .debug_aranges
                0x00000000000000d0       0x40 build/encoder.o
 .debug_aranges
                0x0000000000000110       0x40 build/gauges.o
 .debug_aranges
                0x0000000000000150       0x20 build/lidar.o
 .debug_aranges
                0x0000000000000170       0xc8 build/main.o
 .debug_aranges
                0x0000000000000238       0x88 build/stm32f1xx_hal_msp.o
 .debug_aranges
                0x00000000000002c0       0x30 build/stm32f1xx_hal_timebase_tim.o
 .debug_aranges
                0x00000000000002f0       0x80 build/stm32f1xx_it.o
 .debug_aranges
                0x0000000000000370       0x28 build/system_stm32f1xx.o
 .debug_aranges
                0x0000000000000398       0x80 build/vcu.o
 .debug_aranges
                0x0000000000000418       0x30 build/water_pump.o
 .debug_aranges
                0x0000000000000448       0xe0 build/stm32f1xx_hal.o
 .debug_aranges
                0x0000000000000528       0xf0 build/stm32f1xx_hal_adc.o
 .debug_aranges
                0x0000000000000618      0x138 build/stm32f1xx_hal_can.o
 .debug_aranges
                0x0000000000000750       0x90 build/stm32f1xx_hal_cortex.o
 .debug_aranges
                0x00000000000007e0       0x80 build/stm32f1xx_hal_dma.o
 .debug_aranges
                0x0000000000000860       0x58 build/stm32f1xx_hal_gpio.o
 .debug_aranges
                0x00000000000008b8       0x28 build/stm32f1xx_hal_iwdg.o
 .debug_aranges
                0x00000000000008e0       0x90 build/stm32f1xx_hal_rcc.o
 .debug_aranges
                0x0000000000000970       0x50 build/stm32f1xx_hal_rcc_ex.o
 .debug_aranges
                0x00000000000009c0      0x3d0 build/stm32f1xx_hal_tim.o
 .debug_aranges
                0x0000000000000d90      0x168 build/stm32f1xx_hal_tim_ex.o
 .debug_aranges
                0x0000000000000ef8      0x1d0 build/stm32f1xx_hal_uart.o
 .debug_aranges
                0x00000000000010c8      0x228 build/cmsis_os2.o
 .debug_aranges
                0x00000000000012f0       0x40 build/list.o
 .debug_aranges
                0x0000000000001330       0x78 build/port.o
 .debug_aranges
                0x00000000000013a8       0x50 build/heap_4.o
 .debug_aranges
                0x00000000000013f8      0x158 build/queue.o
 .debug_aranges
                0x0000000000001550      0x1f8 build/tasks.o
 .debug_aranges
                0x0000000000001748       0xe0 build/timers.o
 .debug_aranges
                0x0000000000001828       0x28 build/startup_stm32f105xc.o
 .debug_aranges
                0x0000000000001850       0x20 /usr/lib/gcc/arm-none-eabi/9.2.1/../../../arm-none-eabi/lib/thumb/v7-m/nofp/libc_nano.a(lib_a-memcpy.o)
 .debug_aranges
                0x0000000000001870       0x20 /usr/lib/gcc/arm-none-eabi/9.2.1/../../../arm-none-eabi/lib/thumb/v7-m/nofp/libc_nano.a(lib_a-memset.o)
 .debug_aranges
                0x0000000000001890       0x20 /usr/lib/gcc/arm-none-eabi/9.2.1/thumb/v7-m/nofp/libgcc.a(_arm_addsubdf3.o)
 .debug_aranges
                0x00000000000018b0       0x20 /usr/lib/gcc/arm-none-eabi/9.2.1/thumb/v7-m/nofp/libgcc.a(_arm_muldivdf3.o)
 .debug_aranges
                0x00000000000018d0       0x20 /usr/lib/gcc/arm-none-eabi/9.2.1/thumb/v7-m/nofp/libgcc.a(_arm_fixunsdfsi.o)
 .debug_aranges
                0x00000000000018f0       0x20 /usr/lib/gcc/arm-none-eabi/9.2.1/thumb/v7-m/nofp/libgcc.a(_aeabi_uldivmod.o)
 .debug_aranges
                0x0000000000001910       0x20 /usr/lib/gcc/arm-none-eabi/9.2.1/thumb/v7-m/nofp/libgcc.a(_udivmoddi4.o)
 .debug_aranges
                0x0000000000001930       0x20 /usr/lib/gcc/arm-none-eabi/9.2.1/thumb/v7-m/nofp/libgcc.a(_dvmd_tls.o)

.debug_ranges   0x0000000000000000     0x1a28
 .debug_ranges  0x0000000000000000       0x18 build/btld_jump.o
 .debug_ranges  0x0000000000000018       0x88 build/can_setup.o
 .debug_ranges  0x00000000000000a0       0x30 build/dcdc.o
 .debug_ranges  0x00000000000000d0       0x30 build/encoder.o
 .debug_ranges  0x0000000000000100       0x30 build/gauges.o
 .debug_ranges  0x0000000000000130       0x10 build/lidar.o
 .debug_ranges  0x0000000000000140       0xb8 build/main.o
 .debug_ranges  0x00000000000001f8       0x78 build/stm32f1xx_hal_msp.o
 .debug_ranges  0x0000000000000270       0x20 build/stm32f1xx_hal_timebase_tim.o
 .debug_ranges  0x0000000000000290       0x70 build/stm32f1xx_it.o
 .debug_ranges  0x0000000000000300       0x18 build/system_stm32f1xx.o
 .debug_ranges  0x0000000000000318       0x88 build/vcu.o
 .debug_ranges  0x00000000000003a0       0x20 build/water_pump.o
 .debug_ranges  0x00000000000003c0       0xd0 build/stm32f1xx_hal.o
 .debug_ranges  0x0000000000000490       0xe0 build/stm32f1xx_hal_adc.o
 .debug_ranges  0x0000000000000570      0x128 build/stm32f1xx_hal_can.o
 .debug_ranges  0x0000000000000698       0xe0 build/stm32f1xx_hal_cortex.o
 .debug_ranges  0x0000000000000778       0x70 build/stm32f1xx_hal_dma.o
 .debug_ranges  0x00000000000007e8       0x48 build/stm32f1xx_hal_gpio.o
 .debug_ranges  0x0000000000000830       0x18 build/stm32f1xx_hal_iwdg.o
 .debug_ranges  0x0000000000000848       0xa0 build/stm32f1xx_hal_rcc.o
 .debug_ranges  0x00000000000008e8       0x58 build/stm32f1xx_hal_rcc_ex.o
 .debug_ranges  0x0000000000000940      0x3c0 build/stm32f1xx_hal_tim.o
 .debug_ranges  0x0000000000000d00      0x158 build/stm32f1xx_hal_tim_ex.o
 .debug_ranges  0x0000000000000e58      0x1c0 build/stm32f1xx_hal_uart.o
 .debug_ranges  0x0000000000001018      0x218 build/cmsis_os2.o
 .debug_ranges  0x0000000000001230       0x30 build/list.o
 .debug_ranges  0x0000000000001260       0x68 build/port.o
 .debug_ranges  0x00000000000012c8       0x40 build/heap_4.o
 .debug_ranges  0x0000000000001308      0x218 build/queue.o
 .debug_ranges  0x0000000000001520      0x328 build/tasks.o
 .debug_ranges  0x0000000000001848       0xd0 build/timers.o
 .debug_ranges  0x0000000000001918       0x20 build/startup_stm32f105xc.o
 .debug_ranges  0x0000000000001938       0xf0 /usr/lib/gcc/arm-none-eabi/9.2.1/thumb/v7-m/nofp/libgcc.a(_udivmoddi4.o)

.debug_line     0x0000000000000000    0x1b5a0
 .debug_line    0x0000000000000000      0x262 build/btld_jump.o
 .debug_line    0x0000000000000262      0x718 build/can_setup.o
 .debug_line    0x000000000000097a      0x31f build/dcdc.o
 .debug_line    0x0000000000000c99      0x40f build/encoder.o
 .debug_line    0x00000000000010a8      0x3cc build/gauges.o
 .debug_line    0x0000000000001474      0x18a build/lidar.o
 .debug_line    0x00000000000015fe      0xf16 build/main.o
 .debug_line    0x0000000000002514      0x8ff build/stm32f1xx_hal_msp.o
 .debug_line    0x0000000000002e13      0x248 build/stm32f1xx_hal_timebase_tim.o
 .debug_line    0x000000000000305b      0x2fc build/stm32f1xx_it.o
 .debug_line    0x0000000000003357      0x23b build/system_stm32f1xx.o
 .debug_line    0x0000000000003592      0xa63 build/vcu.o
 .debug_line    0x0000000000003ff5      0x3a0 build/water_pump.o
 .debug_line    0x0000000000004395      0x48a build/stm32f1xx_hal.o
 .debug_line    0x000000000000481f      0xe36 build/stm32f1xx_hal_adc.o
 .debug_line    0x0000000000005655     0x1088 build/stm32f1xx_hal_can.o
 .debug_line    0x00000000000066dd      0x5de build/stm32f1xx_hal_cortex.o
 .debug_line    0x0000000000006cbb      0xc95 build/stm32f1xx_hal_dma.o
 .debug_line    0x0000000000007950      0x58a build/stm32f1xx_hal_gpio.o
 .debug_line    0x0000000000007eda      0x1ff build/stm32f1xx_hal_iwdg.o
 .debug_line    0x00000000000080d9      0xd5a build/stm32f1xx_hal_rcc.o
 .debug_line    0x0000000000008e33      0x836 build/stm32f1xx_hal_rcc_ex.o
 .debug_line    0x0000000000009669     0x466a build/stm32f1xx_hal_tim.o
 .debug_line    0x000000000000dcd3     0x1c3e build/stm32f1xx_hal_tim_ex.o
 .debug_line    0x000000000000f911     0x1b4a build/stm32f1xx_hal_uart.o
 .debug_line    0x000000000001145b     0x2c99 build/cmsis_os2.o
 .debug_line    0x00000000000140f4      0x350 build/list.o
 .debug_line    0x0000000000014444      0x57a build/port.o
 .debug_line    0x00000000000149be      0x5ce build/heap_4.o
 .debug_line    0x0000000000014f8c     0x1f89 build/queue.o
 .debug_line    0x0000000000016f15     0x2b17 build/tasks.o
 .debug_line    0x0000000000019a2c      0xd5f build/timers.o
 .debug_line    0x000000000001a78b       0x73 build/startup_stm32f105xc.o
 .debug_line    0x000000000001a7fe       0xc1 /usr/lib/gcc/arm-none-eabi/9.2.1/../../../arm-none-eabi/lib/thumb/v7-m/nofp/libc_nano.a(lib_a-memcpy.o)
 .debug_line    0x000000000001a8bf      0x26b /usr/lib/gcc/arm-none-eabi/9.2.1/../../../arm-none-eabi/lib/thumb/v7-m/nofp/libc_nano.a(lib_a-memset.o)
 .debug_line    0x000000000001ab2a      0x186 /usr/lib/gcc/arm-none-eabi/9.2.1/thumb/v7-m/nofp/libgcc.a(_arm_addsubdf3.o)
 .debug_line    0x000000000001acb0      0x19b /usr/lib/gcc/arm-none-eabi/9.2.1/thumb/v7-m/nofp/libgcc.a(_arm_muldivdf3.o)
 .debug_line    0x000000000001ae4b       0x75 /usr/lib/gcc/arm-none-eabi/9.2.1/thumb/v7-m/nofp/libgcc.a(_arm_fixunsdfsi.o)
 .debug_line    0x000000000001aec0       0x60 /usr/lib/gcc/arm-none-eabi/9.2.1/thumb/v7-m/nofp/libgcc.a(_aeabi_uldivmod.o)
 .debug_line    0x000000000001af20      0x620 /usr/lib/gcc/arm-none-eabi/9.2.1/thumb/v7-m/nofp/libgcc.a(_udivmoddi4.o)
 .debug_line    0x000000000001b540       0x60 /usr/lib/gcc/arm-none-eabi/9.2.1/thumb/v7-m/nofp/libgcc.a(_dvmd_tls.o)

.debug_str      0x0000000000000000     0x97b1
 .debug_str     0x0000000000000000      0xc2d build/btld_jump.o
                                        0xd4c (size before relaxing)
 .debug_str     0x0000000000000c2d      0x58b build/can_setup.o
                                       0x124c (size before relaxing)
 .debug_str     0x00000000000011b8       0x9a build/dcdc.o
                                        0xd56 (size before relaxing)
 .debug_str     0x0000000000001252       0x6f build/encoder.o
                                        0xd7c (size before relaxing)
 .debug_str     0x00000000000012c1       0xb6 build/gauges.o
                                        0x6e7 (size before relaxing)
 .debug_str     0x0000000000001377       0x11 build/lidar.o
                                        0x2c2 (size before relaxing)
 .debug_str     0x0000000000001388     0x14dc build/main.o
                                       0x2714 (size before relaxing)
 .debug_str     0x0000000000002864      0x1b2 build/stm32f1xx_hal_msp.o
                                       0x12cb (size before relaxing)
 .debug_str     0x0000000000002a16       0xe9 build/stm32f1xx_hal_timebase_tim.o
                                        0xc85 (size before relaxing)
 .debug_str     0x0000000000002aff      0x152 build/stm32f1xx_it.o
                                        0xaee (size before relaxing)
 .debug_str     0x0000000000002c51       0x82 build/system_stm32f1xx.o
                                        0x304 (size before relaxing)
 .debug_str     0x0000000000002cd3      0x19c build/vcu.o
                                        0xfb9 (size before relaxing)
 .debug_str     0x0000000000002e6f       0x2a build/water_pump.o
                                        0xd38 (size before relaxing)
 .debug_str     0x0000000000002e99      0x201 build/stm32f1xx_hal.o
                                        0x928 (size before relaxing)
 .debug_str     0x000000000000309a      0x31e build/stm32f1xx_hal_adc.o
                                        0x964 (size before relaxing)
 .debug_str     0x00000000000033b8      0x382 build/stm32f1xx_hal_can.o
                                        0xadf (size before relaxing)
 .debug_str     0x000000000000373a      0x360 build/stm32f1xx_hal_cortex.o
                                        0xa36 (size before relaxing)
 .debug_str     0x0000000000003a9a      0x1d1 build/stm32f1xx_hal_dma.o
                                        0x6b0 (size before relaxing)
 .debug_str     0x0000000000003c6b       0xee build/stm32f1xx_hal_gpio.o
                                        0x4b6 (size before relaxing)
 .debug_str     0x0000000000003d59       0x36 build/stm32f1xx_hal_iwdg.o
                                        0x32e (size before relaxing)
 .debug_str     0x0000000000003d8f      0x1ad build/stm32f1xx_hal_rcc.o
                                        0x6fa (size before relaxing)
 .debug_str     0x0000000000003f3c      0x101 build/stm32f1xx_hal_rcc_ex.o
                                        0x5ad (size before relaxing)
 .debug_str     0x000000000000403d      0xcd1 build/stm32f1xx_hal_tim.o
                                       0x16e0 (size before relaxing)
 .debug_str     0x0000000000004d0e      0x498 build/stm32f1xx_hal_tim_ex.o
                                        0xf0a (size before relaxing)
 .debug_str     0x00000000000051a6      0x4ff build/stm32f1xx_hal_uart.o
                                        0xc38 (size before relaxing)
 .debug_str     0x00000000000056a5     0x11d5 build/cmsis_os2.o
                                       0x1c94 (size before relaxing)
 .debug_str     0x000000000000687a      0x140 build/list.o
                                        0x6d7 (size before relaxing)
 .debug_str     0x00000000000069ba      0x23d build/port.o
                                        0x440 (size before relaxing)
 .debug_str     0x0000000000006bf7      0x1de build/heap_4.o
                                        0x7b6 (size before relaxing)
 .debug_str     0x0000000000006dd5      0x5cf build/queue.o
                                       0x1042 (size before relaxing)
 .debug_str     0x00000000000073a4      0x88b build/tasks.o
                                       0x163c (size before relaxing)
 .debug_str     0x0000000000007c2f      0x4d2 build/timers.o
                                        0xfbe (size before relaxing)
 .debug_str     0x0000000000008101       0x22 build/startup_stm32f105xc.o
                                         0x3f (size before relaxing)
 .debug_str     0x0000000000008123       0xa6 /usr/lib/gcc/arm-none-eabi/9.2.1/../../../arm-none-eabi/lib/thumb/v7-m/nofp/libc_nano.a(lib_a-memcpy.o)
                                         0xb2 (size before relaxing)
 .debug_str     0x00000000000081c9      0x417 /usr/lib/gcc/arm-none-eabi/9.2.1/../../../arm-none-eabi/lib/thumb/v7-m/nofp/libc_nano.a(lib_a-memset.o)
                                        0x907 (size before relaxing)
 .debug_str     0x00000000000085e0       0x98 /usr/lib/gcc/arm-none-eabi/9.2.1/thumb/v7-m/nofp/libgcc.a(_arm_addsubdf3.o)
                                         0xa4 (size before relaxing)
 .debug_str     0x0000000000008678       0xa4 /usr/lib/gcc/arm-none-eabi/9.2.1/thumb/v7-m/nofp/libgcc.a(_arm_muldivdf3.o)
 .debug_str     0x0000000000008678       0xa4 /usr/lib/gcc/arm-none-eabi/9.2.1/thumb/v7-m/nofp/libgcc.a(_arm_fixunsdfsi.o)
 .debug_str     0x0000000000008678       0x2c /usr/lib/gcc/arm-none-eabi/9.2.1/thumb/v7-m/nofp/libgcc.a(_aeabi_uldivmod.o)
                                         0x9f (size before relaxing)
 .debug_str     0x00000000000086a4     0x10dd /usr/lib/gcc/arm-none-eabi/9.2.1/thumb/v7-m/nofp/libgcc.a(_udivmoddi4.o)
                                       0x11de (size before relaxing)
 .debug_str     0x0000000000009781       0x30 /usr/lib/gcc/arm-none-eabi/9.2.1/thumb/v7-m/nofp/libgcc.a(_dvmd_tls.o)
                                         0xa3 (size before relaxing)

.debug_frame    0x0000000000000000     0x44b8
 .debug_frame   0x0000000000000000       0x40 build/btld_jump.o
 .debug_frame   0x0000000000000040      0x118 build/can_setup.o
 .debug_frame   0x0000000000000158       0x80 build/dcdc.o
 .debug_frame   0x00000000000001d8       0x7c build/encoder.o
 .debug_frame   0x0000000000000254       0x88 build/gauges.o
 .debug_frame   0x00000000000002dc       0x20 build/lidar.o
 .debug_frame   0x00000000000002fc      0x274 build/main.o
 .debug_frame   0x0000000000000570      0x184 build/stm32f1xx_hal_msp.o
 .debug_frame   0x00000000000006f4       0x50 build/stm32f1xx_hal_timebase_tim.o
 .debug_frame   0x0000000000000744      0x118 build/stm32f1xx_it.o
 .debug_frame   0x000000000000085c       0x3c build/system_stm32f1xx.o
 .debug_frame   0x0000000000000898      0x140 build/vcu.o
 .debug_frame   0x00000000000009d8       0x50 build/water_pump.o
 .debug_frame   0x0000000000000a28      0x1cc build/stm32f1xx_hal.o
 .debug_frame   0x0000000000000bf4      0x2c4 build/stm32f1xx_hal_adc.o
 .debug_frame   0x0000000000000eb8      0x2dc build/stm32f1xx_hal_can.o
 .debug_frame   0x0000000000001194      0x12c build/stm32f1xx_hal_cortex.o
 .debug_frame   0x00000000000012c0      0x144 build/stm32f1xx_hal_dma.o
 .debug_frame   0x0000000000001404       0xe8 build/stm32f1xx_hal_gpio.o
 .debug_frame   0x00000000000014ec       0x44 build/stm32f1xx_hal_iwdg.o